Archive member included to satisfy reference by file (symbol)

c:/ac6/systemworkbench/plugins/fr.ac6.mcu.externaltools.arm-none.win32_1.13.2.201703061525/tools/compiler/bin/../lib/gcc/arm-none-eabi/5.4.1/armv7-m\libgcc.a(_lshrdi3.o)
                              Drivers/STM32F1xx_HAL_Driver/Src/stm32f1xx_hal_flash.o (__aeabi_llsr)
c:/ac6/systemworkbench/plugins/fr.ac6.mcu.externaltools.arm-none.win32_1.13.2.201703061525/tools/compiler/bin/../lib/gcc/arm-none-eabi/5.4.1/armv7-m\libgcc.a(_arm_addsubdf3.o)
                              Src/main.o (__aeabi_f2d)
c:/ac6/systemworkbench/plugins/fr.ac6.mcu.externaltools.arm-none.win32_1.13.2.201703061525/tools/compiler/bin/../lib/gcc/arm-none-eabi/5.4.1/armv7-m\libgcc.a(_arm_addsubsf3.o)
                              Src/main.o (__aeabi_fsub)
c:/ac6/systemworkbench/plugins/fr.ac6.mcu.externaltools.arm-none.win32_1.13.2.201703061525/tools/compiler/bin/../lib/gcc/arm-none-eabi/5.4.1/armv7-m\libgcc.a(_arm_muldivsf3.o)
                              Src/main.o (__aeabi_fmul)
c:/ac6/systemworkbench/plugins/fr.ac6.mcu.externaltools.arm-none.win32_1.13.2.201703061525/tools/compiler/bin/../lib/gcc/arm-none-eabi/5.4.1/../../../../arm-none-eabi/lib/armv7-m\libc_nano.a(lib_a-exit.o)
                              c:/ac6/systemworkbench/plugins/fr.ac6.mcu.externaltools.arm-none.win32_1.13.2.201703061525/tools/compiler/bin/../lib/gcc/arm-none-eabi/5.4.1/../../../../arm-none-eabi/lib/armv7-m/crt0.o (exit)
c:/ac6/systemworkbench/plugins/fr.ac6.mcu.externaltools.arm-none.win32_1.13.2.201703061525/tools/compiler/bin/../lib/gcc/arm-none-eabi/5.4.1/../../../../arm-none-eabi/lib/armv7-m\libc_nano.a(lib_a-impure.o)
                              c:/ac6/systemworkbench/plugins/fr.ac6.mcu.externaltools.arm-none.win32_1.13.2.201703061525/tools/compiler/bin/../lib/gcc/arm-none-eabi/5.4.1/../../../../arm-none-eabi/lib/armv7-m\libc_nano.a(lib_a-exit.o) (_global_impure_ptr)
c:/ac6/systemworkbench/plugins/fr.ac6.mcu.externaltools.arm-none.win32_1.13.2.201703061525/tools/compiler/bin/../lib/gcc/arm-none-eabi/5.4.1/../../../../arm-none-eabi/lib/armv7-m\libc_nano.a(lib_a-init.o)
                              c:/ac6/systemworkbench/plugins/fr.ac6.mcu.externaltools.arm-none.win32_1.13.2.201703061525/tools/compiler/bin/../lib/gcc/arm-none-eabi/5.4.1/../../../../arm-none-eabi/lib/armv7-m/crt0.o (__libc_init_array)
c:/ac6/systemworkbench/plugins/fr.ac6.mcu.externaltools.arm-none.win32_1.13.2.201703061525/tools/compiler/bin/../lib/gcc/arm-none-eabi/5.4.1/../../../../arm-none-eabi/lib/armv7-m\libc_nano.a(lib_a-memset.o)
                              c:/ac6/systemworkbench/plugins/fr.ac6.mcu.externaltools.arm-none.win32_1.13.2.201703061525/tools/compiler/bin/../lib/gcc/arm-none-eabi/5.4.1/../../../../arm-none-eabi/lib/armv7-m/crt0.o (memset)
c:/ac6/systemworkbench/plugins/fr.ac6.mcu.externaltools.arm-none.win32_1.13.2.201703061525/tools/compiler/bin/../lib/gcc/arm-none-eabi/5.4.1/../../../../arm-none-eabi/lib/armv7-m\libc_nano.a(lib_a-nano-vfprintf_float.o)
                              (_printf_float)
c:/ac6/systemworkbench/plugins/fr.ac6.mcu.externaltools.arm-none.win32_1.13.2.201703061525/tools/compiler/bin/../lib/gcc/arm-none-eabi/5.4.1/../../../../arm-none-eabi/lib/armv7-m\libc_nano.a(lib_a-nano-vfprintf_i.o)
                              c:/ac6/systemworkbench/plugins/fr.ac6.mcu.externaltools.arm-none.win32_1.13.2.201703061525/tools/compiler/bin/../lib/gcc/arm-none-eabi/5.4.1/../../../../arm-none-eabi/lib/armv7-m\libc_nano.a(lib_a-nano-vfprintf_float.o) (_printf_common)
c:/ac6/systemworkbench/plugins/fr.ac6.mcu.externaltools.arm-none.win32_1.13.2.201703061525/tools/compiler/bin/../lib/gcc/arm-none-eabi/5.4.1/../../../../arm-none-eabi/lib/armv7-m\libc_nano.a(lib_a-sprintf.o)
                              Src/main.o (sprintf)
c:/ac6/systemworkbench/plugins/fr.ac6.mcu.externaltools.arm-none.win32_1.13.2.201703061525/tools/compiler/bin/../lib/gcc/arm-none-eabi/5.4.1/../../../../arm-none-eabi/lib/armv7-m\libc_nano.a(lib_a-strlen.o)
                              c:/ac6/systemworkbench/plugins/fr.ac6.mcu.externaltools.arm-none.win32_1.13.2.201703061525/tools/compiler/bin/../lib/gcc/arm-none-eabi/5.4.1/../../../../arm-none-eabi/lib/armv7-m\libc_nano.a(lib_a-nano-vfprintf_float.o) (strlen)
c:/ac6/systemworkbench/plugins/fr.ac6.mcu.externaltools.arm-none.win32_1.13.2.201703061525/tools/compiler/bin/../lib/gcc/arm-none-eabi/5.4.1/../../../../arm-none-eabi/lib/armv7-m\libc_nano.a(lib_a-dtoa.o)
                              c:/ac6/systemworkbench/plugins/fr.ac6.mcu.externaltools.arm-none.win32_1.13.2.201703061525/tools/compiler/bin/../lib/gcc/arm-none-eabi/5.4.1/../../../../arm-none-eabi/lib/armv7-m\libc_nano.a(lib_a-nano-vfprintf_float.o) (_dtoa_r)
c:/ac6/systemworkbench/plugins/fr.ac6.mcu.externaltools.arm-none.win32_1.13.2.201703061525/tools/compiler/bin/../lib/gcc/arm-none-eabi/5.4.1/../../../../arm-none-eabi/lib/armv7-m\libc_nano.a(lib_a-localeconv.o)
[...]
Memory Configuration

Name             Origin             Length             Attributes
RAM              0x20000000         0x00005000         xrw
FLASH            0x08000000         0x00010000         xr
*default*        0x00000000         0xffffffff

Linker script and memory map

LOAD c:/ac6/systemworkbench/plugins/fr.ac6.mcu.externaltools.arm-none.win32_1.13.2.201703061525/tools/compiler/bin/../lib/gcc/arm-none-eabi/5.4.1/armv7-m/crti.o
LOAD c:/ac6/systemworkbench/plugins/fr.ac6.mcu.externaltools.arm-none.win32_1.13.2.201703061525/tools/compiler/bin/../lib/gcc/arm-none-eabi/5.4.1/armv7-m/crtbegin.o
LOAD c:/ac6/systemworkbench/plugins/fr.ac6.mcu.externaltools.arm-none.win32_1.13.2.201703061525/tools/compiler/bin/../lib/gcc/arm-none-eabi/5.4.1/../../../../arm-none-eabi/lib/armv7-m/crt0.o
LOAD c:/ac6/systemworkbench/plugins/fr.ac6.mcu.externaltools.arm-none.win32_1.13.2.201703061525/tools/compiler/bin/../lib/gcc/arm-none-eabi/5.4.1/../../../../arm-none-eabi/lib/armv7-m\libm.a
LOAD Drivers/STM32F1xx_HAL_Driver/Src/stm32f1xx_hal.o
LOAD Drivers/STM32F1xx_HAL_Driver/Src/stm32f1xx_hal_adc.o
LOAD Drivers/STM32F1xx_HAL_Driver/Src/stm32f1xx_hal_adc_ex.o
LOAD Drivers/STM32F1xx_HAL_Driver/Src/stm32f1xx_hal_cortex.o
LOAD Drivers/STM32F1xx_HAL_Driver/Src/stm32f1xx_hal_crc.o
LOAD Drivers/STM32F1xx_HAL_Driver/Src/stm32f1xx_hal_dma.o
LOAD Drivers/STM32F1xx_HAL_Driver/Src/stm32f1xx_hal_flash.o
LOAD Drivers/STM32F1xx_HAL_Driver/Src/stm32f1xx_hal_flash_ex.o
LOAD Drivers/STM32F1xx_HAL_Driver/Src/stm32f1xx_hal_gpio.o
LOAD Drivers/STM32F1xx_HAL_Driver/Src/stm32f1xx_hal_gpio_ex.o
LOAD Drivers/STM32F1xx_HAL_Driver/Src/stm32f1xx_hal_i2c.o
LOAD Drivers/STM32F1xx_HAL_Driver/Src/stm32f1xx_hal_iwdg.o
LOAD Drivers/STM32F1xx_HAL_Driver/Src/stm32f1xx_hal_pcd.o
LOAD Drivers/STM32F1xx_HAL_Driver/Src/stm32f1xx_hal_pcd_ex.o
LOAD Drivers/STM32F1xx_HAL_Driver/Src/stm32f1xx_hal_pwr.o
LOAD Drivers/STM32F1xx_HAL_Driver/Src/stm32f1xx_hal_rcc.o
LOAD Drivers/STM32F1xx_HAL_Driver/Src/stm32f1xx_hal_rcc_ex.o
LOAD Drivers/STM32F1xx_HAL_Driver/Src/stm32f1xx_hal_rtc.o
LOAD Drivers/STM32F1xx_HAL_Driver/Src/stm32f1xx_hal_rtc_ex.o
LOAD Drivers/STM32F1xx_HAL_Driver/Src/stm32f1xx_hal_spi.o
LOAD Drivers/STM32F1xx_HAL_Driver/Src/stm32f1xx_hal_spi_ex.o
LOAD Drivers/STM32F1xx_HAL_Driver/Src/stm32f1xx_ll_usb.o
LOAD Middlewares/ST/STM32_USB_Device_Library/Class/CDC/Src/usbd_cdc.o
LOAD Middlewares/ST/STM32_USB_Device_Library/Core/Src/usbd_core.o
LOAD Middlewares/ST/STM32_USB_Device_Library/Core/Src/usbd_ctlreq.o
LOAD Middlewares/ST/STM32_USB_Device_Library/Core/Src/usbd_ioreq.o
LOAD Src/Adafruit_GFX.o
LOAD Src/adc.o
LOAD Src/adf7030.o
LOAD Src/crc.o
LOAD Src/glcdfont.o
LOAD Src/gpio.o
LOAD Src/i2c.o
LOAD Src/iwdg.o
LOAD Src/main.o
LOAD Src/oled.o
LOAD Src/rtc.o
LOAD Src/spi.o
LOAD Src/ssd1306.o
LOAD Src/stm32f1xx_hal_msp.o
LOAD Src/stm32f1xx_it.o
LOAD Src/system_stm32f1xx.o
LOAD Src/test.o
LOAD Src/usb_device.o
LOAD Src/usbd_cdc_if.o
LOAD Src/usbd_conf.o
LOAD Src/usbd_desc.o
LOAD startup/startup_stm32f103xb.o
START GROUP
LOAD c:/ac6/systemworkbench/plugins/fr.ac6.mcu.externaltools.arm-none.win32_1.13.2.201703061525/tools/compiler/bin/../lib/gcc/arm-none-eabi/5.4.1/armv7-m\libgcc.a
LOAD c:/ac6/systemworkbench/plugins/fr.ac6.mcu.externaltools.arm-none.win32_1.13.2.201703061525/tools/compiler/bin/../lib/gcc/arm-none-eabi/5.4.1/../../../../arm-none-eabi/lib/armv7-m\libc_nano.a
END GROUP
START GROUP
LOAD c:/ac6/systemworkbench/plugins/fr.ac6.mcu.externaltools.arm-none.win32_1.13.2.201703061525/tools/compiler/bin/../lib/gcc/arm-none-eabi/5.4.1/armv7-m\libgcc.a
LOAD c:/ac6/systemworkbench/plugins/fr.ac6.mcu.externaltools.arm-none.win32_1.13.2.201703061525/tools/compiler/bin/../lib/gcc/arm-none-eabi/5.4.1/../../../../arm-none-eabi/lib/armv7-m\libc_nano.a
LOAD c:/ac6/systemworkbench/plugins/fr.ac6.mcu.externaltools.arm-none.win32_1.13.2.201703061525/tools/compiler/bin/../lib/gcc/arm-none-eabi/5.4.1/../../../../arm-none-eabi/lib/armv7-m\libnosys.a
END GROUP
START GROUP
LOAD c:/ac6/systemworkbench/plugins/fr.ac6.mcu.externaltools.arm-none.win32_1.13.2.201703061525/tools/compiler/bin/../lib/gcc/arm-none-eabi/5.4.1/armv7-m\libgcc.a
LOAD c:/ac6/systemworkbench/plugins/fr.ac6.mcu.externaltools.arm-none.win32_1.13.2.201703061525/tools/compiler/bin/../lib/gcc/arm-none-eabi/5.4.1/../../../../arm-none-eabi/lib/armv7-m\libc_nano.a
LOAD c:/ac6/systemworkbench/plugins/fr.ac6.mcu.externaltools.arm-none.win32_1.13.2.201703061525/tools/compiler/bin/../lib/gcc/arm-none-eabi/5.4.1/../../../../arm-none-eabi/lib/armv7-m\libnosys.a
END GROUP
LOAD c:/ac6/systemworkbench/plugins/fr.ac6.mcu.externaltools.arm-none.win32_1.13.2.201703061525/tools/compiler/bin/../lib/gcc/arm-none-eabi/5.4.1/armv7-m/crtend.o
LOAD c:/ac6/systemworkbench/plugins/fr.ac6.mcu.externaltools.arm-none.win32_1.13.2.201703061525/tools/compiler/bin/../lib/gcc/arm-none-eabi/5.4.1/armv7-m/crtn.o
                0x20005000                _estack = 0x20005000
                0x00000200                _Min_Heap_Size = 0x200
                0x00000400                _Min_Stack_Size = 0x400

.isr_vector     0x08000000      0x10c
                0x08000000                . = ALIGN (0x4)
 *(.isr_vector)
 .isr_vector    0x08000000      0x10c startup/startup_stm32f103xb.o
                0x08000000                g_pfnVectors
                0x0800010c                . = ALIGN (0x4)

.text           0x08000110     0x7850
                0x08000110                . = ALIGN (0x4)
 *(.text)
 .text          0x08000110       0x5c c:/ac6/systemworkbench/plugins/fr.ac6.mcu.externaltools.arm-none.win32_1.13.2.201703061525/tools/compiler/bin/../lib/gcc/arm-none-eabi/5.4.1/armv7-m/crtbegin.o
 .text          0x0800016c      0x370 c:/ac6/systemworkbench/plugins/fr.ac6.mcu.externaltools.arm-none.win32_1.13.2.201703061525/tools/compiler/bin/../lib/gcc/arm-none-eabi/5.4.1/armv7-m\libgcc.a(_arm_addsubdf3.o)
                0x0800016c                __aeabi_drsub
                0x08000174                __aeabi_dsub
                0x08000174                __subdf3
                0x08000178                __aeabi_dadd
                0x08000178                __adddf3
                0x080003f0                __floatunsidf
                0x080003f0                __aeabi_ui2d
                0x08000410                __floatsidf
                0x08000410                __aeabi_i2d
                0x08000434                __aeabi_f2d
                0x08000434                __extendsfdf2
                0x08000470                __floatundidf
                0x08000470                __aeabi_ul2d
                0x08000480                __floatdidf
                0x08000480                __aeabi_l2d
 .text          0x080004dc      0x21c c:/ac6/systemworkbench/plugins/fr.ac6.mcu.externaltools.arm-none.win32_1.13.2.201703061525/tools/compiler/bin/../lib/gcc/arm-none-eabi/5.4.1/armv7-m\libgcc.a(_arm_addsubsf3.o)
                0x080004dc                __aeabi_frsub
                0x080004e4                __subsf3
                0x080004e4                __aeabi_fsub
                0x080004e8                __aeabi_fadd
                0x080004e8                __addsf3
                0x08000648                __aeabi_ui2f
                0x08000648                __floatunsisf
                0x08000650                __aeabi_i2f
                0x08000650                __floatsisf
                0x0800066c                __aeabi_ul2f
                0x0800066c                __floatundisf
                0x0800067c                __aeabi_l2f
                0x0800067c                __floatdisf
 .text          0x080006f8      0x2a0 c:/ac6/systemworkbench/plugins/fr.ac6.mcu.externaltools.arm-none.win32_1.13.2.201703061525/tools/compiler/bin/../lib/gcc/arm-none-eabi/5.4.1/armv7-m\libgcc.a(_arm_muldivsf3.o)
                0x080006f8                __mulsf3
                0x080006f8                __aeabi_fmul
                0x08000860                __aeabi_fdiv
                0x08000860                __divsf3
 .text          0x08000998       0x10 c:/ac6/systemworkbench/plugins/fr.ac6.mcu.externaltools.arm-none.win32_1.13.2.201703061525/tools/compiler/bin/../lib/gcc/arm-none-eabi/5.4.1/../../../../arm-none-eabi/lib/armv7-m\libc_nano.a(lib_a-strlen.o)
                0x08000998                strlen
 .text          0x080009a8      0x424 c:/ac6/systemworkbench/plugins/fr.ac6.mcu.externaltools.arm-none.win32_1.13.2.201703061525/tools/compiler/bin/../lib/gcc/arm-none-eabi/5.4.1/armv7-m\libgcc.a(_arm_muldivdf3.o)
                0x080009a8                __aeabi_dmul
                0x080009a8                __muldf3
                0x08000bfc                __divdf3
                0x08000bfc                __aeabi_ddiv
 .text          0x08000dcc      0x110 c:/ac6/systemworkbench/plugins/fr.ac6.mcu.externaltools.arm-none.win32_1.13.2.201703061525/tools/compiler/bin/../lib/gcc/arm-none-eabi/5.4.1/armv7-m\libgcc.a(_arm_cmpdf2.o)
                0x08000dcc                __gtdf2
                0x08000dcc                __gedf2
                0x08000dd4                __ltdf2
                0x08000dd4                __ledf2
                0x08000ddc                __nedf2
                0x08000ddc                __eqdf2
                0x08000ddc                __cmpdf2
                0x08000e58                __aeabi_cdrcmple
                0x08000e68                __aeabi_cdcmpeq
                0x08000e68                __aeabi_cdcmple
                0x08000e78                __aeabi_dcmpeq
                0x08000e8c                __aeabi_dcmplt
                0x08000ea0                __aeabi_dcmple
                0x08000eb4                __aeabi_dcmpge
                0x08000ec8                __aeabi_dcmpgt
 .text          0x08000edc       0x2c c:/ac6/systemworkbench/plugins/fr.ac6.mcu.externaltools.arm-none.win32_1.13.2.201703061525/tools/compiler/bin/../lib/gcc/arm-none-eabi/5.4.1/armv7-m\libgcc.a(_arm_unorddf2.o)
                0x08000edc                __unorddf2
                0x08000edc                __aeabi_dcmpun
 .text          0x08000f08       0x50 c:/ac6/systemworkbench/plugins/fr.ac6.mcu.externaltools.arm-none.win32_1.13.2.201703061525/tools/compiler/bin/../lib/gcc/arm-none-eabi/5.4.1/armv7-m\libgcc.a(_arm_fixdfsi.o)
                0x08000f08                __aeabi_d2iz
                0x08000f08                __fixdfsi
 *(.text*)
 .text.HAL_InitTick
                0x08000f58       0x24 Drivers/STM32F1xx_HAL_Driver/Src/stm32f1xx_hal.o
                0x08000f58                HAL_InitTick
 .text.HAL_Init
                0x08000f7c       0x24 Drivers/STM32F1xx_HAL_Driver/Src/stm32f1xx_hal.o
                0x08000f7c                HAL_Init
 .text.HAL_IncTick
                0x08000fa0       0x10 Drivers/STM32F1xx_HAL_Driver/Src/stm32f1xx_hal.o
                0x08000fa0                HAL_IncTick
 .text.HAL_GetTick
                0x08000fb0        0xc Drivers/STM32F1xx_HAL_Driver/Src/stm32f1xx_hal.o
                0x08000fb0                HAL_GetTick
 .text.HAL_Delay
                0x08000fbc       0x1a Drivers/STM32F1xx_HAL_Driver/Src/stm32f1xx_hal.o
                0x08000fbc                HAL_Delay
 *fill*         0x08000fd6        0x2 
 .text.HAL_ADC_PollForConversion
                0x08000fd8      0x14c Drivers/STM32F1xx_HAL_Driver/Src/stm32f1xx_hal_adc.o
                0x08000fd8                HAL_ADC_PollForConversion
 .text.HAL_ADC_GetValue
                0x08001124        0x6 Drivers/STM32F1xx_HAL_Driver/Src/stm32f1xx_hal_adc.o
                0x08001124                HAL_ADC_GetValue
 *fill*         0x0800112a        0x2 
 .text.HAL_ADC_ConfigChannel
                0x0800112c      0x180 Drivers/STM32F1xx_HAL_Driver/Src/stm32f1xx_hal_adc.o
                0x0800112c                HAL_ADC_ConfigChannel
 .text.ADC_Enable
                0x080012ac       0x70 Drivers/STM32F1xx_HAL_Driver/Src/stm32f1xx_hal_adc.o
                0x080012ac                ADC_Enable
 .text.HAL_ADC_Start
                0x0800131c       0xc4 Drivers/STM32F1xx_HAL_Driver/Src/stm32f1xx_hal_adc.o
                0x0800131c                HAL_ADC_Start
 .text.ADC_ConversionStop_Disable
                0x080013e0       0x44 Drivers/STM32F1xx_HAL_Driver/Src/stm32f1xx_hal_adc.o
                0x080013e0                ADC_ConversionStop_Disable
 .text.HAL_ADC_Init
                0x08001424      0x128 Drivers/STM32F1xx_HAL_Driver/Src/stm32f1xx_hal_adc.o
                0x08001424                HAL_ADC_Init
 .text.HAL_NVIC_SetPriorityGrouping
                0x0800154c       0x24 Drivers/STM32F1xx_HAL_Driver/Src/stm32f1xx_hal_cortex.o
                0x0800154c                HAL_NVIC_SetPriorityGrouping
 .text.HAL_NVIC_SetPriority
                0x08001570       0x68 Drivers/STM32F1xx_HAL_Driver/Src/stm32f1xx_hal_cortex.o
                0x08001570                HAL_NVIC_SetPriority
 .text.HAL_NVIC_EnableIRQ
                0x080015d8       0x18 Drivers/STM32F1xx_HAL_Driver/Src/stm32f1xx_hal_cortex.o
                0x080015d8                HAL_NVIC_EnableIRQ
 .text.HAL_SYSTICK_Config
                0x080015f0       0x2c Drivers/STM32F1xx_HAL_Driver/Src/stm32f1xx_hal_cortex.o
                0x080015f0                HAL_SYSTICK_Config
 .text.HAL_SYSTICK_CLKSourceConfig
                0x0800161c       0x18 Drivers/STM32F1xx_HAL_Driver/Src/stm32f1xx_hal_cortex.o
                0x0800161c                HAL_SYSTICK_CLKSourceConfig
 .text.HAL_SYSTICK_Callback
                0x08001634        0x2 Drivers/STM32F1xx_HAL_Driver/Src/stm32f1xx_hal_cortex.o
                0x08001634                HAL_SYSTICK_Callback
 .text.HAL_SYSTICK_IRQHandler
                0x08001636        0x8 Drivers/STM32F1xx_HAL_Driver/Src/stm32f1xx_hal_cortex.o
                0x08001636                HAL_SYSTICK_IRQHandler
 .text.HAL_CRC_Init
                0x0800163e       0x20 Drivers/STM32F1xx_HAL_Driver/Src/stm32f1xx_hal_crc.o
                0x0800163e                HAL_CRC_Init
 *fill*         0x0800165e        0x2 
 .text.HAL_GPIO_Init
                0x08001660      0x1b0 Drivers/STM32F1xx_HAL_Driver/Src/stm32f1xx_hal_gpio.o
                0x08001660                HAL_GPIO_Init
 .text.HAL_GPIO_ReadPin
                0x08001810        0xc Drivers/STM32F1xx_HAL_Driver/Src/stm32f1xx_hal_gpio.o
                0x08001810                HAL_GPIO_ReadPin
 .text.HAL_GPIO_WritePin
                0x0800181c        0x8 Drivers/STM32F1xx_HAL_Driver/Src/stm32f1xx_hal_gpio.o
                0x0800181c                HAL_GPIO_WritePin
 .text.HAL_GPIO_TogglePin
                0x08001824        0x8 Drivers/STM32F1xx_HAL_Driver/Src/stm32f1xx_hal_gpio.o
                0x08001824                HAL_GPIO_TogglePin
 .text.I2C_IsAcknowledgeFailed
                0x0800182c       0x2a Drivers/STM32F1xx_HAL_Driver/Src/stm32f1xx_hal_i2c.o
 .text.I2C_WaitOnFlagUntilTimeout
                0x08001856       0x96 Drivers/STM32F1xx_HAL_Driver/Src/stm32f1xx_hal_i2c.o
 .text.I2C_WaitOnMasterAddressFlagUntilTimeout
                0x080018ec       0x82 Drivers/STM32F1xx_HAL_Driver/Src/stm32f1xx_hal_i2c.o
 *fill*         0x0800196e        0x2 
 .text.I2C_MasterRequestWrite
                0x08001970       0x78 Drivers/STM32F1xx_HAL_Driver/Src/stm32f1xx_hal_i2c.o
 .text.I2C_WaitOnTXEFlagUntilTimeout
                0x080019e8       0x4e Drivers/STM32F1xx_HAL_Driver/Src/stm32f1xx_hal_i2c.o
 *fill*         0x08001a36        0x2 
 .text.HAL_I2C_Init
                0x08001a38       0xd4 Drivers/STM32F1xx_HAL_Driver/Src/stm32f1xx_hal_i2c.o
                0x08001a38                HAL_I2C_Init
 .text.HAL_I2C_Master_Transmit
                0x08001b0c      0x138 Drivers/STM32F1xx_HAL_Driver/Src/stm32f1xx_hal_i2c.o
                0x08001b0c                HAL_I2C_Master_Transmit
 .text.HAL_IWDG_MspInit
                0x08001c44        0x2 Drivers/STM32F1xx_HAL_Driver/Src/stm32f1xx_hal_iwdg.o
                0x08001c44                HAL_IWDG_MspInit
 .text.HAL_IWDG_Init
                0x08001c46       0x58 Drivers/STM32F1xx_HAL_Driver/Src/stm32f1xx_hal_iwdg.o
                0x08001c46                HAL_IWDG_Init
 .text.HAL_IWDG_Start
                0x08001c9e       0x26 Drivers/STM32F1xx_HAL_Driver/Src/stm32f1xx_hal_iwdg.o
                0x08001c9e                HAL_IWDG_Start
 .text.HAL_IWDG_Refresh
                0x08001cc4       0x48 Drivers/STM32F1xx_HAL_Driver/Src/stm32f1xx_hal_iwdg.o
                0x08001cc4                HAL_IWDG_Refresh
 .text.HAL_PCD_Init
                0x08001d0c       0xd4 Drivers/STM32F1xx_HAL_Driver/Src/stm32f1xx_hal_pcd.o
                0x08001d0c                HAL_PCD_Init
 .text.HAL_PCD_Start
                0x08001de0       0x2e Drivers/STM32F1xx_HAL_Driver/Src/stm32f1xx_hal_pcd.o
                0x08001de0                HAL_PCD_Start
 .text.HAL_PCD_SetAddress
                0x08001e0e       0x28 Drivers/STM32F1xx_HAL_Driver/Src/stm32f1xx_hal_pcd.o
                0x08001e0e                HAL_PCD_SetAddress
 .text.HAL_PCD_EP_Open
                0x08001e36       0x46 Drivers/STM32F1xx_HAL_Driver/Src/stm32f1xx_hal_pcd.o
                0x08001e36                HAL_PCD_EP_Open
 .text.HAL_PCD_EP_Close
                0x08001e7c       0x42 Drivers/STM32F1xx_HAL_Driver/Src/stm32f1xx_hal_pcd.o
                0x08001e7c                HAL_PCD_EP_Close
 .text.HAL_PCD_EP_Receive
                0x08001ebe       0x48 Drivers/STM32F1xx_HAL_Driver/Src/stm32f1xx_hal_pcd.o
                0x08001ebe                HAL_PCD_EP_Receive
 .text.HAL_PCD_EP_GetRxCount
                0x08001f06        0xe Drivers/STM32F1xx_HAL_Driver/Src/stm32f1xx_hal_pcd.o
                0x08001f06                HAL_PCD_EP_GetRxCount
 .text.HAL_PCD_EP_Transmit
                0x08001f14       0x40 Drivers/STM32F1xx_HAL_Driver/Src/stm32f1xx_hal_pcd.o
                0x08001f14                HAL_PCD_EP_Transmit
 .text.HAL_PCD_IRQHandler
                0x08001f54      0x4d0 Drivers/STM32F1xx_HAL_Driver/Src/stm32f1xx_hal_pcd.o
                0x08001f54                HAL_PCD_IRQHandler
 .text.HAL_PCD_EP_SetStall
                0x08002424       0x52 Drivers/STM32F1xx_HAL_Driver/Src/stm32f1xx_hal_pcd.o
                0x08002424                HAL_PCD_EP_SetStall
 .text.HAL_PCD_EP_ClrStall
                0x08002476       0x46 Drivers/STM32F1xx_HAL_Driver/Src/stm32f1xx_hal_pcd.o
                0x08002476                HAL_PCD_EP_ClrStall
 .text.HAL_PCDEx_PMAConfig
                0x080024bc       0x30 Drivers/STM32F1xx_HAL_Driver/Src/stm32f1xx_hal_pcd_ex.o
                0x080024bc                HAL_PCDEx_PMAConfig
 .text.HAL_PWR_EnableBkUpAccess
                0x080024ec       0x1c Drivers/STM32F1xx_HAL_Driver/Src/stm32f1xx_hal_pwr.o
                0x080024ec                HAL_PWR_EnableBkUpAccess
 .text.HAL_RCC_OscConfig
                0x08002508      0x4c0 Drivers/STM32F1xx_HAL_Driver/Src/stm32f1xx_hal_rcc.o
                0x08002508                HAL_RCC_OscConfig
 .text.HAL_RCC_GetSysClockFreq
                0x080029c8       0x9c Drivers/STM32F1xx_HAL_Driver/Src/stm32f1xx_hal_rcc.o
                0x080029c8                HAL_RCC_GetSysClockFreq
 .text.HAL_RCC_ClockConfig
                0x08002a64      0x164 Drivers/STM32F1xx_HAL_Driver/Src/stm32f1xx_hal_rcc.o
                0x08002a64                HAL_RCC_ClockConfig
 .text.HAL_RCC_GetHCLKFreq
                0x08002bc8        0xc Drivers/STM32F1xx_HAL_Driver/Src/stm32f1xx_hal_rcc.o
                0x08002bc8                HAL_RCC_GetHCLKFreq
 .text.HAL_RCC_GetPCLK1Freq
                0x08002bd4       0x30 Drivers/STM32F1xx_HAL_Driver/Src/stm32f1xx_hal_rcc.o
                0x08002bd4                HAL_RCC_GetPCLK1Freq
 .text.HAL_RCC_GetPCLK2Freq
                0x08002c04       0x30 Drivers/STM32F1xx_HAL_Driver/Src/stm32f1xx_hal_rcc.o
                0x08002c04                HAL_RCC_GetPCLK2Freq
 .text.HAL_RCCEx_PeriphCLKConfig
                0x08002c34      0x114 Drivers/STM32F1xx_HAL_Driver/Src/stm32f1xx_hal_rcc_ex.o
                0x08002c34                HAL_RCCEx_PeriphCLKConfig
 .text.HAL_RCCEx_GetPeriphCLKFreq
                0x08002d48      0x114 Drivers/STM32F1xx_HAL_Driver/Src/stm32f1xx_hal_rcc_ex.o
                0x08002d48                HAL_RCCEx_GetPeriphCLKFreq
 .text.RTC_ReadTimeCounter
                0x08002e5c       0x24 Drivers/STM32F1xx_HAL_Driver/Src/stm32f1xx_hal_rtc.o
 .text.RTC_ReadAlarmCounter
                0x08002e80        0xe Drivers/STM32F1xx_HAL_Driver/Src/stm32f1xx_hal_rtc.o
 .text.RTC_ByteToBcd2
                0x08002e8e       0x16 Drivers/STM32F1xx_HAL_Driver/Src/stm32f1xx_hal_rtc.o
 .text.RTC_WeekDayNum
                0x08002ea4       0x7c Drivers/STM32F1xx_HAL_Driver/Src/stm32f1xx_hal_rtc.o
 .text.RTC_EnterInitMode
                0x08002f20       0x2e Drivers/STM32F1xx_HAL_Driver/Src/stm32f1xx_hal_rtc.o
 .text.RTC_ExitInitMode
                0x08002f4e       0x30 Drivers/STM32F1xx_HAL_Driver/Src/stm32f1xx_hal_rtc.o
 .text.RTC_WriteTimeCounter
                0x08002f7e       0x28 Drivers/STM32F1xx_HAL_Driver/Src/stm32f1xx_hal_rtc.o
 .text.RTC_WriteAlarmCounter
                0x08002fa6       0x28 Drivers/STM32F1xx_HAL_Driver/Src/stm32f1xx_hal_rtc.o
 *fill*         0x08002fce        0x2 
 .text.HAL_RTC_GetTime
                0x08002fd0      0x164 Drivers/STM32F1xx_HAL_Driver/Src/stm32f1xx_hal_rtc.o
                0x08002fd0                HAL_RTC_GetTime
 .text.HAL_RTC_WaitForSynchro
                0x08003134       0x36 Drivers/STM32F1xx_HAL_Driver/Src/stm32f1xx_hal_rtc.o
                0x08003134                HAL_RTC_WaitForSynchro
 *fill*         0x0800316a        0x2 
 .text.HAL_RTC_Init
                0x0800316c       0xa0 Drivers/STM32F1xx_HAL_Driver/Src/stm32f1xx_hal_rtc.o
                0x0800316c                HAL_RTC_Init
 .text.HAL_SPI_Init
                0x0800320c       0x7c Drivers/STM32F1xx_HAL_Driver/Src/stm32f1xx_hal_spi_ex.o
                0x0800320c                HAL_SPI_Init
 .text.USB_CoreInit
                0x08003288        0xe Drivers/STM32F1xx_HAL_Driver/Src/stm32f1xx_ll_usb.o
                0x08003288                USB_CoreInit
 .text.USB_EnableGlobalInt
                0x08003296       0x12 Drivers/STM32F1xx_HAL_Driver/Src/stm32f1xx_ll_usb.o
                0x08003296                USB_EnableGlobalInt
 .text.USB_DisableGlobalInt
                0x080032a8       0x14 Drivers/STM32F1xx_HAL_Driver/Src/stm32f1xx_ll_usb.o
                0x080032a8                USB_DisableGlobalInt
 .text.USB_SetCurrentMode
                0x080032bc        0x4 Drivers/STM32F1xx_HAL_Driver/Src/stm32f1xx_ll_usb.o
                0x080032bc                USB_SetCurrentMode
 .text.USB_DevInit
                0x080032c0       0x28 Drivers/STM32F1xx_HAL_Driver/Src/stm32f1xx_ll_usb.o
                0x080032c0                USB_DevInit
 .text.USB_ActivateEndpoint
                0x080032e8      0x2e4 Drivers/STM32F1xx_HAL_Driver/Src/stm32f1xx_ll_usb.o
                0x080032e8                USB_ActivateEndpoint
 .text.USB_DeactivateEndpoint
                0x080035cc      0x170 Drivers/STM32F1xx_HAL_Driver/Src/stm32f1xx_ll_usb.o
                0x080035cc                USB_DeactivateEndpoint
 .text.USB_EPSetStall
                0x0800373c       0x62 Drivers/STM32F1xx_HAL_Driver/Src/stm32f1xx_ll_usb.o
                0x0800373c                USB_EPSetStall
 .text.USB_EPClearStall
                0x0800379e       0x84 Drivers/STM32F1xx_HAL_Driver/Src/stm32f1xx_ll_usb.o
                0x0800379e                USB_EPClearStall
 .text.USB_SetDevAddress
                0x08003822        0xc Drivers/STM32F1xx_HAL_Driver/Src/stm32f1xx_ll_usb.o
                0x08003822                USB_SetDevAddress
 .text.USB_DevConnect
                0x0800382e        0x4 Drivers/STM32F1xx_HAL_Driver/Src/stm32f1xx_ll_usb.o
                0x0800382e                USB_DevConnect
 .text.USB_DevDisconnect
                0x08003832        0x4 Drivers/STM32F1xx_HAL_Driver/Src/stm32f1xx_ll_usb.o
                0x08003832                USB_DevDisconnect
 .text.USB_ReadInterrupts
                0x08003836        0x8 Drivers/STM32F1xx_HAL_Driver/Src/stm32f1xx_ll_usb.o
                0x08003836                USB_ReadInterrupts
 .text.USB_EP0_OutStart
                0x0800383e        0x4 Drivers/STM32F1xx_HAL_Driver/Src/stm32f1xx_ll_usb.o
                0x0800383e                USB_EP0_OutStart
 .text.USB_WritePMA
                0x08003842       0x22 Drivers/STM32F1xx_HAL_Driver/Src/stm32f1xx_ll_usb.o
                0x08003842                USB_WritePMA
 .text.USB_EPStartXfer
                0x08003864      0x1a0 Drivers/STM32F1xx_HAL_Driver/Src/stm32f1xx_ll_usb.o
                0x08003864                USB_EPStartXfer
 .text.USB_ReadPMA
                0x08003a04       0x22 Drivers/STM32F1xx_HAL_Driver/Src/stm32f1xx_ll_usb.o
                0x08003a04                USB_ReadPMA
 .text.USBD_CDC_DataIn
                0x08003a26       0x12 Middlewares/ST/STM32_USB_Device_Library/Class/CDC/Src/usbd_cdc.o
 .text.USBD_CDC_EP0_RxReady
                0x08003a38       0x28 Middlewares/ST/STM32_USB_Device_Library/Class/CDC/Src/usbd_cdc.o
 .text.USBD_CDC_GetFSCfgDesc
                0x08003a60        0xc Middlewares/ST/STM32_USB_Device_Library/Class/CDC/Src/usbd_cdc.o
 .text.USBD_CDC_GetHSCfgDesc
                0x08003a6c        0xc Middlewares/ST/STM32_USB_Device_Library/Class/CDC/Src/usbd_cdc.o
 .text.USBD_CDC_GetOtherSpeedCfgDesc
                0x08003a78        0xc Middlewares/ST/STM32_USB_Device_Library/Class/CDC/Src/usbd_cdc.o
 .text.USBD_CDC_GetDeviceQualifierDescriptor
                0x08003a84        0xc Middlewares/ST/STM32_USB_Device_Library/Class/CDC/Src/usbd_cdc.o
                0x08003a84                USBD_CDC_GetDeviceQualifierDescriptor
 .text.USBD_CDC_DataOut
                0x08003a90       0x2e Middlewares/ST/STM32_USB_Device_Library/Class/CDC/Src/usbd_cdc.o
 *fill*         0x08003abe        0x2 
 .text.USBD_CDC_Setup
                0x08003ac0       0x6c Middlewares/ST/STM32_USB_Device_Library/Class/CDC/Src/usbd_cdc.o
 .text.USBD_CDC_DeInit
                0x08003b2c       0x3a Middlewares/ST/STM32_USB_Device_Library/Class/CDC/Src/usbd_cdc.o
 .text.USBD_CDC_Init
                0x08003b66       0x8c Middlewares/ST/STM32_USB_Device_Library/Class/CDC/Src/usbd_cdc.o
 .text.USBD_CDC_RegisterInterface
                0x08003bf2        0xe Middlewares/ST/STM32_USB_Device_Library/Class/CDC/Src/usbd_cdc.o
                0x08003bf2                USBD_CDC_RegisterInterface
 .text.USBD_CDC_SetTxBuffer
                0x08003c00       0x10 Middlewares/ST/STM32_USB_Device_Library/Class/CDC/Src/usbd_cdc.o
                0x08003c00                USBD_CDC_SetTxBuffer
 .text.USBD_CDC_SetRxBuffer
                0x08003c10        0xc Middlewares/ST/STM32_USB_Device_Library/Class/CDC/Src/usbd_cdc.o
                0x08003c10                USBD_CDC_SetRxBuffer
 .text.USBD_CDC_TransmitPacket
                0x08003c1c       0x2e Middlewares/ST/STM32_USB_Device_Library/Class/CDC/Src/usbd_cdc.o
                0x08003c1c                USBD_CDC_TransmitPacket
 .text.USBD_CDC_ReceivePacket
                0x08003c4a       0x26 Middlewares/ST/STM32_USB_Device_Library/Class/CDC/Src/usbd_cdc.o
                0x08003c4a                USBD_CDC_ReceivePacket
 .text.USBD_Init
                0x08003c70       0x2a Middlewares/ST/STM32_USB_Device_Library/Core/Src/usbd_core.o
                0x08003c70                USBD_Init
 .text.USBD_RegisterClass
                0x08003c9a        0xe Middlewares/ST/STM32_USB_Device_Library/Core/Src/usbd_core.o
                0x08003c9a                USBD_RegisterClass
 .text.USBD_Start
                0x08003ca8        0xa Middlewares/ST/STM32_USB_Device_Library/Core/Src/usbd_core.o
                0x08003ca8                USBD_Start
 .text.USBD_SetClassConfig
                0x08003cb2       0x16 Middlewares/ST/STM32_USB_Device_Library/Core/Src/usbd_core.o
                0x08003cb2                USBD_SetClassConfig
 .text.USBD_ClrClassConfig
                0x08003cc8        0xe Middlewares/ST/STM32_USB_Device_Library/Core/Src/usbd_core.o
                0x08003cc8                USBD_ClrClassConfig
 .text.USBD_LL_SetupStage
                0x08003cd6       0x5a Middlewares/ST/STM32_USB_Device_Library/Core/Src/usbd_core.o
                0x08003cd6                USBD_LL_SetupStage
 .text.USBD_LL_DataOutStage
                0x08003d30       0x62 Middlewares/ST/STM32_USB_Device_Library/Core/Src/usbd_core.o
                0x08003d30                USBD_LL_DataOutStage
 .text.USBD_LL_DataInStage
                0x08003d92       0x9c Middlewares/ST/STM32_USB_Device_Library/Core/Src/usbd_core.o
                0x08003d92                USBD_LL_DataInStage
 .text.USBD_LL_Reset
                0x08003e2e       0x3e Middlewares/ST/STM32_USB_Device_Library/Core/Src/usbd_core.o
                0x08003e2e                USBD_LL_Reset
 .text.USBD_LL_SetSpeed
                0x08003e6c        0x6 Middlewares/ST/STM32_USB_Device_Library/Core/Src/usbd_core.o
                0x08003e6c                USBD_LL_SetSpeed
 .text.USBD_LL_Suspend
                0x08003e72       0x12 Middlewares/ST/STM32_USB_Device_Library/Core/Src/usbd_core.o
                0x08003e72                USBD_LL_Suspend
 .text.USBD_LL_Resume
                0x08003e84        0xc Middlewares/ST/STM32_USB_Device_Library/Core/Src/usbd_core.o
                0x08003e84                USBD_LL_Resume
 .text.USBD_LL_SOF
                0x08003e90       0x18 Middlewares/ST/STM32_USB_Device_Library/Core/Src/usbd_core.o
                0x08003e90                USBD_LL_SOF
 .text.USBD_ParseSetupRequest
                0x08003ea8       0x28 Middlewares/ST/STM32_USB_Device_Library/Core/Src/usbd_ctlreq.o
                0x08003ea8                USBD_ParseSetupRequest
 .text.USBD_CtlError
                0x08003ed0       0x16 Middlewares/ST/STM32_USB_Device_Library/Core/Src/usbd_ctlreq.o
                0x08003ed0                USBD_CtlError
 *fill*         0x08003ee6        0x2 
 .text.USBD_StdDevReq
                0x08003ee8      0x214 Middlewares/ST/STM32_USB_Device_Library/Core/Src/usbd_ctlreq.o
                0x08003ee8                USBD_StdDevReq
 .text.USBD_StdItfReq
                0x080040fc       0x30 Middlewares/ST/STM32_USB_Device_Library/Core/Src/usbd_ctlreq.o
                0x080040fc                USBD_StdItfReq
 .text.USBD_StdEPReq
                0x0800412c       0xc6 Middlewares/ST/STM32_USB_Device_Library/Core/Src/usbd_ctlreq.o
                0x0800412c                USBD_StdEPReq
 .text.USBD_GetString
                0x080041f2       0x38 Middlewares/ST/STM32_USB_Device_Library/Core/Src/usbd_ctlreq.o
                0x080041f2                USBD_GetString
 .text.USBD_CtlSendData
                0x0800422a       0x1a Middlewares/ST/STM32_USB_Device_Library/Core/Src/usbd_ioreq.o
                0x0800422a                USBD_CtlSendData
 .text.USBD_CtlContinueSendData
                0x08004244       0x10 Middlewares/ST/STM32_USB_Device_Library/Core/Src/usbd_ioreq.o
                0x08004244                USBD_CtlContinueSendData
 .text.USBD_CtlPrepareRx
                0x08004254       0x1e Middlewares/ST/STM32_USB_Device_Library/Core/Src/usbd_ioreq.o
                0x08004254                USBD_CtlPrepareRx
 .text.USBD_CtlContinueRx
                0x08004272       0x10 Middlewares/ST/STM32_USB_Device_Library/Core/Src/usbd_ioreq.o
                0x08004272                USBD_CtlContinueRx
 .text.USBD_CtlSendStatus
                0x08004282       0x16 Middlewares/ST/STM32_USB_Device_Library/Core/Src/usbd_ioreq.o
                0x08004282                USBD_CtlSendStatus
 .text.USBD_CtlReceiveStatus
                0x08004298       0x16 Middlewares/ST/STM32_USB_Device_Library/Core/Src/usbd_ioreq.o
                0x08004298                USBD_CtlReceiveStatus
 *fill*         0x080042ae        0x2 
 .text.Adafruit_GFX
                0x080042b0       0x74 Src/Adafruit_GFX.o
                0x080042b0                Adafruit_GFX
 .text.fillCircleHelper
                0x08004324      0x10c Src/Adafruit_GFX.o
                0x08004324                fillCircleHelper
 .text.fillCircle
                0x08004430       0x30 Src/Adafruit_GFX.o
                0x08004430                fillCircle
 .text.fillRect
                0x08004460       0x2a Src/Adafruit_GFX.o
                0x08004460                fillRect
 .text.drawXBitmap
                0x0800448a       0x7e Src/Adafruit_GFX.o
                0x0800448a                drawXBitmap
 .text.drawChar
                0x08004508      0x204 Src/Adafruit_GFX.o
                0x08004508                drawChar
 .text.write    0x0800470c      0x13c Src/Adafruit_GFX.o
                0x0800470c                write
 .text.setCursor
                0x08004848       0x14 Src/Adafruit_GFX.o
                0x08004848                setCursor
 .text.setTextSize
                0x0800485c       0x10 Src/Adafruit_GFX.o
                0x0800485c                setTextSize
 .text.setTextColor2
                0x0800486c       0x14 Src/Adafruit_GFX.o
                0x0800486c                setTextColor2
 .text.MX_ADC1_Init
                0x08004880       0x4c Src/adc.o
                0x08004880                MX_ADC1_Init
 .text.HAL_ADC_MspInit
                0x080048cc       0x28 Src/adc.o
                0x080048cc                HAL_ADC_MspInit
 .text.MX_CRC_Init
                0x080048f4       0x20 Src/crc.o
                0x080048f4                MX_CRC_Init
 .text.HAL_CRC_MspInit
                0x08004914       0x28 Src/crc.o
                0x08004914                HAL_CRC_MspInit
 .text.MX_GPIO_Init
                0x0800493c       0xcc Src/gpio.o
                0x0800493c                MX_GPIO_Init
 .text.MX_I2C1_Init
                0x08004a08       0x40 Src/i2c.o
                0x08004a08                MX_I2C1_Init
 .text.HAL_I2C_MspInit
                0x08004a48       0x44 Src/i2c.o
                0x08004a48                HAL_I2C_MspInit
 .text.MX_IWDG_Init
                0x08004a8c       0x28 Src/iwdg.o
                0x08004a8c                MX_IWDG_Init
 .text.Error_Handler
                0x08004ab4       0x18 Src/main.o
                0x08004ab4                Error_Handler
 .text.SystemClock_Config
                0x08004acc       0x94 Src/main.o
                0x08004acc                SystemClock_Config
 .text.startup.main
                0x08004b60      0x294 Src/main.o
                0x08004b60                main
 .text.MX_RTC_Init
                0x08004df4       0x2c Src/rtc.o
                0x08004df4                MX_RTC_Init
 .text.HAL_RTC_MspInit
                0x08004e20       0x48 Src/rtc.o
                0x08004e20                HAL_RTC_MspInit
 .text.MX_SPI1_Init
                0x08004e68       0x44 Src/spi.o
                0x08004e68                MX_SPI1_Init
 .text.HAL_SPI_MspInit
                0x08004eac       0x54 Src/spi.o
                0x08004eac                HAL_SPI_MspInit
 .text.drawText
                0x08004f00       0x12 Src/ssd1306.o
                0x08004f00                drawText
 *fill*         0x08004f12        0x2 
 .text.drawPixel
                0x08004f14       0xc0 Src/ssd1306.o
                0x08004f14                drawPixel
 .text.ssd1306_command
                0x08004fd4       0x2c Src/ssd1306.o
                0x08004fd4                ssd1306_command
 .text.begin    0x08005000       0xd4 Src/ssd1306.o
                0x08005000                begin
 .text.display  0x080050d4       0x48 Src/ssd1306.o
                0x080050d4                display
 .text.clearDisplay
                0x0800511c       0x10 Src/ssd1306.o
                0x0800511c                clearDisplay
 .text.drawFastHLineInternal
                0x0800512c       0x98 Src/ssd1306.o
                0x0800512c                drawFastHLineInternal
 .text.drawFastVLineInternal
                0x080051c4      0x138 Src/ssd1306.o
                0x080051c4                drawFastVLineInternal
 .text.drawFastVLine
                0x080052fc       0x58 Src/ssd1306.o
                0x080052fc                drawFastVLine
 .text.getWidth
                0x08005354        0xc Src/ssd1306.o
                0x08005354                getWidth
 .text.getHeight
                0x08005360        0xc Src/ssd1306.o
                0x08005360                getHeight
 .text.HAL_MspInit
                0x0800536c       0x7c Src/stm32f1xx_hal_msp.o
                0x0800536c                HAL_MspInit
 .text.NMI_Handler
                0x080053e8        0x2 Src/stm32f1xx_it.o
                0x080053e8                NMI_Handler
 .text.HardFault_Handler
                0x080053ea        0x2 Src/stm32f1xx_it.o
                0x080053ea                HardFault_Handler
 .text.MemManage_Handler
                0x080053ec        0x2 Src/stm32f1xx_it.o
                0x080053ec                MemManage_Handler
 .text.BusFault_Handler
                0x080053ee        0x2 Src/stm32f1xx_it.o
                0x080053ee                BusFault_Handler
 .text.UsageFault_Handler
                0x080053f0        0x2 Src/stm32f1xx_it.o
                0x080053f0                UsageFault_Handler
 .text.SVC_Handler
                0x080053f2        0x2 Src/stm32f1xx_it.o
                0x080053f2                SVC_Handler
 .text.DebugMon_Handler
                0x080053f4        0x2 Src/stm32f1xx_it.o
                0x080053f4                DebugMon_Handler
 .text.PendSV_Handler
                0x080053f6        0x2 Src/stm32f1xx_it.o
                0x080053f6                PendSV_Handler
 .text.SysTick_Handler
                0x080053f8        0xe Src/stm32f1xx_it.o
                0x080053f8                SysTick_Handler
 *fill*         0x08005406        0x2 
 .text.USB_LP_CAN1_RX0_IRQHandler
                0x08005408        0xc Src/stm32f1xx_it.o
                0x08005408                USB_LP_CAN1_RX0_IRQHandler
 .text.SystemInit
                0x08005414       0x4c Src/system_stm32f1xx.o
                0x08005414                SystemInit
 .text.MX_USB_DEVICE_Init
                0x08005460       0x38 Src/usb_device.o
                0x08005460                MX_USB_DEVICE_Init
 .text.CDC_DeInit_FS
                0x08005498        0x4 Src/usbd_cdc_if.o
 .text.CDC_Control_FS
                0x0800549c        0x4 Src/usbd_cdc_if.o
 .text.CDC_Receive_FS
                0x080054a0       0x1c Src/usbd_cdc_if.o
 .text.CDC_Init_FS
                0x080054bc       0x28 Src/usbd_cdc_if.o
 .text.CDC_Transmit_FS
                0x080054e4       0x2c Src/usbd_cdc_if.o
                0x080054e4                CDC_Transmit_FS
 .text.HAL_PCD_MspInit
                0x08005510       0x3c Src/usbd_conf.o
                0x08005510                HAL_PCD_MspInit
 .text.HAL_PCD_SetupStageCallback
                0x0800554c        0xc Src/usbd_conf.o
                0x0800554c                HAL_PCD_SetupStageCallback
 .text.HAL_PCD_DataOutStageCallback
                0x08005558       0x10 Src/usbd_conf.o
                0x08005558                HAL_PCD_DataOutStageCallback
 .text.HAL_PCD_DataInStageCallback
                0x08005568        0xe Src/usbd_conf.o
                0x08005568                HAL_PCD_DataInStageCallback
 .text.HAL_PCD_SOFCallback
                0x08005576        0x8 Src/usbd_conf.o
                0x08005576                HAL_PCD_SOFCallback
 .text.HAL_PCD_ResetCallback
                0x0800557e       0x1a Src/usbd_conf.o
                0x0800557e                HAL_PCD_ResetCallback
 .text.HAL_PCD_SuspendCallback
                0x08005598       0x20 Src/usbd_conf.o
                0x08005598                HAL_PCD_SuspendCallback
 .text.HAL_PCD_ResumeCallback
                0x080055b8        0x8 Src/usbd_conf.o
                0x080055b8                HAL_PCD_ResumeCallback
 .text.USBD_LL_Init
                0x080055c0       0x84 Src/usbd_conf.o
                0x080055c0                USBD_LL_Init
 .text.USBD_LL_Start
                0x08005644       0x1c Src/usbd_conf.o
                0x08005644                USBD_LL_Start
 .text.USBD_LL_OpenEP
                0x08005660       0x20 Src/usbd_conf.o
                0x08005660                USBD_LL_OpenEP
 .text.USBD_LL_CloseEP
                0x08005680       0x1c Src/usbd_conf.o
                0x08005680                USBD_LL_CloseEP
 .text.USBD_LL_StallEP
                0x0800569c       0x1c Src/usbd_conf.o
                0x0800569c                USBD_LL_StallEP
 .text.USBD_LL_ClearStallEP
                0x080056b8       0x1c Src/usbd_conf.o
                0x080056b8                USBD_LL_ClearStallEP
 .text.USBD_LL_IsStallEP
                0x080056d4       0x20 Src/usbd_conf.o
                0x080056d4                USBD_LL_IsStallEP
 .text.USBD_LL_SetUSBAddress
                0x080056f4       0x1c Src/usbd_conf.o
                0x080056f4                USBD_LL_SetUSBAddress
 .text.USBD_LL_Transmit
                0x08005710       0x1c Src/usbd_conf.o
                0x08005710                USBD_LL_Transmit
 .text.USBD_LL_PrepareReceive
                0x0800572c       0x1c Src/usbd_conf.o
                0x0800572c                USBD_LL_PrepareReceive
 .text.USBD_LL_GetRxDataSize
                0x08005748        0xc Src/usbd_conf.o
                0x08005748                USBD_LL_GetRxDataSize
 .text.USBD_static_malloc
                0x08005754        0x8 Src/usbd_conf.o
                0x08005754                USBD_static_malloc
 .text.USBD_static_free
                0x0800575c        0x2 Src/usbd_conf.o
                0x0800575c                USBD_static_free
 .text.HAL_PCDEx_SetConnectionState
                0x0800575e        0x2 Src/usbd_conf.o
                0x0800575e                HAL_PCDEx_SetConnectionState
 .text.USBD_FS_DeviceDescriptor
                0x08005760        0xc Src/usbd_desc.o
                0x08005760                USBD_FS_DeviceDescriptor
 .text.USBD_FS_LangIDStrDescriptor
                0x0800576c        0xc Src/usbd_desc.o
                0x0800576c                USBD_FS_LangIDStrDescriptor
 .text.USBD_FS_ManufacturerStrDescriptor
                0x08005778       0x1c Src/usbd_desc.o
                0x08005778                USBD_FS_ManufacturerStrDescriptor
 .text.USBD_FS_ProductStrDescriptor
                0x08005794       0x1c Src/usbd_desc.o
                0x08005794                USBD_FS_ProductStrDescriptor
 .text.USBD_FS_SerialStrDescriptor
                0x080057b0       0x1c Src/usbd_desc.o
                0x080057b0                USBD_FS_SerialStrDescriptor
 .text.USBD_FS_ConfigStrDescriptor
                0x080057cc       0x1c Src/usbd_desc.o
                0x080057cc                USBD_FS_ConfigStrDescriptor
 .text.USBD_FS_InterfaceStrDescriptor
                0x080057e8       0x1c Src/usbd_desc.o
                0x080057e8                USBD_FS_InterfaceStrDescriptor
 .text.Reset_Handler
                0x08005804       0x48 startup/startup_stm32f103xb.o
                0x08005804                Reset_Handler
 .text.Default_Handler
                0x0800584c        0x2 startup/startup_stm32f103xb.o
                0x0800584c                RTC_Alarm_IRQHandler
                0x0800584c                EXTI2_IRQHandler
                0x0800584c                TIM1_CC_IRQHandler
                0x0800584c                PVD_IRQHandler
                0x0800584c                EXTI3_IRQHandler
                0x0800584c                EXTI0_IRQHandler
                0x0800584c                I2C2_EV_IRQHandler
                0x0800584c                ADC1_2_IRQHandler
                0x0800584c                SPI1_IRQHandler
                0x0800584c                TAMPER_IRQHandler
                0x0800584c                DMA1_Channel4_IRQHandler
                0x0800584c                USART3_IRQHandler
                0x0800584c                RTC_IRQHandler
                0x0800584c                DMA1_Channel7_IRQHandler
                0x0800584c                CAN1_RX1_IRQHandler
                0x0800584c                TIM4_IRQHandler
                0x0800584c                I2C1_EV_IRQHandler
                0x0800584c                DMA1_Channel6_IRQHandler
                0x0800584c                TIM3_IRQHandler
                0x0800584c                RCC_IRQHandler
                0x0800584c                TIM1_TRG_COM_IRQHandler
                0x0800584c                DMA1_Channel1_IRQHandler
                0x0800584c                Default_Handler
                0x0800584c                EXTI15_10_IRQHandler
                0x0800584c                EXTI9_5_IRQHandler
                0x0800584c                SPI2_IRQHandler
                0x0800584c                DMA1_Channel5_IRQHandler
                0x0800584c                EXTI4_IRQHandler
                0x0800584c                USB_HP_CAN1_TX_IRQHandler
                0x0800584c                DMA1_Channel3_IRQHandler
                0x0800584c                TIM1_UP_IRQHandler
                0x0800584c                WWDG_IRQHandler
                0x0800584c                TIM2_IRQHandler
                0x0800584c                TIM1_BRK_IRQHandler
                0x0800584c                EXTI1_IRQHandler
                0x0800584c                USART2_IRQHandler
                0x0800584c                I2C2_ER_IRQHandler
                0x0800584c                DMA1_Channel2_IRQHandler
                0x0800584c                CAN1_SCE_IRQHandler
                0x0800584c                FLASH_IRQHandler
                0x0800584c                USART1_IRQHandler
                0x0800584c                I2C1_ER_IRQHandler
                0x0800584c                USBWakeUp_IRQHandler
 *fill*         0x0800584e        0x2 
 .text.__libc_init_array
                0x08005850       0x4c c:/ac6/systemworkbench/plugins/fr.ac6.mcu.externaltools.arm-none.win32_1.13.2.201703061525/tools/compiler/bin/../lib/gcc/arm-none-eabi/5.4.1/../../../../arm-none-eabi/lib/armv7-m\libc_nano.a(lib_a-init.o)
                0x08005850                __libc_init_array
 .text.memset   0x0800589c       0x10 c:/ac6/systemworkbench/plugins/fr.ac6.mcu.externaltools.arm-none.win32_1.13.2.201703061525/tools/compiler/bin/../lib/gcc/arm-none-eabi/5.4.1/../../../../arm-none-eabi/lib/armv7-m\libc_nano.a(lib_a-memset.o)
                0x0800589c                memset
 .text.__cvt    0x080058ac       0xc0 c:/ac6/systemworkbench/plugins/fr.ac6.mcu.externaltools.arm-none.win32_1.13.2.201703061525/tools/compiler/bin/../lib/gcc/arm-none-eabi/5.4.1/../../../../arm-none-eabi/lib/armv7-m\libc_nano.a(lib_a-nano-vfprintf_float.o)
                0x080058ac                __cvt
 .text.__exponent
                0x0800596c       0x62 c:/ac6/systemworkbench/plugins/fr.ac6.mcu.externaltools.arm-none.win32_1.13.2.201703061525/tools/compiler/bin/../lib/gcc/arm-none-eabi/5.4.1/../../../../arm-none-eabi/lib/armv7-m\libc_nano.a(lib_a-nano-vfprintf_float.o)
                0x0800596c                __exponent
 *fill*         0x080059ce        0x2 
 .text._printf_float
                0x080059d0      0x488 c:/ac6/systemworkbench/plugins/fr.ac6.mcu.externaltools.arm-none.win32_1.13.2.201703061525/tools/compiler/bin/../lib/gcc/arm-none-eabi/5.4.1/../../../../arm-none-eabi/lib/armv7-m\libc_nano.a(lib_a-nano-vfprintf_float.o)
                0x080059d0                _printf_float
 .text._printf_common
                0x08005e58       0xec c:/ac6/systemworkbench/plugins/fr.ac6.mcu.externaltools.arm-none.win32_1.13.2.201703061525/tools/compiler/bin/../lib/gcc/arm-none-eabi/5.4.1/../../../../arm-none-eabi/lib/armv7-m\libc_nano.a(lib_a-nano-vfprintf_i.o)
                0x08005e58                _printf_common
 .text._printf_i
                0x08005f44      0x24c c:/ac6/systemworkbench/plugins/fr.ac6.mcu.externaltools.arm-none.win32_1.13.2.201703061525/tools/compiler/bin/../lib/gcc/arm-none-eabi/5.4.1/../../../../arm-none-eabi/lib/armv7-m\libc_nano.a(lib_a-nano-vfprintf_i.o)
                0x08005f44                _printf_i
 .text.sprintf  0x08006190       0x48 c:/ac6/systemworkbench/plugins/fr.ac6.mcu.externaltools.arm-none.win32_1.13.2.201703061525/tools/compiler/bin/../lib/gcc/arm-none-eabi/5.4.1/../../../../arm-none-eabi/lib/armv7-m\libc_nano.a(lib_a-sprintf.o)
                0x08006190                siprintf
                0x08006190                sprintf
 .text.quorem   0x080061d8      0x116 c:/ac6/systemworkbench/plugins/fr.ac6.mcu.externaltools.arm-none.win32_1.13.2.201703061525/tools/compiler/bin/../lib/gcc/arm-none-eabi/5.4.1/../../../../arm-none-eabi/lib/armv7-m\libc_nano.a(lib_a-dtoa.o)
 *fill*         0x080062ee        0x2 
 .text._dtoa_r  0x080062f0      0xb30 c:/ac6/systemworkbench/plugins/fr.ac6.mcu.externaltools.arm-none.win32_1.13.2.201703061525/tools/compiler/bin/../lib/gcc/arm-none-eabi/5.4.1/../../../../arm-none-eabi/lib/armv7-m\libc_nano.a(lib_a-dtoa.o)
                0x080062f0                _dtoa_r
 .text._localeconv_r
                0x08006e20       0x1c c:/ac6/systemworkbench/plugins/fr.ac6.mcu.externaltools.arm-none.win32_1.13.2.201703061525/tools/compiler/bin/../lib/gcc/arm-none-eabi/5.4.1/../../../../arm-none-eabi/lib/armv7-m\libc_nano.a(lib_a-localeconv.o)
                0x08006e20                _localeconv_r
 .text.malloc   0x08006e3c       0x10 c:/ac6/systemworkbench/plugins/fr.ac6.mcu.externaltools.arm-none.win32_1.13.2.201703061525/tools/compiler/bin/../lib/gcc/arm-none-eabi/5.4.1/../../../../arm-none-eabi/lib/armv7-m\libc_nano.a(lib_a-malloc.o)
                0x08006e3c                malloc
 .text.memchr   0x08006e4c       0x1c c:/ac6/systemworkbench/plugins/fr.ac6.mcu.externaltools.arm-none.win32_1.13.2.201703061525/tools/compiler/bin/../lib/gcc/arm-none-eabi/5.4.1/../../../../arm-none-eabi/lib/armv7-m\libc_nano.a(lib_a-memchr-stub.o)
                0x08006e4c                memchr
 .text.memcpy   0x08006e68       0x16 c:/ac6/systemworkbench/plugins/fr.ac6.mcu.externaltools.arm-none.win32_1.13.2.201703061525/tools/compiler/bin/../lib/gcc/arm-none-eabi/5.4.1/../../../../arm-none-eabi/lib/armv7-m\libc_nano.a(lib_a-memcpy-stub.o)
                0x08006e68                memcpy
 .text._Balloc  0x08006e7e       0x6a c:/ac6/systemworkbench/plugins/fr.ac6.mcu.externaltools.arm-none.win32_1.13.2.201703061525/tools/compiler/bin/../lib/gcc/arm-none-eabi/5.4.1/../../../../arm-none-eabi/lib/armv7-m\libc_nano.a(lib_a-mprec.o)
                0x08006e7e                _Balloc
 .text._Bfree   0x08006ee8       0x2e c:/ac6/systemworkbench/plugins/fr.ac6.mcu.externaltools.arm-none.win32_1.13.2.201703061525/tools/compiler/bin/../lib/gcc/arm-none-eabi/5.4.1/../../../../arm-none-eabi/lib/armv7-m\libc_nano.a(lib_a-mprec.o)
                0x08006ee8                _Bfree
 .text.__multadd
                0x08006f16       0x76 c:/ac6/systemworkbench/plugins/fr.ac6.mcu.externaltools.arm-none.win32_1.13.2.201703061525/tools/compiler/bin/../lib/gcc/arm-none-eabi/5.4.1/../../../../arm-none-eabi/lib/armv7-m\libc_nano.a(lib_a-mprec.o)
                0x08006f16                __multadd
 .text.__hi0bits
                0x08006f8c       0x40 c:/ac6/systemworkbench/plugins/fr.ac6.mcu.externaltools.arm-none.win32_1.13.2.201703061525/tools/compiler/bin/../lib/gcc/arm-none-eabi/5.4.1/../../../../arm-none-eabi/lib/armv7-m\libc_nano.a(lib_a-mprec.o)
                0x08006f8c                __hi0bits
 .text.__lo0bits
                0x08006fcc       0x5a c:/ac6/systemworkbench/plugins/fr.ac6.mcu.externaltools.arm-none.win32_1.13.2.201703061525/tools/compiler/bin/../lib/gcc/arm-none-eabi/5.4.1/../../../../arm-none-eabi/lib/armv7-m\libc_nano.a(lib_a-mprec.o)
                0x08006fcc                __lo0bits
 .text.__i2b    0x08007026       0x12 c:/ac6/systemworkbench/plugins/fr.ac6.mcu.externaltools.arm-none.win32_1.13.2.201703061525/tools/compiler/bin/../lib/gcc/arm-none-eabi/5.4.1/../../../../arm-none-eabi/lib/armv7-m\libc_nano.a(lib_a-mprec.o)
                0x08007026                __i2b
 .text.__multiply
                0x08007038      0x120 c:/ac6/systemworkbench/plugins/fr.ac6.mcu.externaltools.arm-none.win32_1.13.2.201703061525/tools/compiler/bin/../lib/gcc/arm-none-eabi/5.4.1/../../../../arm-none-eabi/lib/armv7-m\libc_nano.a(lib_a-mprec.o)
                0x08007038                __multiply
 .text.__pow5mult
                0x08007158       0x9c c:/ac6/systemworkbench/plugins/fr.ac6.mcu.externaltools.arm-none.win32_1.13.2.201703061525/tools/compiler/bin/../lib/gcc/arm-none-eabi/5.4.1/../../../../arm-none-eabi/lib/armv7-m\libc_nano.a(lib_a-mprec.o)
                0x08007158                __pow5mult
 .text.__lshift
                0x080071f4       0xa2 c:/ac6/systemworkbench/plugins/fr.ac6.mcu.externaltools.arm-none.win32_1.13.2.201703061525/tools/compiler/bin/../lib/gcc/arm-none-eabi/5.4.1/../../../../arm-none-eabi/lib/armv7-m\libc_nano.a(lib_a-mprec.o)
                0x080071f4                __lshift
 .text.__mcmp   0x08007296       0x38 c:/ac6/systemworkbench/plugins/fr.ac6.mcu.externaltools.arm-none.win32_1.13.2.201703061525/tools/compiler/bin/../lib/gcc/arm-none-eabi/5.4.1/../../../../arm-none-eabi/lib/armv7-m\libc_nano.a(lib_a-mprec.o)
                0x08007296                __mcmp
 .text.__mdiff  0x080072ce       0xbe c:/ac6/systemworkbench/plugins/fr.ac6.mcu.externaltools.arm-none.win32_1.13.2.201703061525/tools/compiler/bin/../lib/gcc/arm-none-eabi/5.4.1/../../../../arm-none-eabi/lib/armv7-m\libc_nano.a(lib_a-mprec.o)
                0x080072ce                __mdiff
 .text.__d2b    0x0800738c       0x9c c:/ac6/systemworkbench/plugins/fr.ac6.mcu.externaltools.arm-none.win32_1.13.2.201703061525/tools/compiler/bin/../lib/gcc/arm-none-eabi/5.4.1/../../../../arm-none-eabi/lib/armv7-m\libc_nano.a(lib_a-mprec.o)
                0x0800738c                __d2b
 .text._calloc_r
                0x08007428       0x1c c:/ac6/systemworkbench/plugins/fr.ac6.mcu.externaltools.arm-none.win32_1.13.2.201703061525/tools/compiler/bin/../lib/gcc/arm-none-eabi/5.4.1/../../../../arm-none-eabi/lib/armv7-m\libc_nano.a(lib_a-nano-callocr.o)
                0x08007428                _calloc_r
 .text._free_r  0x08007444       0x98 c:/ac6/systemworkbench/plugins/fr.ac6.mcu.externaltools.arm-none.win32_1.13.2.201703061525/tools/compiler/bin/../lib/gcc/arm-none-eabi/5.4.1/../../../../arm-none-eabi/lib/armv7-m\libc_nano.a(lib_a-nano-freer.o)
                0x08007444                _free_r
 .text._malloc_r
                0x080074dc       0xbc c:/ac6/systemworkbench/plugins/fr.ac6.mcu.externaltools.arm-none.win32_1.13.2.201703061525/tools/compiler/bin/../lib/gcc/arm-none-eabi/5.4.1/../../../../arm-none-eabi/lib/armv7-m\libc_nano.a(lib_a-nano-mallocr.o)
                0x080074dc                _malloc_r
 .text.__ssputs_r
                0x08007598       0xb2 c:/ac6/systemworkbench/plugins/fr.ac6.mcu.externaltools.arm-none.win32_1.13.2.201703061525/tools/compiler/bin/../lib/gcc/arm-none-eabi/5.4.1/../../../../arm-none-eabi/lib/armv7-m\libc_nano.a(lib_a-nano-svfprintf.o)
                0x08007598                __ssputs_r
 *fill*         0x0800764a        0x2 
 .text._svfprintf_r
                0x0800764c      0x1e8 c:/ac6/systemworkbench/plugins/fr.ac6.mcu.externaltools.arm-none.win32_1.13.2.201703061525/tools/compiler/bin/../lib/gcc/arm-none-eabi/5.4.1/../../../../arm-none-eabi/lib/armv7-m\libc_nano.a(lib_a-nano-svfprintf.o)
                0x0800764c                _svfiprintf_r
                0x0800764c                _svfprintf_r
 .text._sbrk_r  0x08007834       0x20 c:/ac6/systemworkbench/plugins/fr.ac6.mcu.externaltools.arm-none.win32_1.13.2.201703061525/tools/compiler/bin/../lib/gcc/arm-none-eabi/5.4.1/../../../../arm-none-eabi/lib/armv7-m\libc_nano.a(lib_a-sbrkr.o)
                0x08007834                _sbrk_r
 .text.__ascii_mbtowc
                0x08007854       0x24 c:/ac6/systemworkbench/plugins/fr.ac6.mcu.externaltools.arm-none.win32_1.13.2.201703061525/tools/compiler/bin/../lib/gcc/arm-none-eabi/5.4.1/../../../../arm-none-eabi/lib/armv7-m\libc_nano.a(lib_a-mbtowc_r.o)
                0x08007854                __ascii_mbtowc
 .text.memmove  0x08007878       0x36 c:/ac6/systemworkbench/plugins/fr.ac6.mcu.externaltools.arm-none.win32_1.13.2.201703061525/tools/compiler/bin/../lib/gcc/arm-none-eabi/5.4.1/../../../../arm-none-eabi/lib/armv7-m\libc_nano.a(lib_a-memmove.o)
                0x08007878                memmove
 .text.__malloc_lock
                0x080078ae        0x2 c:/ac6/systemworkbench/plugins/fr.ac6.mcu.externaltools.arm-none.win32_1.13.2.201703061525/tools/compiler/bin/../lib/gcc/arm-none-eabi/5.4.1/../../../../arm-none-eabi/lib/armv7-m\libc_nano.a(lib_a-mlock.o)
                0x080078ae                __malloc_lock
 .text.__malloc_unlock
                0x080078b0        0x2 c:/ac6/systemworkbench/plugins/fr.ac6.mcu.externaltools.arm-none.win32_1.13.2.201703061525/tools/compiler/bin/../lib/gcc/arm-none-eabi/5.4.1/../../../../arm-none-eabi/lib/armv7-m\libc_nano.a(lib_a-mlock.o)
                0x080078b0                __malloc_unlock
 .text._realloc_r
                0x080078b2       0x4c c:/ac6/systemworkbench/plugins/fr.ac6.mcu.externaltools.arm-none.win32_1.13.2.201703061525/tools/compiler/bin/../lib/gcc/arm-none-eabi/5.4.1/../../../../arm-none-eabi/lib/armv7-m\libc_nano.a(lib_a-nano-reallocr.o)
                0x080078b2                _realloc_r
 .text.__ascii_wctomb
                0x080078fe       0x1a c:/ac6/systemworkbench/plugins/fr.ac6.mcu.externaltools.arm-none.win32_1.13.2.201703061525/tools/compiler/bin/../lib/gcc/arm-none-eabi/5.4.1/../../../../arm-none-eabi/lib/armv7-m\libc_nano.a(lib_a-wctomb_r.o)
                0x080078fe                __ascii_wctomb
 .text._malloc_usable_size_r
                0x08007918       0x14 c:/ac6/systemworkbench/plugins/fr.ac6.mcu.externaltools.arm-none.win32_1.13.2.201703061525/tools/compiler/bin/../lib/gcc/arm-none-eabi/5.4.1/../../../../arm-none-eabi/lib/armv7-m\libc_nano.a(lib_a-nano-msizer.o)
                0x08007918                _malloc_usable_size_r
 .text._sbrk    0x0800792c       0x1c c:/ac6/systemworkbench/plugins/fr.ac6.mcu.externaltools.arm-none.win32_1.13.2.201703061525/tools/compiler/bin/../lib/gcc/arm-none-eabi/5.4.1/../../../../arm-none-eabi/lib/armv7-m\libnosys.a(sbrk.o)
                0x0800792c                _sbrk
 *(.glue_7)
 .glue_7        0x08007948        0x0 linker stubs
 *(.glue_7t)
 .glue_7t       0x08007948        0x0 linker stubs
 *(.eh_frame)
 .eh_frame      0x08007948        0x0 c:/ac6/systemworkbench/plugins/fr.ac6.mcu.externaltools.arm-none.win32_1.13.2.201703061525/tools/compiler/bin/../lib/gcc/arm-none-eabi/5.4.1/armv7-m/crtbegin.o
 *(.init)
 .init          0x08007948        0x4 c:/ac6/systemworkbench/plugins/fr.ac6.mcu.externaltools.arm-none.win32_1.13.2.201703061525/tools/compiler/bin/../lib/gcc/arm-none-eabi/5.4.1/armv7-m/crti.o
                0x08007948                _init
 .init          0x0800794c        0x8 c:/ac6/systemworkbench/plugins/fr.ac6.mcu.externaltools.arm-none.win32_1.13.2.201703061525/tools/compiler/bin/../lib/gcc/arm-none-eabi/5.4.1/armv7-m/crtn.o
 *(.fini)
 .fini          0x08007954        0x4 c:/ac6/systemworkbench/plugins/fr.ac6.mcu.externaltools.arm-none.win32_1.13.2.201703061525/tools/compiler/bin/../lib/gcc/arm-none-eabi/5.4.1/armv7-m/crti.o
                0x08007954                _fini
 .fini          0x08007958        0x8 c:/ac6/systemworkbench/plugins/fr.ac6.mcu.externaltools.arm-none.win32_1.13.2.201703061525/tools/compiler/bin/../lib/gcc/arm-none-eabi/5.4.1/armv7-m/crtn.o
                0x08007960                . = ALIGN (0x4)
                0x08007960                _etext = .

.vfp11_veneer   0x08007960        0x0
 .vfp11_veneer  0x08007960        0x0 linker stubs

.v4_bx          0x08007960        0x0
 .v4_bx         0x08007960        0x0 linker stubs

.iplt           0x08007960        0x0
 .iplt          0x08007960        0x0 c:/ac6/systemworkbench/plugins/fr.ac6.mcu.externaltools.arm-none.win32_1.13.2.201703061525/tools/compiler/bin/../lib/gcc/arm-none-eabi/5.4.1/armv7-m/crtbegin.o

.rodata         0x08007960      0xc50
                0x08007960                . = ALIGN (0x4)
 *(.rodata)
 .rodata        0x08007960       0x12 Drivers/STM32F1xx_HAL_Driver/Src/stm32f1xx_hal_rcc.o
 .rodata        0x08007972       0x12 Drivers/STM32F1xx_HAL_Driver/Src/stm32f1xx_hal_rcc_ex.o
 .rodata        0x08007984      0x500 Src/Adafruit_GFX.o
 .rodata        0x08007e84      0x400 Src/main.o
                0x08007e84                logo_bitmap
 .rodata        0x08008284       0x10 Src/ssd1306.o
 .rodata        0x08008294       0x18 Src/system_stm32f1xx.o
                0x08008294                AHBPrescTable
                0x080082a4                APBPrescTable
 .rodata        0x080082ac        0x4 Src/usbd_conf.o
 *(.rodata*)
 .rodata.str1.1
                0x080082b0       0x57 Src/main.o
 .rodata.str1.1
                0x08008307       0x4f Src/usbd_desc.o
 .rodata.str1.1
                0x08008356       0x12 c:/ac6/systemworkbench/plugins/fr.ac6.mcu.externaltools.arm-none.win32_1.13.2.201703061525/tools/compiler/bin/../lib/gcc/arm-none-eabi/5.4.1/../../../../arm-none-eabi/lib/armv7-m\libc_nano.a(lib_a-nano-vfprintf_float.o)
 .rodata.str1.1
                0x08008368       0x22 c:/ac6/systemworkbench/plugins/fr.ac6.mcu.externaltools.arm-none.win32_1.13.2.201703061525/tools/compiler/bin/../lib/gcc/arm-none-eabi/5.4.1/../../../../arm-none-eabi/lib/armv7-m\libc_nano.a(lib_a-nano-vfprintf_i.o)
 .rodata.str1.1
                0x0800838a        0xd c:/ac6/systemworkbench/plugins/fr.ac6.mcu.externaltools.arm-none.win32_1.13.2.201703061525/tools/compiler/bin/../lib/gcc/arm-none-eabi/5.4.1/../../../../arm-none-eabi/lib/armv7-m\libc_nano.a(lib_a-dtoa.o)
                                  0xf (size before relaxing)
 *fill*         0x08008397        0x1 
 .rodata.__mprec_tens
                0x08008398       0xc8 c:/ac6/systemworkbench/plugins/fr.ac6.mcu.externaltools.arm-none.win32_1.13.2.201703061525/tools/compiler/bin/../lib/gcc/arm-none-eabi/5.4.1/../../../../arm-none-eabi/lib/armv7-m\libc_nano.a(lib_a-mprec.o)
                0x08008398                __mprec_tens
 .rodata.__mprec_bigtens
                0x08008460       0x28 c:/ac6/systemworkbench/plugins/fr.ac6.mcu.externaltools.arm-none.win32_1.13.2.201703061525/tools/compiler/bin/../lib/gcc/arm-none-eabi/5.4.1/../../../../arm-none-eabi/lib/armv7-m\libc_nano.a(lib_a-mprec.o)
                0x08008460                __mprec_bigtens
 .rodata.p05.6097
                0x08008488        0xc c:/ac6/systemworkbench/plugins/fr.ac6.mcu.externaltools.arm-none.win32_1.13.2.201703061525/tools/compiler/bin/../lib/gcc/arm-none-eabi/5.4.1/../../../../arm-none-eabi/lib/armv7-m\libc_nano.a(lib_a-mprec.o)
 .rodata.str1.1
                0x08008494       0x11 c:/ac6/systemworkbench/plugins/fr.ac6.mcu.externaltools.arm-none.win32_1.13.2.201703061525/tools/compiler/bin/../lib/gcc/arm-none-eabi/5.4.1/../../../../arm-none-eabi/lib/armv7-m\libc_nano.a(lib_a-nano-svfprintf.o)
 .rodata.str1.1
                0x080084a5        0x8 c:/ac6/systemworkbench/plugins/fr.ac6.mcu.externaltools.arm-none.win32_1.13.2.201703061525/tools/compiler/bin/../lib/gcc/arm-none-eabi/5.4.1/../../../../arm-none-eabi/lib/armv7-m\libc_nano.a(lib_a-locale.o)
                                  0xb (size before relaxing)
 .rodata._ctype_
                0x080084ad      0x101 c:/ac6/systemworkbench/plugins/fr.ac6.mcu.externaltools.arm-none.win32_1.13.2.201703061525/tools/compiler/bin/../lib/gcc/arm-none-eabi/5.4.1/../../../../arm-none-eabi/lib/armv7-m\libc_nano.a(lib_a-ctype_.o)
                0x080084ad                _ctype_
                0x080085b0                . = ALIGN (0x4)
 *fill*         0x080085ae        0x2 

.rel.dyn        0x080085b0        0x0
 .rel.iplt      0x080085b0        0x0 c:/ac6/systemworkbench/plugins/fr.ac6.mcu.externaltools.arm-none.win32_1.13.2.201703061525/tools/compiler/bin/../lib/gcc/arm-none-eabi/5.4.1/armv7-m/crtbegin.o

.ARM.extab
 *(.ARM.extab* .gnu.linkonce.armextab.*)

.ARM            0x080085b0        0x0
                0x080085b0                __exidx_start = .
 *(.ARM.exidx*)
                0x080085b0                __exidx_end = .

.preinit_array  0x080085b0        0x0
                0x080085b0                PROVIDE (__preinit_array_start, .)
 *(.preinit_array*)
                0x080085b0                PROVIDE (__preinit_array_end, .)

.init_array     0x080085b0        0x4
                0x080085b0                PROVIDE (__init_array_start, .)
 *(SORT(.init_array.*))
 *(.init_array*)
 .init_array    0x080085b0        0x4 c:/ac6/systemworkbench/plugins/fr.ac6.mcu.externaltools.arm-none.win32_1.13.2.201703061525/tools/compiler/bin/../lib/gcc/arm-none-eabi/5.4.1/armv7-m/crtbegin.o
                0x080085b4                PROVIDE (__init_array_end, .)

.fini_array     0x080085b4        0x4
                [!provide]                PROVIDE (__fini_array_start, .)
 *(SORT(.fini_array.*))
 *(.fini_array*)
 .fini_array    0x080085b4        0x4 c:/ac6/systemworkbench/plugins/fr.ac6.mcu.externaltools.arm-none.win32_1.13.2.201703061525/tools/compiler/bin/../lib/gcc/arm-none-eabi/5.4.1/armv7-m/crtbegin.o
                [!provide]                PROVIDE (__fini_array_end, .)
                0x080085b8                _sidata = LOADADDR (.data)

.data           0x20000000      0x73c load address 0x080085b8
                0x20000000                . = ALIGN (0x4)
                0x20000000                _sdata = .
 *(.data)
 .data          0x20000000      0x110 Middlewares/ST/STM32_USB_Device_Library/Class/CDC/Src/usbd_cdc.o
                0x20000000                USBD_CDC_CfgFSDesc
                0x20000044                USBD_CDC_CfgHSDesc
                0x20000088                USBD_CDC_OtherSpeedCfgDesc
                0x200000d8                USBD_CDC
 .data          0x20000110      0x411 Src/ssd1306.o
                0x20000110                width
                0x20000114                height
                0x20000118                WIDTH
                0x2000011c                HEIGHT
                0x20000120                framebuffer
 *fill*         0x20000521        0x3 
 .data          0x20000524        0x4 Src/system_stm32f1xx.o
                0x20000524                SystemCoreClock
 .data          0x20000528       0x10 Src/usbd_cdc_if.o
                0x20000528                USBD_Interface_fops_FS
 .data          0x20000538       0x34 Src/usbd_desc.o
                0x20000538                USBD_FS_DeviceDesc
                0x2000054c                USBD_LangIDDesc
                0x20000550                FS_Desc
 *(.data*)
 .data.impure_data
                0x2000056c       0x60 c:/ac6/systemworkbench/plugins/fr.ac6.mcu.externaltools.arm-none.win32_1.13.2.201703061525/tools/compiler/bin/../lib/gcc/arm-none-eabi/5.4.1/../../../../arm-none-eabi/lib/armv7-m\libc_nano.a(lib_a-impure.o)
 .data._impure_ptr
                0x200005cc        0x4 c:/ac6/systemworkbench/plugins/fr.ac6.mcu.externaltools.arm-none.win32_1.13.2.201703061525/tools/compiler/bin/../lib/gcc/arm-none-eabi/5.4.1/../../../../arm-none-eabi/lib/armv7-m\libc_nano.a(lib_a-impure.o)
                0x200005cc                _impure_ptr
 .data.__global_locale
                0x200005d0      0x16c c:/ac6/systemworkbench/plugins/fr.ac6.mcu.externaltools.arm-none.win32_1.13.2.201703061525/tools/compiler/bin/../lib/gcc/arm-none-eabi/5.4.1/../../../../arm-none-eabi/lib/armv7-m\libc_nano.a(lib_a-locale.o)
                0x200005d0                __global_locale
                0x2000073c                . = ALIGN (0x4)
                0x2000073c                _edata = .

.jcr            0x2000073c        0x0 load address 0x08008cf4
 .jcr           0x2000073c        0x0 c:/ac6/systemworkbench/plugins/fr.ac6.mcu.externaltools.arm-none.win32_1.13.2.201703061525/tools/compiler/bin/../lib/gcc/arm-none-eabi/5.4.1/armv7-m/crtbegin.o

.igot.plt       0x2000073c        0x0 load address 0x08008cf4
 .igot.plt      0x2000073c        0x0 c:/ac6/systemworkbench/plugins/fr.ac6.mcu.externaltools.arm-none.win32_1.13.2.201703061525/tools/compiler/bin/../lib/gcc/arm-none-eabi/5.4.1/armv7-m/crtbegin.o
                0x2000073c                . = ALIGN (0x4)

.bss            0x2000073c      0xbb4 load address 0x08008cf4
                0x2000073c                _sbss = .
                0x2000073c                __bss_start__ = _sbss
 *(.bss)
 .bss           0x2000073c       0x1c c:/ac6/systemworkbench/plugins/fr.ac6.mcu.externaltools.arm-none.win32_1.13.2.201703061525/tools/compiler/bin/../lib/gcc/arm-none-eabi/5.4.1/armv7-m/crtbegin.o
 .bss           0x20000758        0x4 Drivers/STM32F1xx_HAL_Driver/Src/stm32f1xx_hal.o
 .bss           0x2000075c        0x1 Drivers/STM32F1xx_HAL_Driver/Src/stm32f1xx_hal_spi_ex.o
                0x2000075c                uCRCErrorWorkaroundCheck
 .bss           0x2000075d        0x1 Middlewares/ST/STM32_USB_Device_Library/Class/CDC/Src/usbd_cdc.o
 .bss           0x2000075e        0x1 Middlewares/ST/STM32_USB_Device_Library/Core/Src/usbd_ctlreq.o
 .bss           0x2000075f        0x1 Src/ssd1306.o
                0x2000075f                vccstate
 .bss           0x20000760      0x220 Src/usbd_conf.o
 *(.bss*)
 .bss.__malloc_sbrk_start
                0x20000980        0x4 c:/ac6/systemworkbench/plugins/fr.ac6.mcu.externaltools.arm-none.win32_1.13.2.201703061525/tools/compiler/bin/../lib/gcc/arm-none-eabi/5.4.1/../../../../arm-none-eabi/lib/armv7-m\libc_nano.a(lib_a-nano-mallocr.o)
                0x20000980                __malloc_sbrk_start
 .bss.__malloc_free_list
                0x20000984        0x4 c:/ac6/systemworkbench/plugins/fr.ac6.mcu.externaltools.arm-none.win32_1.13.2.201703061525/tools/compiler/bin/../lib/gcc/arm-none-eabi/5.4.1/../../../../arm-none-eabi/lib/armv7-m\libc_nano.a(lib_a-nano-mallocr.o)
                0x20000984                __malloc_free_list
 .bss.heap_end.4167
                0x20000988        0x4 c:/ac6/systemworkbench/plugins/fr.ac6.mcu.externaltools.arm-none.win32_1.13.2.201703061525/tools/compiler/bin/../lib/gcc/arm-none-eabi/5.4.1/../../../../arm-none-eabi/lib/armv7-m\libnosys.a(sbrk.o)
 *(COMMON)
 COMMON         0x2000098c       0x1c Src/Adafruit_GFX.o
                0x2000098c                cursor_y
                0x20000990                gfxFont
                0x20000994                _cp437
                0x20000998                _width
                0x2000099a                cursor_x
                0x2000099c                wrap
                0x200009a0                textsize
                0x200009a2                _height
                0x200009a4                textbgcolor
                0x200009a6                textcolor
 COMMON         0x200009a8       0x30 Src/adc.o
                0x200009a8                hadc1
 COMMON         0x200009d8        0x8 Src/crc.o
                0x200009d8                hcrc
 COMMON         0x200009e0       0x3c Src/i2c.o
                0x200009e0                hi2c1
 COMMON         0x20000a1c       0x10 Src/iwdg.o
                0x20000a1c                hiwdg
 COMMON         0x20000a2c       0x14 Src/rtc.o
                0x20000a2c                hrtc
 COMMON         0x20000a40       0x58 Src/spi.o
                0x20000a40                hspi1
 COMMON         0x20000a98        0x8 Src/ssd1306.o
                0x20000a98                i2caddr
                0x20000a9c                rotation
 COMMON         0x20000aa0      0x224 Src/usb_device.o
                0x20000aa0                hUsbDeviceFS
 COMMON         0x20000cc4        0x8 Src/usbd_cdc_if.o
                0x20000cc4                UserRxBufferFS
                0x20000cc8                UserTxBufferFS
 COMMON         0x20000ccc      0x420 Src/usbd_conf.o
                0x20000ccc                hpcd_USB_FS
 COMMON         0x200010ec      0x200 Src/usbd_desc.o
                0x200010ec                USBD_StrDesc
 COMMON         0x200012ec        0x4 c:/ac6/systemworkbench/plugins/fr.ac6.mcu.externaltools.arm-none.win32_1.13.2.201703061525/tools/compiler/bin/../lib/gcc/arm-none-eabi/5.4.1/../../../../arm-none-eabi/lib/armv7-m\libc_nano.a(lib_a-reent.o)
                0x200012ec                errno
                0x200012f0                . = ALIGN (0x4)
                0x200012f0                _ebss = .
                0x200012f0                __bss_end__ = _ebss

._user_heap_stack
                0x200012f0      0x600 load address 0x08008cf4
                0x200012f0                . = ALIGN (0x8)
                0x200012f0                PROVIDE (end, .)
                [!provide]                PROVIDE (_end, .)
                0x200014f0                . = (. + _Min_Heap_Size)
 *fill*         0x200012f0      0x200 
                0x200018f0                . = (. + _Min_Stack_Size)
 *fill*         0x200014f0      0x400 
                0x200018f0                . = ALIGN (0x8)

/DISCARD/
 libc.a(*)
 libm.a(*)
 libgcc.a(*)

.ARM.attributes
                0x00000000       0x29
 *(.ARM.attributes)
 .ARM.attributes
                0x00000000       0x1d c:/ac6/systemworkbench/plugins/fr.ac6.mcu.externaltools.arm-none.win32_1.13.2.201703061525/tools/compiler/bin/../lib/gcc/arm-none-eabi/5.4.1/armv7-m/crti.o
 .ARM.attributes
                0x0000001d       0x2d c:/ac6/systemworkbench/plugins/fr.ac6.mcu.externaltools.arm-none.win32_1.13.2.201703061525/tools/compiler/bin/../lib/gcc/arm-none-eabi/5.4.1/armv7-m/crtbegin.o
 .ARM.attributes
                0x0000004a       0x33 Drivers/STM32F1xx_HAL_Driver/Src/stm32f1xx_hal.o
 .ARM.attributes
                0x0000007d       0x33 Drivers/STM32F1xx_HAL_Driver/Src/stm32f1xx_hal_adc.o
 .ARM.attributes
                0x000000b0       0x33 Drivers/STM32F1xx_HAL_Driver/Src/stm32f1xx_hal_cortex.o
 .ARM.attributes
                0x000000e3       0x33 Drivers/STM32F1xx_HAL_Driver/Src/stm32f1xx_hal_crc.o
 .ARM.attributes
                0x00000116       0x33 Drivers/STM32F1xx_HAL_Driver/Src/stm32f1xx_hal_gpio.o
 .ARM.attributes
                0x00000149       0x33 Drivers/STM32F1xx_HAL_Driver/Src/stm32f1xx_hal_i2c.o
 .ARM.attributes
                0x0000017c       0x33 Drivers/STM32F1xx_HAL_Driver/Src/stm32f1xx_hal_iwdg.o
 .ARM.attributes
                0x000001af       0x33 Drivers/STM32F1xx_HAL_Driver/Src/stm32f1xx_hal_pcd.o
 .ARM.attributes
                0x000001e2       0x33 Drivers/STM32F1xx_HAL_Driver/Src/stm32f1xx_hal_pcd_ex.o
 .ARM.attributes
                0x00000215       0x33 Drivers/STM32F1xx_HAL_Driver/Src/stm32f1xx_hal_pwr.o
 .ARM.attributes
                0x00000248       0x33 Drivers/STM32F1xx_HAL_Driver/Src/stm32f1xx_hal_rcc.o
 .ARM.attributes
                0x0000027b       0x33 Drivers/STM32F1xx_HAL_Driver/Src/stm32f1xx_hal_rcc_ex.o
 .ARM.attributes
                0x000002ae       0x33 Drivers/STM32F1xx_HAL_Driver/Src/stm32f1xx_hal_rtc.o
 .ARM.attributes
                0x000002e1       0x33 Drivers/STM32F1xx_HAL_Driver/Src/stm32f1xx_hal_spi_ex.o
 .ARM.attributes
                0x00000314       0x33 Drivers/STM32F1xx_HAL_Driver/Src/stm32f1xx_ll_usb.o
 .ARM.attributes
                0x00000347       0x33 Middlewares/ST/STM32_USB_Device_Library/Class/CDC/Src/usbd_cdc.o
 .ARM.attributes
                0x0000037a       0x33 Middlewares/ST/STM32_USB_Device_Library/Core/Src/usbd_core.o
 .ARM.attributes
                0x000003ad       0x33 Middlewares/ST/STM32_USB_Device_Library/Core/Src/usbd_ctlreq.o
 .ARM.attributes
                0x000003e0       0x33 Middlewares/ST/STM32_USB_Device_Library/Core/Src/usbd_ioreq.o
 .ARM.attributes
                0x00000413       0x33 Src/Adafruit_GFX.o
 .ARM.attributes
                0x00000446       0x33 Src/adc.o
 .ARM.attributes
                0x00000479       0x33 Src/crc.o
 .ARM.attributes
                0x000004ac       0x33 Src/gpio.o
 .ARM.attributes
                0x000004df       0x33 Src/i2c.o
 .ARM.attributes
                0x00000512       0x33 Src/iwdg.o
 .ARM.attributes
                0x00000545       0x33 Src/main.o
 .ARM.attributes
                0x00000578       0x33 Src/rtc.o
 .ARM.attributes
                0x000005ab       0x33 Src/spi.o
 .ARM.attributes
                0x000005de       0x33 Src/ssd1306.o
 .ARM.attributes
                0x00000611       0x33 Src/stm32f1xx_hal_msp.o
 .ARM.attributes
                0x00000644       0x33 Src/stm32f1xx_it.o
 .ARM.attributes
                0x00000677       0x33 Src/system_stm32f1xx.o
 .ARM.attributes
                0x000006aa       0x33 Src/usb_device.o
 .ARM.attributes
                0x000006dd       0x33 Src/usbd_cdc_if.o
 .ARM.attributes
                0x00000710       0x33 Src/usbd_conf.o
 .ARM.attributes
                0x00000743       0x33 Src/usbd_desc.o
 .ARM.attributes
                0x00000776       0x21 startup/startup_stm32f103xb.o
 .ARM.attributes
                0x00000797       0x1d c:/ac6/systemworkbench/plugins/fr.ac6.mcu.externaltools.arm-none.win32_1.13.2.201703061525/tools/compiler/bin/../lib/gcc/arm-none-eabi/5.4.1/armv7-m\libgcc.a(_arm_addsubdf3.o)
 .ARM.attributes
                0x000007b4       0x1d c:/ac6/systemworkbench/plugins/fr.ac6.mcu.externaltools.arm-none.win32_1.13.2.201703061525/tools/compiler/bin/../lib/gcc/arm-none-eabi/5.4.1/armv7-m\libgcc.a(_arm_addsubsf3.o)
 .ARM.attributes
                0x000007d1       0x1d c:/ac6/systemworkbench/plugins/fr.ac6.mcu.externaltools.arm-none.win32_1.13.2.201703061525/tools/compiler/bin/../lib/gcc/arm-none-eabi/5.4.1/armv7-m\libgcc.a(_arm_muldivsf3.o)
 .ARM.attributes
                0x000007ee       0x2d c:/ac6/systemworkbench/plugins/fr.ac6.mcu.externaltools.arm-none.win32_1.13.2.201703061525/tools/compiler/bin/../lib/gcc/arm-none-eabi/5.4.1/../../../../arm-none-eabi/lib/armv7-m\libc_nano.a(lib_a-impure.o)
 .ARM.attributes
                0x0000081b       0x2d c:/ac6/systemworkbench/plugins/fr.ac6.mcu.externaltools.arm-none.win32_1.13.2.201703061525/tools/compiler/bin/../lib/gcc/arm-none-eabi/5.4.1/../../../../arm-none-eabi/lib/armv7-m\libc_nano.a(lib_a-init.o)
 .ARM.attributes
                0x00000848       0x2d c:/ac6/systemworkbench/plugins/fr.ac6.mcu.externaltools.arm-none.win32_1.13.2.201703061525/tools/compiler/bin/../lib/gcc/arm-none-eabi/5.4.1/../../../../arm-none-eabi/lib/armv7-m\libc_nano.a(lib_a-memset.o)
 .ARM.attributes
                0x00000875       0x2d c:/ac6/systemworkbench/plugins/fr.ac6.mcu.externaltools.arm-none.win32_1.13.2.201703061525/tools/compiler/bin/../lib/gcc/arm-none-eabi/5.4.1/../../../../arm-none-eabi/lib/armv7-m\libc_nano.a(lib_a-nano-vfprintf_float.o)
 .ARM.attributes
                0x000008a2       0x2d c:/ac6/systemworkbench/plugins/fr.ac6.mcu.externaltools.arm-none.win32_1.13.2.201703061525/tools/compiler/bin/../lib/gcc/arm-none-eabi/5.4.1/../../../../arm-none-eabi/lib/armv7-m\libc_nano.a(lib_a-nano-vfprintf_i.o)
 .ARM.attributes
                0x000008cf       0x2d c:/ac6/systemworkbench/plugins/fr.ac6.mcu.externaltools.arm-none.win32_1.13.2.201703061525/tools/compiler/bin/../lib/gcc/arm-none-eabi/5.4.1/../../../../arm-none-eabi/lib/armv7-m\libc_nano.a(lib_a-sprintf.o)
 .ARM.attributes
                0x000008fc       0x17 c:/ac6/systemworkbench/plugins/fr.ac6.mcu.externaltools.arm-none.win32_1.13.2.201703061525/tools/compiler/bin/../lib/gcc/arm-none-eabi/5.4.1/../../../../arm-none-eabi/lib/armv7-m\libc_nano.a(lib_a-strlen.o)
 .ARM.attributes
                0x00000913       0x2d c:/ac6/systemworkbench/plugins/fr.ac6.mcu.externaltools.arm-none.win32_1.13.2.201703061525/tools/compiler/bin/../lib/gcc/arm-none-eabi/5.4.1/../../../../arm-none-eabi/lib/armv7-m\libc_nano.a(lib_a-dtoa.o)
 .ARM.attributes
                0x00000940       0x2d c:/ac6/systemworkbench/plugins/fr.ac6.mcu.externaltools.arm-none.win32_1.13.2.201703061525/tools/compiler/bin/../lib/gcc/arm-none-eabi/5.4.1/../../../../arm-none-eabi/lib/armv7-m\libc_nano.a(lib_a-localeconv.o)
 .ARM.attributes
                0x0000096d       0x2d c:/ac6/systemworkbench/plugins/fr.ac6.mcu.externaltools.arm-none.win32_1.13.2.201703061525/tools/compiler/bin/../lib/gcc/arm-none-eabi/5.4.1/../../../../arm-none-eabi/lib/armv7-m\libc_nano.a(lib_a-malloc.o)
 .ARM.attributes
                0x0000099a       0x2d c:/ac6/systemworkbench/plugins/fr.ac6.mcu.externaltools.arm-none.win32_1.13.2.201703061525/tools/compiler/bin/../lib/gcc/arm-none-eabi/5.4.1/../../../../arm-none-eabi/lib/armv7-m\libc_nano.a(lib_a-memchr-stub.o)
 .ARM.attributes
                0x000009c7       0x2d c:/ac6/systemworkbench/plugins/fr.ac6.mcu.externaltools.arm-none.win32_1.13.2.201703061525/tools/compiler/bin/../lib/gcc/arm-none-eabi/5.4.1/../../../../arm-none-eabi/lib/armv7-m\libc_nano.a(lib_a-memcpy-stub.o)
 .ARM.attributes
                0x000009f4       0x2d c:/ac6/systemworkbench/plugins/fr.ac6.mcu.externaltools.arm-none.win32_1.13.2.201703061525/tools/compiler/bin/../lib/gcc/arm-none-eabi/5.4.1/../../../../arm-none-eabi/lib/armv7-m\libc_nano.a(lib_a-mprec.o)
 .ARM.attributes
                0x00000a21       0x2d c:/ac6/systemworkbench/plugins/fr.ac6.mcu.externaltools.arm-none.win32_1.13.2.201703061525/tools/compiler/bin/../lib/gcc/arm-none-eabi/5.4.1/../../../../arm-none-eabi/lib/armv7-m\libc_nano.a(lib_a-nano-callocr.o)
 .ARM.attributes
                0x00000a4e       0x2d c:/ac6/systemworkbench/plugins/fr.ac6.mcu.externaltools.arm-none.win32_1.13.2.201703061525/tools/compiler/bin/../lib/gcc/arm-none-eabi/5.4.1/../../../../arm-none-eabi/lib/armv7-m\libc_nano.a(lib_a-nano-freer.o)
 .ARM.attributes
                0x00000a7b       0x2d c:/ac6/systemworkbench/plugins/fr.ac6.mcu.externaltools.arm-none.win32_1.13.2.201703061525/tools/compiler/bin/../lib/gcc/arm-none-eabi/5.4.1/../../../../arm-none-eabi/lib/armv7-m\libc_nano.a(lib_a-nano-mallocr.o)
 .ARM.attributes
                0x00000aa8       0x2d c:/ac6/systemworkbench/plugins/fr.ac6.mcu.externaltools.arm-none.win32_1.13.2.201703061525/tools/compiler/bin/../lib/gcc/arm-none-eabi/5.4.1/../../../../arm-none-eabi/lib/armv7-m\libc_nano.a(lib_a-nano-svfprintf.o)
 .ARM.attributes
                0x00000ad5       0x2d c:/ac6/systemworkbench/plugins/fr.ac6.mcu.externaltools.arm-none.win32_1.13.2.201703061525/tools/compiler/bin/../lib/gcc/arm-none-eabi/5.4.1/../../../../arm-none-eabi/lib/armv7-m\libc_nano.a(lib_a-sbrkr.o)
 .ARM.attributes
                0x00000b02       0x2d c:/ac6/systemworkbench/plugins/fr.ac6.mcu.externaltools.arm-none.win32_1.13.2.201703061525/tools/compiler/bin/../lib/gcc/arm-none-eabi/5.4.1/../../../../arm-none-eabi/lib/armv7-m\libc_nano.a(lib_a-locale.o)
 .ARM.attributes
                0x00000b2f       0x2d c:/ac6/systemworkbench/plugins/fr.ac6.mcu.externaltools.arm-none.win32_1.13.2.201703061525/tools/compiler/bin/../lib/gcc/arm-none-eabi/5.4.1/../../../../arm-none-eabi/lib/armv7-m\libc_nano.a(lib_a-mbtowc_r.o)
 .ARM.attributes
                0x00000b5c       0x2d c:/ac6/systemworkbench/plugins/fr.ac6.mcu.externaltools.arm-none.win32_1.13.2.201703061525/tools/compiler/bin/../lib/gcc/arm-none-eabi/5.4.1/../../../../arm-none-eabi/lib/armv7-m\libc_nano.a(lib_a-memmove.o)
 .ARM.attributes
                0x00000b89       0x2d c:/ac6/systemworkbench/plugins/fr.ac6.mcu.externaltools.arm-none.win32_1.13.2.201703061525/tools/compiler/bin/../lib/gcc/arm-none-eabi/5.4.1/../../../../arm-none-eabi/lib/armv7-m\libc_nano.a(lib_a-mlock.o)
 .ARM.attributes
                0x00000bb6       0x2d c:/ac6/systemworkbench/plugins/fr.ac6.mcu.externaltools.arm-none.win32_1.13.2.201703061525/tools/compiler/bin/../lib/gcc/arm-none-eabi/5.4.1/../../../../arm-none-eabi/lib/armv7-m\libc_nano.a(lib_a-nano-reallocr.o)
 .ARM.attributes
                0x00000be3       0x2d c:/ac6/systemworkbench/plugins/fr.ac6.mcu.externaltools.arm-none.win32_1.13.2.201703061525/tools/compiler/bin/../lib/gcc/arm-none-eabi/5.4.1/../../../../arm-none-eabi/lib/armv7-m\libc_nano.a(lib_a-reent.o)
 .ARM.attributes
                0x00000c10       0x2d c:/ac6/systemworkbench/plugins/fr.ac6.mcu.externaltools.arm-none.win32_1.13.2.201703061525/tools/compiler/bin/../lib/gcc/arm-none-eabi/5.4.1/../../../../arm-none-eabi/lib/armv7-m\libc_nano.a(lib_a-wctomb_r.o)
 .ARM.attributes
                0x00000c3d       0x2d c:/ac6/systemworkbench/plugins/fr.ac6.mcu.externaltools.arm-none.win32_1.13.2.201703061525/tools/compiler/bin/../lib/gcc/arm-none-eabi/5.4.1/../../../../arm-none-eabi/lib/armv7-m\libc_nano.a(lib_a-ctype_.o)
 .ARM.attributes
                0x00000c6a       0x2d c:/ac6/systemworkbench/plugins/fr.ac6.mcu.externaltools.arm-none.win32_1.13.2.201703061525/tools/compiler/bin/../lib/gcc/arm-none-eabi/5.4.1/../../../../arm-none-eabi/lib/armv7-m\libc_nano.a(lib_a-nano-msizer.o)
 .ARM.attributes
                0x00000c97       0x1d c:/ac6/systemworkbench/plugins/fr.ac6.mcu.externaltools.arm-none.win32_1.13.2.201703061525/tools/compiler/bin/../lib/gcc/arm-none-eabi/5.4.1/armv7-m\libgcc.a(_arm_muldivdf3.o)
 .ARM.attributes
                0x00000cb4       0x1d c:/ac6/systemworkbench/plugins/fr.ac6.mcu.externaltools.arm-none.win32_1.13.2.201703061525/tools/compiler/bin/../lib/gcc/arm-none-eabi/5.4.1/armv7-m\libgcc.a(_arm_cmpdf2.o)
 .ARM.attributes
                0x00000cd1       0x1d c:/ac6/systemworkbench/plugins/fr.ac6.mcu.externaltools.arm-none.win32_1.13.2.201703061525/tools/compiler/bin/../lib/gcc/arm-none-eabi/5.4.1/armv7-m\libgcc.a(_arm_unorddf2.o)
 .ARM.attributes
                0x00000cee       0x1d c:/ac6/systemworkbench/plugins/fr.ac6.mcu.externaltools.arm-none.win32_1.13.2.201703061525/tools/compiler/bin/../lib/gcc/arm-none-eabi/5.4.1/armv7-m\libgcc.a(_arm_fixdfsi.o)
 .ARM.attributes
                0x00000d0b       0x2d c:/ac6/systemworkbench/plugins/fr.ac6.mcu.externaltools.arm-none.win32_1.13.2.201703061525/tools/compiler/bin/../lib/gcc/arm-none-eabi/5.4.1/../../../../arm-none-eabi/lib/armv7-m\libnosys.a(sbrk.o)
 .ARM.attributes
                0x00000d38       0x1d c:/ac6/systemworkbench/plugins/fr.ac6.mcu.externaltools.arm-none.win32_1.13.2.201703061525/tools/compiler/bin/../lib/gcc/arm-none-eabi/5.4.1/armv7-m/crtn.o
OUTPUT(adf7030_test_hsi.elf elf32-littlearm)

.debug_info     0x00000000    0x17d2a
 .debug_info    0x00000000      0x68a Drivers/STM32F1xx_HAL_Driver/Src/stm32f1xx_hal.o
 .debug_info    0x0000068a      0xf9d Drivers/STM32F1xx_HAL_Driver/Src/stm32f1xx_hal_adc.o
 .debug_info    0x00001627      0xc25 Drivers/STM32F1xx_HAL_Driver/Src/stm32f1xx_hal_cortex.o
 .debug_info    0x0000224c      0x3a3 Drivers/STM32F1xx_HAL_Driver/Src/stm32f1xx_hal_crc.o
 .debug_info    0x000025ef      0x60f Drivers/STM32F1xx_HAL_Driver/Src/stm32f1xx_hal_gpio.o
 .debug_info    0x00002bfe     0x2a4c Drivers/STM32F1xx_HAL_Driver/Src/stm32f1xx_hal_i2c.o
 .debug_info    0x0000564a      0x33b Drivers/STM32F1xx_HAL_Driver/Src/stm32f1xx_hal_iwdg.o
 .debug_info    0x00005985      0xfdd Drivers/STM32F1xx_HAL_Driver/Src/stm32f1xx_hal_pcd.o
 .debug_info    0x00006962      0x5a9 Drivers/STM32F1xx_HAL_Driver/Src/stm32f1xx_hal_pcd_ex.o
 .debug_info    0x00006f0b      0x7b5 Drivers/STM32F1xx_HAL_Driver/Src/stm32f1xx_hal_pwr.o
 .debug_info    0x000076c0     0x1244 Drivers/STM32F1xx_HAL_Driver/Src/stm32f1xx_hal_rcc.o
 .debug_info    0x00008904      0x57b Drivers/STM32F1xx_HAL_Driver/Src/stm32f1xx_hal_rcc_ex.o
 .debug_info    0x00008e7f     0x1212 Drivers/STM32F1xx_HAL_Driver/Src/stm32f1xx_hal_rtc.o
 .debug_info    0x0000a091      0x5ad Drivers/STM32F1xx_HAL_Driver/Src/stm32f1xx_hal_spi_ex.o
 .debug_info    0x0000a63e      0xd6a Drivers/STM32F1xx_HAL_Driver/Src/stm32f1xx_ll_usb.o
 .debug_info    0x0000b3a8      0xc84 Middlewares/ST/STM32_USB_Device_Library/Class/CDC/Src/usbd_cdc.o
 .debug_info    0x0000c02c      0xbdd Middlewares/ST/STM32_USB_Device_Library/Core/Src/usbd_core.o
 .debug_info    0x0000cc09      0xbcb Middlewares/ST/STM32_USB_Device_Library/Core/Src/usbd_ctlreq.o
 .debug_info    0x0000d7d4      0x765 Middlewares/ST/STM32_USB_Device_Library/Core/Src/usbd_ioreq.o
 .debug_info    0x0000df39     0x1c12 Src/Adafruit_GFX.o
 .debug_info    0x0000fb4b      0x65d Src/adc.o
 .debug_info    0x000101a8      0x367 Src/crc.o
 .debug_info    0x0001050f      0x382 Src/gpio.o
 .debug_info    0x00010891      0x764 Src/i2c.o
 .debug_info    0x00010ff5      0x27b Src/iwdg.o
 .debug_info    0x00011270     0x13a2 Src/main.o
 .debug_info    0x00012612      0x4ca Src/rtc.o
 .debug_info    0x00012adc      0x7a4 Src/spi.o
 .debug_info    0x00013280     0x11e1 Src/ssd1306.o
 .debug_info    0x00014461      0x3ca Src/stm32f1xx_hal_msp.o
 .debug_info    0x0001482b      0x5aa Src/stm32f1xx_it.o
 .debug_info    0x00014dd5      0x3eb Src/system_stm32f1xx.o
 .debug_info    0x000151c0      0x619 Src/usb_device.o
 .debug_info    0x000157d9      0x81d Src/usbd_cdc_if.o
 .debug_info    0x00015ff6     0x17dd Src/usbd_conf.o
 .debug_info    0x000177d3      0x4f2 Src/usbd_desc.o
 .debug_info    0x00017cc5       0x65 startup/startup_stm32f103xb.o

.debug_abbrev   0x00000000     0x4891
 .debug_abbrev  0x00000000      0x231 Drivers/STM32F1xx_HAL_Driver/Src/stm32f1xx_hal.o
 .debug_abbrev  0x00000231      0x2c2 Drivers/STM32F1xx_HAL_Driver/Src/stm32f1xx_hal_adc.o
 .debug_abbrev  0x000004f3      0x2f1 Drivers/STM32F1xx_HAL_Driver/Src/stm32f1xx_hal_cortex.o
 .debug_abbrev  0x000007e4      0x196 Drivers/STM32F1xx_HAL_Driver/Src/stm32f1xx_hal_crc.o
 .debug_abbrev  0x0000097a      0x1cb Drivers/STM32F1xx_HAL_Driver/Src/stm32f1xx_hal_gpio.o
 .debug_abbrev  0x00000b45      0x2fa Drivers/STM32F1xx_HAL_Driver/Src/stm32f1xx_hal_i2c.o
 .debug_abbrev  0x00000e3f      0x182 Drivers/STM32F1xx_HAL_Driver/Src/stm32f1xx_hal_iwdg.o
 .debug_abbrev  0x00000fc1      0x309 Drivers/STM32F1xx_HAL_Driver/Src/stm32f1xx_hal_pcd.o
 .debug_abbrev  0x000012ca      0x16e Drivers/STM32F1xx_HAL_Driver/Src/stm32f1xx_hal_pcd_ex.o
 .debug_abbrev  0x00001438      0x20e Drivers/STM32F1xx_HAL_Driver/Src/stm32f1xx_hal_pwr.o
 .debug_abbrev  0x00001646      0x2c2 Drivers/STM32F1xx_HAL_Driver/Src/stm32f1xx_hal_rcc.o
 .debug_abbrev  0x00001908      0x22d Drivers/STM32F1xx_HAL_Driver/Src/stm32f1xx_hal_rcc_ex.o
 .debug_abbrev  0x00001b35      0x2d5 Drivers/STM32F1xx_HAL_Driver/Src/stm32f1xx_hal_rtc.o
 .debug_abbrev  0x00001e0a      0x160 Drivers/STM32F1xx_HAL_Driver/Src/stm32f1xx_hal_spi_ex.o
 .debug_abbrev  0x00001f6a      0x222 Drivers/STM32F1xx_HAL_Driver/Src/stm32f1xx_ll_usb.o
 .debug_abbrev  0x0000218c      0x259 Middlewares/ST/STM32_USB_Device_Library/Class/CDC/Src/usbd_cdc.o
 .debug_abbrev  0x000023e5      0x273 Middlewares/ST/STM32_USB_Device_Library/Core/Src/usbd_core.o
 .debug_abbrev  0x00002658      0x2c7 Middlewares/ST/STM32_USB_Device_Library/Core/Src/usbd_ctlreq.o
 .debug_abbrev  0x0000291f      0x158 Middlewares/ST/STM32_USB_Device_Library/Core/Src/usbd_ioreq.o
 .debug_abbrev  0x00002a77      0x27e Src/Adafruit_GFX.o
 .debug_abbrev  0x00002cf5      0x194 Src/adc.o
 .debug_abbrev  0x00002e89      0x151 Src/crc.o
 .debug_abbrev  0x00002fda      0x134 Src/gpio.o
 .debug_abbrev  0x0000310e      0x1b2 Src/i2c.o
 .debug_abbrev  0x000032c0      0x11b Src/iwdg.o
 .debug_abbrev  0x000033db      0x255 Src/main.o
 .debug_abbrev  0x00003630      0x1e4 Src/rtc.o
 .debug_abbrev  0x00003814      0x1b0 Src/spi.o
 .debug_abbrev  0x000039c4      0x317 Src/ssd1306.o
 .debug_abbrev  0x00003cdb      0x112 Src/stm32f1xx_hal_msp.o
 .debug_abbrev  0x00003ded      0x19c Src/stm32f1xx_it.o
 .debug_abbrev  0x00003f89      0x125 Src/system_stm32f1xx.o
 .debug_abbrev  0x000040ae      0x173 Src/usb_device.o
 .debug_abbrev  0x00004221      0x224 Src/usbd_cdc_if.o
 .debug_abbrev  0x00004445      0x29a Src/usbd_conf.o
 .debug_abbrev  0x000046df      0x1a0 Src/usbd_desc.o
 .debug_abbrev  0x0000487f       0x12 startup/startup_stm32f103xb.o

.debug_loc      0x00000000     0xc1ed
 .debug_loc     0x00000000       0x73 Drivers/STM32F1xx_HAL_Driver/Src/stm32f1xx_hal.o
 .debug_loc     0x00000073      0xa48 Drivers/STM32F1xx_HAL_Driver/Src/stm32f1xx_hal_adc.o
 .debug_loc     0x00000abb      0x48f Drivers/STM32F1xx_HAL_Driver/Src/stm32f1xx_hal_cortex.o
 .debug_loc     0x00000f4a      0x1ed Drivers/STM32F1xx_HAL_Driver/Src/stm32f1xx_hal_crc.o
 .debug_loc     0x00001137      0x2e8 Drivers/STM32F1xx_HAL_Driver/Src/stm32f1xx_hal_gpio.o
 .debug_loc     0x0000141f     0x2d44 Drivers/STM32F1xx_HAL_Driver/Src/stm32f1xx_hal_i2c.o
 .debug_loc     0x00004163       0xb3 Drivers/STM32F1xx_HAL_Driver/Src/stm32f1xx_hal_iwdg.o
 .debug_loc     0x00004216      0x9d0 Drivers/STM32F1xx_HAL_Driver/Src/stm32f1xx_hal_pcd.o
 .debug_loc     0x00004be6       0xa3 Drivers/STM32F1xx_HAL_Driver/Src/stm32f1xx_hal_pcd_ex.o
 .debug_loc     0x00004c89      0x11f Drivers/STM32F1xx_HAL_Driver/Src/stm32f1xx_hal_pwr.o
 .debug_loc     0x00004da8      0x8a9 Drivers/STM32F1xx_HAL_Driver/Src/stm32f1xx_hal_rcc.o
 .debug_loc     0x00005651      0x378 Drivers/STM32F1xx_HAL_Driver/Src/stm32f1xx_hal_rcc_ex.o
 .debug_loc     0x000059c9      0xfc8 Drivers/STM32F1xx_HAL_Driver/Src/stm32f1xx_hal_rtc.o
 .debug_loc     0x00006991       0x63 Drivers/STM32F1xx_HAL_Driver/Src/stm32f1xx_hal_spi_ex.o
 .debug_loc     0x000069f4      0xa61 Drivers/STM32F1xx_HAL_Driver/Src/stm32f1xx_ll_usb.o
 .debug_loc     0x00007455      0x4bc Middlewares/ST/STM32_USB_Device_Library/Class/CDC/Src/usbd_cdc.o
 .debug_loc     0x00007911      0x5d9 Middlewares/ST/STM32_USB_Device_Library/Core/Src/usbd_core.o
 .debug_loc     0x00007eea      0x6d9 Middlewares/ST/STM32_USB_Device_Library/Core/Src/usbd_ctlreq.o
 .debug_loc     0x000085c3      0x23c Middlewares/ST/STM32_USB_Device_Library/Core/Src/usbd_ioreq.o
 .debug_loc     0x000087ff     0x1e74 Src/Adafruit_GFX.o
 .debug_loc     0x0000a673       0x4d Src/i2c.o
 .debug_loc     0x0000a6c0      0x14c Src/main.o
 .debug_loc     0x0000a80c       0x4d Src/rtc.o
 .debug_loc     0x0000a859       0x4d Src/spi.o
 .debug_loc     0x0000a8a6      0xbae Src/ssd1306.o
 .debug_loc     0x0000b454       0xb5 Src/system_stm32f1xx.o
 .debug_loc     0x0000b509      0x10c Src/usbd_cdc_if.o
 .debug_loc     0x0000b615      0x965 Src/usbd_conf.o
 .debug_loc     0x0000bf7a      0x273 Src/usbd_desc.o

.debug_aranges  0x00000000     0x1008
 .debug_aranges
                0x00000000       0xa8 Drivers/STM32F1xx_HAL_Driver/Src/stm32f1xx_hal.o
 .debug_aranges
                0x000000a8       0xc8 Drivers/STM32F1xx_HAL_Driver/Src/stm32f1xx_hal_adc.o
 .debug_aranges
                0x00000170       0x90 Drivers/STM32F1xx_HAL_Driver/Src/stm32f1xx_hal_cortex.o
 .debug_aranges
                0x00000200       0x48 Drivers/STM32F1xx_HAL_Driver/Src/stm32f1xx_hal_crc.o
 .debug_aranges