Archive member included to satisfy reference by file (symbol)

c:/ac6/systemworkbench/plugins/fr.ac6.mcu.externaltools.arm-none.win32_1.13.2.201703061525/tools/compiler/bin/../lib/gcc/arm-none-eabi/5.4.1/armv7-m\libgcc.a(_arm_addsubdf3.o)
                              Src/main.o (__aeabi_f2d)
c:/ac6/systemworkbench/plugins/fr.ac6.mcu.externaltools.arm-none.win32_1.13.2.201703061525/tools/compiler/bin/../lib/gcc/arm-none-eabi/5.4.1/armv7-m\libgcc.a(_arm_addsubsf3.o)
                              Src/main.o (__aeabi_fsub)
c:/ac6/systemworkbench/plugins/fr.ac6.mcu.externaltools.arm-none.win32_1.13.2.201703061525/tools/compiler/bin/../lib/gcc/arm-none-eabi/5.4.1/armv7-m\libgcc.a(_arm_muldivsf3.o)
                              Src/main.o (__aeabi_fmul)
c:/ac6/systemworkbench/plugins/fr.ac6.mcu.externaltools.arm-none.win32_1.13.2.201703061525/tools/compiler/bin/../lib/gcc/arm-none-eabi/5.4.1/../../../../arm-none-eabi/lib/armv7-m\libc_nano.a(lib_a-exit.o)
                              c:/ac6/systemworkbench/plugins/fr.ac6.mcu.externaltools.arm-none.win32_1.13.2.201703061525/tools/compiler/bin/../lib/gcc/arm-none-eabi/5.4.1/../../../../arm-none-eabi/lib/armv7-m/crt0.o (exit)
c:/ac6/systemworkbench/plugins/fr.ac6.mcu.externaltools.arm-none.win32_1.13.2.201703061525/tools/compiler/bin/../lib/gcc/arm-none-eabi/5.4.1/../../../../arm-none-eabi/lib/armv7-m\libc_nano.a(lib_a-impure.o)
                              c:/ac6/systemworkbench/plugins/fr.ac6.mcu.externaltools.arm-none.win32_1.13.2.201703061525/tools/compiler/bin/../lib/gcc/arm-none-eabi/5.4.1/../../../../arm-none-eabi/lib/armv7-m\libc_nano.a(lib_a-exit.o) (_global_impure_ptr)
c:/ac6/systemworkbench/plugins/fr.ac6.mcu.externaltools.arm-none.win32_1.13.2.201703061525/tools/compiler/bin/../lib/gcc/arm-none-eabi/5.4.1/../../../../arm-none-eabi/lib/armv7-m\libc_nano.a(lib_a-init.o)
                              c:/ac6/systemworkbench/plugins/fr.ac6.mcu.externaltools.arm-none.win32_1.13.2.201703061525/tools/compiler/bin/../lib/gcc/arm-none-eabi/5.4.1/../../../../arm-none-eabi/lib/armv7-m/crt0.o (__libc_init_array)
c:/ac6/systemworkbench/plugins/fr.ac6.mcu.externaltools.arm-none.win32_1.13.2.201703061525/tools/compiler/bin/../lib/gcc/arm-none-eabi/5.4.1/../../../../arm-none-eabi/lib/armv7-m\libc_nano.a(lib_a-memset.o)
                              c:/ac6/systemworkbench/plugins/fr.ac6.mcu.externaltools.arm-none.win32_1.13.2.201703061525/tools/compiler/bin/../lib/gcc/arm-none-eabi/5.4.1/../../../../arm-none-eabi/lib/armv7-m/crt0.o (memset)
c:/ac6/systemworkbench/plugins/fr.ac6.mcu.externaltools.arm-none.win32_1.13.2.201703061525/tools/compiler/bin/../lib/gcc/arm-none-eabi/5.4.1/../../../../arm-none-eabi/lib/armv7-m\libc_nano.a(lib_a-nano-vfprintf_float.o)
                              (_printf_float)
c:/ac6/systemworkbench/plugins/fr.ac6.mcu.externaltools.arm-none.win32_1.13.2.201703061525/tools/compiler/bin/../lib/gcc/arm-none-eabi/5.4.1/../../../../arm-none-eabi/lib/armv7-m\libc_nano.a(lib_a-nano-vfprintf_i.o)
                              c:/ac6/systemworkbench/plugins/fr.ac6.mcu.externaltools.arm-none.win32_1.13.2.201703061525/tools/compiler/bin/../lib/gcc/arm-none-eabi/5.4.1/../../../../arm-none-eabi/lib/armv7-m\libc_nano.a(lib_a-nano-vfprintf_float.o) (_printf_common)
c:/ac6/systemworkbench/plugins/fr.ac6.mcu.externaltools.arm-none.win32_1.13.2.201703061525/tools/compiler/bin/../lib/gcc/arm-none-eabi/5.4.1/../../../../arm-none-eabi/lib/armv7-m\libc_nano.a(lib_a-sprintf.o)
                              Src/main.o (sprintf)
c:/ac6/systemworkbench/plugins/fr.ac6.mcu.externaltools.arm-none.win32_1.13.2.201703061525/tools/compiler/bin/../lib/gcc/arm-none-eabi/5.4.1/../../../../arm-none-eabi/lib/armv7-m\libc_nano.a(lib_a-strlen.o)
                              c:/ac6/systemworkbench/plugins/fr.ac6.mcu.externaltools.arm-none.win32_1.13.2.201703061525/tools/compiler/bin/../lib/gcc/arm-none-eabi/5.4.1/../../../../arm-none-eabi/lib/armv7-m\libc_nano.a(lib_a-nano-vfprintf_float.o) (strlen)
c:/ac6/systemworkbench/plugins/fr.ac6.mcu.externaltools.arm-none.win32_1.13.2.201703061525/tools/compiler/bin/../lib/gcc/arm-none-eabi/5.4.1/../../../../arm-none-eabi/lib/armv7-m\libc_nano.a(lib_a-dtoa.o)
                              c:/ac6/systemworkbench/plugins/fr.ac6.mcu.externaltools.arm-none.win32_1.13.2.201703061525/tools/compiler/bin/../lib/gcc/arm-none-eabi/5.4.1/../../../../arm-none-eabi/lib/armv7-m\libc_nano.a(lib_a-nano-vfprintf_float.o) (_dtoa_r)
c:/ac6/systemworkbench/plugins/fr.ac6.mcu.externaltools.arm-none.win32_1.13.2.201703061525/tools/compiler/bin/../lib/gcc/arm-none-eabi/5.4.1/../../../../arm-none-eabi/lib/armv7-m\libc_nano.a(lib_a-localeconv.o)
                              c:/ac6/systemworkbench/plugins/fr.ac6.mcu.externaltools.arm-none.win32_1.13.2.201703061525/tools/compiler/bin/../lib/gcc/arm-none-eabi/5.4.1/../../../../arm-none-eabi/lib/armv7-m\libc_nano.a(lib_a-nano-vfprintf_float.o) (_localeconv_r)
[...]
Memory Configuration

Name             Origin             Length             Attributes
RAM              0x20000000         0x00005000         xrw
FLASH            0x08000000         0x00010000         xr
*default*        0x00000000         0xffffffff

Linker script and memory map

LOAD c:/ac6/systemworkbench/plugins/fr.ac6.mcu.externaltools.arm-none.win32_1.13.2.201703061525/tools/compiler/bin/../lib/gcc/arm-none-eabi/5.4.1/armv7-m/crti.o
LOAD c:/ac6/systemworkbench/plugins/fr.ac6.mcu.externaltools.arm-none.win32_1.13.2.201703061525/tools/compiler/bin/../lib/gcc/arm-none-eabi/5.4.1/armv7-m/crtbegin.o
LOAD c:/ac6/systemworkbench/plugins/fr.ac6.mcu.externaltools.arm-none.win32_1.13.2.201703061525/tools/compiler/bin/../lib/gcc/arm-none-eabi/5.4.1/../../../../arm-none-eabi/lib/armv7-m/crt0.o
LOAD c:/ac6/systemworkbench/plugins/fr.ac6.mcu.externaltools.arm-none.win32_1.13.2.201703061525/tools/compiler/bin/../lib/gcc/arm-none-eabi/5.4.1/../../../../arm-none-eabi/lib/armv7-m\libm.a
LOAD Drivers/STM32F1xx_HAL_Driver/Src/stm32f1xx_hal.o
LOAD Drivers/STM32F1xx_HAL_Driver/Src/stm32f1xx_hal_adc.o
LOAD Drivers/STM32F1xx_HAL_Driver/Src/stm32f1xx_hal_adc_ex.o
LOAD Drivers/STM32F1xx_HAL_Driver/Src/stm32f1xx_hal_cortex.o
LOAD Drivers/STM32F1xx_HAL_Driver/Src/stm32f1xx_hal_crc.o
LOAD Drivers/STM32F1xx_HAL_Driver/Src/stm32f1xx_hal_dma.o
LOAD Drivers/STM32F1xx_HAL_Driver/Src/stm32f1xx_hal_flash.o
LOAD Drivers/STM32F1xx_HAL_Driver/Src/stm32f1xx_hal_flash_ex.o
LOAD Drivers/STM32F1xx_HAL_Driver/Src/stm32f1xx_hal_gpio.o
LOAD Drivers/STM32F1xx_HAL_Driver/Src/stm32f1xx_hal_gpio_ex.o
LOAD Drivers/STM32F1xx_HAL_Driver/Src/stm32f1xx_hal_i2c.o
LOAD Drivers/STM32F1xx_HAL_Driver/Src/stm32f1xx_hal_iwdg.o
LOAD Drivers/STM32F1xx_HAL_Driver/Src/stm32f1xx_hal_pcd.o
LOAD Drivers/STM32F1xx_HAL_Driver/Src/stm32f1xx_hal_pcd_ex.o
LOAD Drivers/STM32F1xx_HAL_Driver/Src/stm32f1xx_hal_pwr.o
LOAD Drivers/STM32F1xx_HAL_Driver/Src/stm32f1xx_hal_rcc.o
LOAD Drivers/STM32F1xx_HAL_Driver/Src/stm32f1xx_hal_rcc_ex.o
LOAD Drivers/STM32F1xx_HAL_Driver/Src/stm32f1xx_hal_rtc.o
LOAD Drivers/STM32F1xx_HAL_Driver/Src/stm32f1xx_hal_rtc_ex.o
LOAD Drivers/STM32F1xx_HAL_Driver/Src/stm32f1xx_hal_spi.o
LOAD Drivers/STM32F1xx_HAL_Driver/Src/stm32f1xx_hal_spi_ex.o
LOAD Drivers/STM32F1xx_HAL_Driver/Src/stm32f1xx_hal_tim.o
LOAD Drivers/STM32F1xx_HAL_Driver/Src/stm32f1xx_hal_tim_ex.o
LOAD Drivers/STM32F1xx_HAL_Driver/Src/stm32f1xx_ll_usb.o
LOAD Middlewares/ST/STM32_USB_Device_Library/Class/CDC/Src/usbd_cdc.o
LOAD Middlewares/ST/STM32_USB_Device_Library/Core/Src/usbd_core.o
LOAD Middlewares/ST/STM32_USB_Device_Library/Core/Src/usbd_ctlreq.o
LOAD Middlewares/ST/STM32_USB_Device_Library/Core/Src/usbd_ioreq.o
LOAD Src/Adafruit_GFX.o
LOAD Src/adc.o
LOAD Src/adf7030.o
LOAD Src/crc.o
LOAD Src/gfxfont.o
LOAD Src/gpio.o
LOAD Src/i2c.o
LOAD Src/iwdg.o
LOAD Src/main.o
LOAD Src/oled.o
LOAD Src/rtc.o
LOAD Src/spi.o
LOAD Src/ssd1306.o
LOAD Src/stm32f1xx_hal_msp.o
LOAD Src/stm32f1xx_it.o
LOAD Src/system_stm32f1xx.o
LOAD Src/test.o
LOAD Src/usb_device.o
LOAD Src/usbd_cdc_if.o
LOAD Src/usbd_conf.o
LOAD Src/usbd_desc.o
LOAD startup/startup_stm32f103xb.o
START GROUP
LOAD c:/ac6/systemworkbench/plugins/fr.ac6.mcu.externaltools.arm-none.win32_1.13.2.201703061525/tools/compiler/bin/../lib/gcc/arm-none-eabi/5.4.1/armv7-m\libgcc.a
LOAD c:/ac6/systemworkbench/plugins/fr.ac6.mcu.externaltools.arm-none.win32_1.13.2.201703061525/tools/compiler/bin/../lib/gcc/arm-none-eabi/5.4.1/../../../../arm-none-eabi/lib/armv7-m\libc_nano.a
END GROUP
START GROUP
LOAD c:/ac6/systemworkbench/plugins/fr.ac6.mcu.externaltools.arm-none.win32_1.13.2.201703061525/tools/compiler/bin/../lib/gcc/arm-none-eabi/5.4.1/armv7-m\libgcc.a
LOAD c:/ac6/systemworkbench/plugins/fr.ac6.mcu.externaltools.arm-none.win32_1.13.2.201703061525/tools/compiler/bin/../lib/gcc/arm-none-eabi/5.4.1/../../../../arm-none-eabi/lib/armv7-m\libc_nano.a
LOAD c:/ac6/systemworkbench/plugins/fr.ac6.mcu.externaltools.arm-none.win32_1.13.2.201703061525/tools/compiler/bin/../lib/gcc/arm-none-eabi/5.4.1/../../../../arm-none-eabi/lib/armv7-m\libnosys.a
END GROUP
START GROUP
LOAD c:/ac6/systemworkbench/plugins/fr.ac6.mcu.externaltools.arm-none.win32_1.13.2.201703061525/tools/compiler/bin/../lib/gcc/arm-none-eabi/5.4.1/armv7-m\libgcc.a
LOAD c:/ac6/systemworkbench/plugins/fr.ac6.mcu.externaltools.arm-none.win32_1.13.2.201703061525/tools/compiler/bin/../lib/gcc/arm-none-eabi/5.4.1/../../../../arm-none-eabi/lib/armv7-m\libc_nano.a
LOAD c:/ac6/systemworkbench/plugins/fr.ac6.mcu.externaltools.arm-none.win32_1.13.2.201703061525/tools/compiler/bin/../lib/gcc/arm-none-eabi/5.4.1/../../../../arm-none-eabi/lib/armv7-m\libnosys.a
END GROUP
LOAD c:/ac6/systemworkbench/plugins/fr.ac6.mcu.externaltools.arm-none.win32_1.13.2.201703061525/tools/compiler/bin/../lib/gcc/arm-none-eabi/5.4.1/armv7-m/crtend.o
LOAD c:/ac6/systemworkbench/plugins/fr.ac6.mcu.externaltools.arm-none.win32_1.13.2.201703061525/tools/compiler/bin/../lib/gcc/arm-none-eabi/5.4.1/armv7-m/crtn.o
                0x20005000                _estack = 0x20005000
                0x00000200                _Min_Heap_Size = 0x200
                0x00000400                _Min_Stack_Size = 0x400

.isr_vector     0x08000000      0x10c
                0x08000000                . = ALIGN (0x4)
 *(.isr_vector)
 .isr_vector    0x08000000      0x10c startup/startup_stm32f103xb.o
                0x08000000                g_pfnVectors
                0x0800010c                . = ALIGN (0x4)

.text           0x08000110     0x85e8
                0x08000110                . = ALIGN (0x4)
 *(.text)
 .text          0x08000110       0x5c c:/ac6/systemworkbench/plugins/fr.ac6.mcu.externaltools.arm-none.win32_1.13.2.201703061525/tools/compiler/bin/../lib/gcc/arm-none-eabi/5.4.1/armv7-m/crtbegin.o
 .text          0x0800016c      0x370 c:/ac6/systemworkbench/plugins/fr.ac6.mcu.externaltools.arm-none.win32_1.13.2.201703061525/tools/compiler/bin/../lib/gcc/arm-none-eabi/5.4.1/armv7-m\libgcc.a(_arm_addsubdf3.o)
                0x0800016c                __aeabi_drsub
                0x08000174                __aeabi_dsub
                0x08000174                __subdf3
                0x08000178                __aeabi_dadd
                0x08000178                __adddf3
                0x080003f0                __floatunsidf
                0x080003f0                __aeabi_ui2d
                0x08000410                __floatsidf
                0x08000410                __aeabi_i2d
                0x08000434                __aeabi_f2d
                0x08000434                __extendsfdf2
                0x08000470                __floatundidf
                0x08000470                __aeabi_ul2d
                0x08000480                __floatdidf
                0x08000480                __aeabi_l2d
 .text          0x080004dc      0x21c c:/ac6/systemworkbench/plugins/fr.ac6.mcu.externaltools.arm-none.win32_1.13.2.201703061525/tools/compiler/bin/../lib/gcc/arm-none-eabi/5.4.1/armv7-m\libgcc.a(_arm_addsubsf3.o)
                0x080004dc                __aeabi_frsub
                0x080004e4                __subsf3
                0x080004e4                __aeabi_fsub
                0x080004e8                __aeabi_fadd
                0x080004e8                __addsf3
                0x08000648                __aeabi_ui2f
                0x08000648                __floatunsisf
                0x08000650                __aeabi_i2f
                0x08000650                __floatsisf
                0x0800066c                __aeabi_ul2f
                0x0800066c                __floatundisf
                0x0800067c                __aeabi_l2f
                0x0800067c                __floatdisf
 .text          0x080006f8      0x2a0 c:/ac6/systemworkbench/plugins/fr.ac6.mcu.externaltools.arm-none.win32_1.13.2.201703061525/tools/compiler/bin/../lib/gcc/arm-none-eabi/5.4.1/armv7-m\libgcc.a(_arm_muldivsf3.o)
                0x080006f8                __mulsf3
                0x080006f8                __aeabi_fmul
                0x08000860                __aeabi_fdiv
                0x08000860                __divsf3
 .text          0x08000998       0x10 c:/ac6/systemworkbench/plugins/fr.ac6.mcu.externaltools.arm-none.win32_1.13.2.201703061525/tools/compiler/bin/../lib/gcc/arm-none-eabi/5.4.1/../../../../arm-none-eabi/lib/armv7-m\libc_nano.a(lib_a-strlen.o)
                0x08000998                strlen
 .text          0x080009a8      0x424 c:/ac6/systemworkbench/plugins/fr.ac6.mcu.externaltools.arm-none.win32_1.13.2.201703061525/tools/compiler/bin/../lib/gcc/arm-none-eabi/5.4.1/armv7-m\libgcc.a(_arm_muldivdf3.o)
                0x080009a8                __aeabi_dmul
                0x080009a8                __muldf3
                0x08000bfc                __divdf3
                0x08000bfc                __aeabi_ddiv
 .text          0x08000dcc      0x110 c:/ac6/systemworkbench/plugins/fr.ac6.mcu.externaltools.arm-none.win32_1.13.2.201703061525/tools/compiler/bin/../lib/gcc/arm-none-eabi/5.4.1/armv7-m\libgcc.a(_arm_cmpdf2.o)
                0x08000dcc                __gtdf2
                0x08000dcc                __gedf2
                0x08000dd4                __ltdf2
                0x08000dd4                __ledf2
                0x08000ddc                __nedf2
                0x08000ddc                __eqdf2
                0x08000ddc                __cmpdf2
                0x08000e58                __aeabi_cdrcmple
                0x08000e68                __aeabi_cdcmpeq
                0x08000e68                __aeabi_cdcmple
                0x08000e78                __aeabi_dcmpeq
                0x08000e8c                __aeabi_dcmplt
                0x08000ea0                __aeabi_dcmple
                0x08000eb4                __aeabi_dcmpge
                0x08000ec8                __aeabi_dcmpgt
 .text          0x08000edc       0x2c c:/ac6/systemworkbench/plugins/fr.ac6.mcu.externaltools.arm-none.win32_1.13.2.201703061525/tools/compiler/bin/../lib/gcc/arm-none-eabi/5.4.1/armv7-m\libgcc.a(_arm_unorddf2.o)
                0x08000edc                __unorddf2
                0x08000edc                __aeabi_dcmpun
 .text          0x08000f08       0x50 c:/ac6/systemworkbench/plugins/fr.ac6.mcu.externaltools.arm-none.win32_1.13.2.201703061525/tools/compiler/bin/../lib/gcc/arm-none-eabi/5.4.1/armv7-m\libgcc.a(_arm_fixdfsi.o)
                0x08000f08                __aeabi_d2iz
                0x08000f08                __fixdfsi
 *(.text*)
 .text.HAL_InitTick
                0x08000f58       0x28 Drivers/STM32F1xx_HAL_Driver/Src/stm32f1xx_hal.o
                0x08000f58                HAL_InitTick
 .text.HAL_Init
                0x08000f80       0x24 Drivers/STM32F1xx_HAL_Driver/Src/stm32f1xx_hal.o
                0x08000f80                HAL_Init
 .text.HAL_IncTick
                0x08000fa4       0x10 Drivers/STM32F1xx_HAL_Driver/Src/stm32f1xx_hal.o
                0x08000fa4                HAL_IncTick
 .text.HAL_GetTick
                0x08000fb4        0xc Drivers/STM32F1xx_HAL_Driver/Src/stm32f1xx_hal.o
                0x08000fb4                HAL_GetTick
 .text.HAL_Delay
                0x08000fc0       0x1c Drivers/STM32F1xx_HAL_Driver/Src/stm32f1xx_hal.o
                0x08000fc0                HAL_Delay
 .text.HAL_ADC_PollForConversion
                0x08000fdc      0x174 Drivers/STM32F1xx_HAL_Driver/Src/stm32f1xx_hal_adc.o
                0x08000fdc                HAL_ADC_PollForConversion
 .text.HAL_ADC_GetValue
                0x08001150        0x8 Drivers/STM32F1xx_HAL_Driver/Src/stm32f1xx_hal_adc.o
                0x08001150                HAL_ADC_GetValue
 .text.HAL_ADC_ConfigChannel
                0x08001158      0x1b4 Drivers/STM32F1xx_HAL_Driver/Src/stm32f1xx_hal_adc.o
                0x08001158                HAL_ADC_ConfigChannel
 .text.ADC_Enable
                0x0800130c       0x80 Drivers/STM32F1xx_HAL_Driver/Src/stm32f1xx_hal_adc.o
                0x0800130c                ADC_Enable
 .text.HAL_ADC_Start
                0x0800138c       0xf8 Drivers/STM32F1xx_HAL_Driver/Src/stm32f1xx_hal_adc.o
                0x0800138c                HAL_ADC_Start
 .text.ADC_ConversionStop_Disable
                0x08001484       0x50 Drivers/STM32F1xx_HAL_Driver/Src/stm32f1xx_hal_adc.o
                0x08001484                ADC_ConversionStop_Disable
 .text.HAL_ADC_Init
                0x080014d4      0x134 Drivers/STM32F1xx_HAL_Driver/Src/stm32f1xx_hal_adc.o
                0x080014d4                HAL_ADC_Init
 .text.HAL_NVIC_SetPriorityGrouping
                0x08001608       0x24 Drivers/STM32F1xx_HAL_Driver/Src/stm32f1xx_hal_cortex.o
                0x08001608                HAL_NVIC_SetPriorityGrouping
 .text.HAL_NVIC_SetPriority
                0x0800162c       0x64 Drivers/STM32F1xx_HAL_Driver/Src/stm32f1xx_hal_cortex.o
                0x0800162c                HAL_NVIC_SetPriority
 .text.HAL_NVIC_EnableIRQ
                0x08001690       0x18 Drivers/STM32F1xx_HAL_Driver/Src/stm32f1xx_hal_cortex.o
                0x08001690                HAL_NVIC_EnableIRQ
 .text.HAL_SYSTICK_Config
                0x080016a8       0x2c Drivers/STM32F1xx_HAL_Driver/Src/stm32f1xx_hal_cortex.o
                0x080016a8                HAL_SYSTICK_Config
 .text.HAL_SYSTICK_CLKSourceConfig
                0x080016d4       0x20 Drivers/STM32F1xx_HAL_Driver/Src/stm32f1xx_hal_cortex.o
                0x080016d4                HAL_SYSTICK_CLKSourceConfig
 .text.HAL_SYSTICK_Callback
                0x080016f4        0x4 Drivers/STM32F1xx_HAL_Driver/Src/stm32f1xx_hal_cortex.o
                0x080016f4                HAL_SYSTICK_Callback
 .text.HAL_SYSTICK_IRQHandler
                0x080016f8        0x8 Drivers/STM32F1xx_HAL_Driver/Src/stm32f1xx_hal_cortex.o
                0x080016f8                HAL_SYSTICK_IRQHandler
 .text.HAL_CRC_Init
                0x08001700       0x24 Drivers/STM32F1xx_HAL_Driver/Src/stm32f1xx_hal_crc.o
                0x08001700                HAL_CRC_Init
 .text.HAL_GPIO_Init
                0x08001724      0x1d8 Drivers/STM32F1xx_HAL_Driver/Src/stm32f1xx_hal_gpio.o
                0x08001724                HAL_GPIO_Init
 .text.HAL_GPIO_ReadPin
                0x080018fc       0x10 Drivers/STM32F1xx_HAL_Driver/Src/stm32f1xx_hal_gpio.o
                0x080018fc                HAL_GPIO_ReadPin
 .text.HAL_GPIO_WritePin
                0x0800190c        0xc Drivers/STM32F1xx_HAL_Driver/Src/stm32f1xx_hal_gpio.o
                0x0800190c                HAL_GPIO_WritePin
 .text.HAL_GPIO_TogglePin
                0x08001918        0x8 Drivers/STM32F1xx_HAL_Driver/Src/stm32f1xx_hal_gpio.o
                0x08001918                HAL_GPIO_TogglePin
 .text.I2C_Configure_Speed
                0x08001920       0x4c Drivers/STM32F1xx_HAL_Driver/Src/stm32f1xx_hal_i2c.o
 .text.I2C_IsAcknowledgeFailed
                0x0800196c       0x2c Drivers/STM32F1xx_HAL_Driver/Src/stm32f1xx_hal_i2c.o
 .text.I2C_WaitOnFlagUntilTimeout
                0x08001998       0xcc Drivers/STM32F1xx_HAL_Driver/Src/stm32f1xx_hal_i2c.o
 .text.I2C_WaitOnMasterAddressFlagUntilTimeout
                0x08001a64       0x94 Drivers/STM32F1xx_HAL_Driver/Src/stm32f1xx_hal_i2c.o
 .text.I2C_MasterRequestWrite
                0x08001af8       0x8c Drivers/STM32F1xx_HAL_Driver/Src/stm32f1xx_hal_i2c.o
 .text.I2C_WaitOnTXEFlagUntilTimeout
                0x08001b84       0x54 Drivers/STM32F1xx_HAL_Driver/Src/stm32f1xx_hal_i2c.o
 .text.I2C_WaitOnBTFFlagUntilTimeout
                0x08001bd8       0x54 Drivers/STM32F1xx_HAL_Driver/Src/stm32f1xx_hal_i2c.o
 .text.HAL_I2C_Init
                0x08001c2c       0xb4 Drivers/STM32F1xx_HAL_Driver/Src/stm32f1xx_hal_i2c.o
                0x08001c2c                HAL_I2C_Init
 .text.HAL_I2C_Master_Transmit
                0x08001ce0      0x130 Drivers/STM32F1xx_HAL_Driver/Src/stm32f1xx_hal_i2c.o
                0x08001ce0                HAL_I2C_Master_Transmit
 .text.HAL_IWDG_MspInit
                0x08001e10        0x4 Drivers/STM32F1xx_HAL_Driver/Src/stm32f1xx_hal_iwdg.o
                0x08001e10                HAL_IWDG_MspInit
 .text.HAL_IWDG_Init
                0x08001e14       0x68 Drivers/STM32F1xx_HAL_Driver/Src/stm32f1xx_hal_iwdg.o
                0x08001e14                HAL_IWDG_Init
 .text.HAL_IWDG_Start
                0x08001e7c       0x2c Drivers/STM32F1xx_HAL_Driver/Src/stm32f1xx_hal_iwdg.o
                0x08001e7c                HAL_IWDG_Start
 .text.HAL_IWDG_Refresh
                0x08001ea8       0x50 Drivers/STM32F1xx_HAL_Driver/Src/stm32f1xx_hal_iwdg.o
                0x08001ea8                HAL_IWDG_Refresh
 .text.HAL_PCD_Init
                0x08001ef8       0xdc Drivers/STM32F1xx_HAL_Driver/Src/stm32f1xx_hal_pcd.o
                0x08001ef8                HAL_PCD_Init
 .text.HAL_PCD_Start
                0x08001fd4       0x30 Drivers/STM32F1xx_HAL_Driver/Src/stm32f1xx_hal_pcd.o
                0x08001fd4                HAL_PCD_Start
 .text.HAL_PCD_SetAddress
                0x08002004       0x28 Drivers/STM32F1xx_HAL_Driver/Src/stm32f1xx_hal_pcd.o
                0x08002004                HAL_PCD_SetAddress
 .text.HAL_PCD_EP_Open
                0x0800202c       0x54 Drivers/STM32F1xx_HAL_Driver/Src/stm32f1xx_hal_pcd.o
                0x0800202c                HAL_PCD_EP_Open
 .text.HAL_PCD_EP_Close
                0x08002080       0x50 Drivers/STM32F1xx_HAL_Driver/Src/stm32f1xx_hal_pcd.o
                0x08002080                HAL_PCD_EP_Close
 .text.HAL_PCD_EP_Receive
                0x080020d0       0x58 Drivers/STM32F1xx_HAL_Driver/Src/stm32f1xx_hal_pcd.o
                0x080020d0                HAL_PCD_EP_Receive
 .text.HAL_PCD_EP_GetRxCount
                0x08002128       0x10 Drivers/STM32F1xx_HAL_Driver/Src/stm32f1xx_hal_pcd.o
                0x08002128                HAL_PCD_EP_GetRxCount
 .text.HAL_PCD_EP_Transmit
                0x08002138       0x54 Drivers/STM32F1xx_HAL_Driver/Src/stm32f1xx_hal_pcd.o
                0x08002138                HAL_PCD_EP_Transmit
 .text.PCD_EP_ISR_Handler
                0x0800218c      0x45c Drivers/STM32F1xx_HAL_Driver/Src/stm32f1xx_hal_pcd.o
 .text.HAL_PCD_IRQHandler
                0x080025e8      0x154 Drivers/STM32F1xx_HAL_Driver/Src/stm32f1xx_hal_pcd.o
                0x080025e8                HAL_PCD_IRQHandler
 .text.HAL_PCD_EP_SetStall
                0x0800273c       0x5c Drivers/STM32F1xx_HAL_Driver/Src/stm32f1xx_hal_pcd.o
                0x0800273c                HAL_PCD_EP_SetStall
 .text.HAL_PCD_EP_ClrStall
                0x08002798       0x50 Drivers/STM32F1xx_HAL_Driver/Src/stm32f1xx_hal_pcd.o
                0x08002798                HAL_PCD_EP_ClrStall
 .text.HAL_PCDEx_PMAConfig
                0x080027e8       0x38 Drivers/STM32F1xx_HAL_Driver/Src/stm32f1xx_hal_pcd_ex.o
                0x080027e8                HAL_PCDEx_PMAConfig
 .text.HAL_PWR_EnableBkUpAccess
                0x08002820       0x1c Drivers/STM32F1xx_HAL_Driver/Src/stm32f1xx_hal_pwr.o
                0x08002820                HAL_PWR_EnableBkUpAccess
 .text.HAL_RCC_OscConfig
                0x0800283c      0x5ec Drivers/STM32F1xx_HAL_Driver/Src/stm32f1xx_hal_rcc.o
                0x0800283c                HAL_RCC_OscConfig
 .text.HAL_RCC_GetSysClockFreq
                0x08002e28       0xa0 Drivers/STM32F1xx_HAL_Driver/Src/stm32f1xx_hal_rcc.o
                0x08002e28                HAL_RCC_GetSysClockFreq
 .text.HAL_RCC_ClockConfig
                0x08002ec8      0x1e4 Drivers/STM32F1xx_HAL_Driver/Src/stm32f1xx_hal_rcc.o
                0x08002ec8                HAL_RCC_ClockConfig
 .text.HAL_RCC_GetHCLKFreq
                0x080030ac        0xc Drivers/STM32F1xx_HAL_Driver/Src/stm32f1xx_hal_rcc.o
                0x080030ac                HAL_RCC_GetHCLKFreq
 .text.HAL_RCC_GetPCLK1Freq
                0x080030b8       0x30 Drivers/STM32F1xx_HAL_Driver/Src/stm32f1xx_hal_rcc.o
                0x080030b8                HAL_RCC_GetPCLK1Freq
 .text.HAL_RCC_GetPCLK2Freq
                0x080030e8       0x30 Drivers/STM32F1xx_HAL_Driver/Src/stm32f1xx_hal_rcc.o
                0x080030e8                HAL_RCC_GetPCLK2Freq
 .text.HAL_RCCEx_PeriphCLKConfig
                0x08003118      0x138 Drivers/STM32F1xx_HAL_Driver/Src/stm32f1xx_hal_rcc_ex.o
                0x08003118                HAL_RCCEx_PeriphCLKConfig
 .text.HAL_RCCEx_GetPeriphCLKFreq
                0x08003250      0x138 Drivers/STM32F1xx_HAL_Driver/Src/stm32f1xx_hal_rcc_ex.o
                0x08003250                HAL_RCCEx_GetPeriphCLKFreq
 .text.RTC_ReadTimeCounter
                0x08003388       0x28 Drivers/STM32F1xx_HAL_Driver/Src/stm32f1xx_hal_rtc.o
 .text.RTC_ReadAlarmCounter
                0x080033b0       0x10 Drivers/STM32F1xx_HAL_Driver/Src/stm32f1xx_hal_rtc.o
 .text.RTC_ByteToBcd2
                0x080033c0       0x18 Drivers/STM32F1xx_HAL_Driver/Src/stm32f1xx_hal_rtc.o
 .text.RTC_Bcd2ToByte
                0x080033d8       0x14 Drivers/STM32F1xx_HAL_Driver/Src/stm32f1xx_hal_rtc.o
 .text.RTC_IsLeapYear
                0x080033ec       0x40 Drivers/STM32F1xx_HAL_Driver/Src/stm32f1xx_hal_rtc.o
 .text.RTC_WeekDayNum
                0x0800342c       0xa0 Drivers/STM32F1xx_HAL_Driver/Src/stm32f1xx_hal_rtc.o
 .text.RTC_DateUpdate
                0x080034cc       0xbc Drivers/STM32F1xx_HAL_Driver/Src/stm32f1xx_hal_rtc.o
 .text.RTC_EnterInitMode
                0x08003588       0x34 Drivers/STM32F1xx_HAL_Driver/Src/stm32f1xx_hal_rtc.o
 .text.RTC_ExitInitMode
                0x080035bc       0x34 Drivers/STM32F1xx_HAL_Driver/Src/stm32f1xx_hal_rtc.o
 .text.RTC_WriteTimeCounter
                0x080035f0       0x2c Drivers/STM32F1xx_HAL_Driver/Src/stm32f1xx_hal_rtc.o
 .text.RTC_WriteAlarmCounter
                0x0800361c       0x2c Drivers/STM32F1xx_HAL_Driver/Src/stm32f1xx_hal_rtc.o
 .text.HAL_RTC_SetTime
                0x08003648       0xc0 Drivers/STM32F1xx_HAL_Driver/Src/stm32f1xx_hal_rtc.o
                0x08003648                HAL_RTC_SetTime
 .text.HAL_RTC_GetTime
                0x08003708      0x118 Drivers/STM32F1xx_HAL_Driver/Src/stm32f1xx_hal_rtc.o
                0x08003708                HAL_RTC_GetTime
 .text.HAL_RTC_SetDate
                0x08003820       0xd8 Drivers/STM32F1xx_HAL_Driver/Src/stm32f1xx_hal_rtc.o
                0x08003820                HAL_RTC_SetDate
 .text.HAL_RTC_WaitForSynchro
                0x080038f8       0x3c Drivers/STM32F1xx_HAL_Driver/Src/stm32f1xx_hal_rtc.o
                0x080038f8                HAL_RTC_WaitForSynchro
 .text.HAL_RTC_Init
                0x08003934       0xc8 Drivers/STM32F1xx_HAL_Driver/Src/stm32f1xx_hal_rtc.o
                0x08003934                HAL_RTC_Init
 .text.HAL_RTCEx_BKUPWrite
                0x080039fc       0x10 Drivers/STM32F1xx_HAL_Driver/Src/stm32f1xx_hal_rtc_ex.o
                0x080039fc                HAL_RTCEx_BKUPWrite
 .text.HAL_RTCEx_BKUPRead
                0x08003a0c       0x10 Drivers/STM32F1xx_HAL_Driver/Src/stm32f1xx_hal_rtc_ex.o
                0x08003a0c                HAL_RTCEx_BKUPRead
 .text.HAL_SPI_Init
                0x08003a1c       0x88 Drivers/STM32F1xx_HAL_Driver/Src/stm32f1xx_hal_spi_ex.o
                0x08003a1c                HAL_SPI_Init
 .text.USB_CoreInit
                0x08003aa4       0x10 Drivers/STM32F1xx_HAL_Driver/Src/stm32f1xx_ll_usb.o
                0x08003aa4                USB_CoreInit
 .text.USB_EnableGlobalInt
                0x08003ab4       0x14 Drivers/STM32F1xx_HAL_Driver/Src/stm32f1xx_ll_usb.o
                0x08003ab4                USB_EnableGlobalInt
 .text.USB_DisableGlobalInt
                0x08003ac8       0x14 Drivers/STM32F1xx_HAL_Driver/Src/stm32f1xx_ll_usb.o
                0x08003ac8                USB_DisableGlobalInt
 .text.USB_SetCurrentMode
                0x08003adc        0x4 Drivers/STM32F1xx_HAL_Driver/Src/stm32f1xx_ll_usb.o
                0x08003adc                USB_SetCurrentMode
 .text.USB_DevInit
                0x08003ae0       0x28 Drivers/STM32F1xx_HAL_Driver/Src/stm32f1xx_ll_usb.o
                0x08003ae0                USB_DevInit
 .text.USB_ActivateEndpoint
                0x08003b08      0x33c Drivers/STM32F1xx_HAL_Driver/Src/stm32f1xx_ll_usb.o
                0x08003b08                USB_ActivateEndpoint
 .text.USB_DeactivateEndpoint
                0x08003e44      0x1d0 Drivers/STM32F1xx_HAL_Driver/Src/stm32f1xx_ll_usb.o
                0x08003e44                USB_DeactivateEndpoint
 .text.USB_EPSetStall
                0x08004014       0x70 Drivers/STM32F1xx_HAL_Driver/Src/stm32f1xx_ll_usb.o
                0x08004014                USB_EPSetStall
 .text.USB_EPClearStall
                0x08004084       0x98 Drivers/STM32F1xx_HAL_Driver/Src/stm32f1xx_ll_usb.o
                0x08004084                USB_EPClearStall
 .text.USB_SetDevAddress
                0x0800411c        0xc Drivers/STM32F1xx_HAL_Driver/Src/stm32f1xx_ll_usb.o
                0x0800411c                USB_SetDevAddress
 .text.USB_DevConnect
                0x08004128        0x4 Drivers/STM32F1xx_HAL_Driver/Src/stm32f1xx_ll_usb.o
                0x08004128                USB_DevConnect
 .text.USB_DevDisconnect
                0x0800412c        0x4 Drivers/STM32F1xx_HAL_Driver/Src/stm32f1xx_ll_usb.o
                0x0800412c                USB_DevDisconnect
 .text.USB_ReadInterrupts
                0x08004130        0x8 Drivers/STM32F1xx_HAL_Driver/Src/stm32f1xx_ll_usb.o
                0x08004130                USB_ReadInterrupts
 .text.USB_EP0_OutStart
                0x08004138        0x4 Drivers/STM32F1xx_HAL_Driver/Src/stm32f1xx_ll_usb.o
                0x08004138                USB_EP0_OutStart
 .text.USB_WritePMA
                0x0800413c       0x28 Drivers/STM32F1xx_HAL_Driver/Src/stm32f1xx_ll_usb.o
                0x0800413c                USB_WritePMA
 .text.USB_EPStartXfer
                0x08004164      0x2e8 Drivers/STM32F1xx_HAL_Driver/Src/stm32f1xx_ll_usb.o
                0x08004164                USB_EPStartXfer
 .text.USB_ReadPMA
                0x0800444c       0x20 Drivers/STM32F1xx_HAL_Driver/Src/stm32f1xx_ll_usb.o
                0x0800444c                USB_ReadPMA
 .text.USBD_CDC_DataIn
                0x0800446c       0x14 Middlewares/ST/STM32_USB_Device_Library/Class/CDC/Src/usbd_cdc.o
 .text.USBD_CDC_EP0_RxReady
                0x08004480       0x28 Middlewares/ST/STM32_USB_Device_Library/Class/CDC/Src/usbd_cdc.o
 .text.USBD_CDC_GetFSCfgDesc
                0x080044a8        0xc Middlewares/ST/STM32_USB_Device_Library/Class/CDC/Src/usbd_cdc.o
 .text.USBD_CDC_GetHSCfgDesc
                0x080044b4        0xc Middlewares/ST/STM32_USB_Device_Library/Class/CDC/Src/usbd_cdc.o
 .text.USBD_CDC_GetOtherSpeedCfgDesc
                0x080044c0        0xc Middlewares/ST/STM32_USB_Device_Library/Class/CDC/Src/usbd_cdc.o
 .text.USBD_CDC_GetDeviceQualifierDescriptor
                0x080044cc        0xc Middlewares/ST/STM32_USB_Device_Library/Class/CDC/Src/usbd_cdc.o
                0x080044cc                USBD_CDC_GetDeviceQualifierDescriptor
 .text.USBD_CDC_DataOut
                0x080044d8       0x30 Middlewares/ST/STM32_USB_Device_Library/Class/CDC/Src/usbd_cdc.o
 .text.USBD_CDC_Setup
                0x08004508       0x74 Middlewares/ST/STM32_USB_Device_Library/Class/CDC/Src/usbd_cdc.o
 .text.USBD_CDC_DeInit
                0x0800457c       0x3c Middlewares/ST/STM32_USB_Device_Library/Class/CDC/Src/usbd_cdc.o
 .text.USBD_CDC_Init
                0x080045b8       0x98 Middlewares/ST/STM32_USB_Device_Library/Class/CDC/Src/usbd_cdc.o
 .text.USBD_CDC_RegisterInterface
                0x08004650       0x10 Middlewares/ST/STM32_USB_Device_Library/Class/CDC/Src/usbd_cdc.o
                0x08004650                USBD_CDC_RegisterInterface
 .text.USBD_CDC_SetTxBuffer
                0x08004660       0x10 Middlewares/ST/STM32_USB_Device_Library/Class/CDC/Src/usbd_cdc.o
                0x08004660                USBD_CDC_SetTxBuffer
 .text.USBD_CDC_SetRxBuffer
                0x08004670        0xc Middlewares/ST/STM32_USB_Device_Library/Class/CDC/Src/usbd_cdc.o
                0x08004670                USBD_CDC_SetRxBuffer
 .text.USBD_CDC_TransmitPacket
                0x0800467c       0x30 Middlewares/ST/STM32_USB_Device_Library/Class/CDC/Src/usbd_cdc.o
                0x0800467c                USBD_CDC_TransmitPacket
 .text.USBD_CDC_ReceivePacket
                0x080046ac       0x34 Middlewares/ST/STM32_USB_Device_Library/Class/CDC/Src/usbd_cdc.o
                0x080046ac                USBD_CDC_ReceivePacket
 .text.USBD_Init
                0x080046e0       0x30 Middlewares/ST/STM32_USB_Device_Library/Core/Src/usbd_core.o
                0x080046e0                USBD_Init
 .text.USBD_RegisterClass
                0x08004710       0x10 Middlewares/ST/STM32_USB_Device_Library/Core/Src/usbd_core.o
                0x08004710                USBD_RegisterClass
 .text.USBD_Start
                0x08004720        0xc Middlewares/ST/STM32_USB_Device_Library/Core/Src/usbd_core.o
                0x08004720                USBD_Start
 .text.USBD_SetClassConfig
                0x0800472c       0x1c Middlewares/ST/STM32_USB_Device_Library/Core/Src/usbd_core.o
                0x0800472c                USBD_SetClassConfig
 .text.USBD_ClrClassConfig
                0x08004748       0x10 Middlewares/ST/STM32_USB_Device_Library/Core/Src/usbd_core.o
                0x08004748                USBD_ClrClassConfig
 .text.USBD_LL_SetupStage
                0x08004758       0x5c Middlewares/ST/STM32_USB_Device_Library/Core/Src/usbd_core.o
                0x08004758                USBD_LL_SetupStage
 .text.USBD_LL_DataOutStage
                0x080047b4       0x68 Middlewares/ST/STM32_USB_Device_Library/Core/Src/usbd_core.o
                0x080047b4                USBD_LL_DataOutStage
 .text.USBD_LL_DataInStage
                0x0800481c       0xac Middlewares/ST/STM32_USB_Device_Library/Core/Src/usbd_core.o
                0x0800481c                USBD_LL_DataInStage
 .text.USBD_LL_Reset
                0x080048c8       0x40 Middlewares/ST/STM32_USB_Device_Library/Core/Src/usbd_core.o
                0x080048c8                USBD_LL_Reset
 .text.USBD_LL_SetSpeed
                0x08004908        0x8 Middlewares/ST/STM32_USB_Device_Library/Core/Src/usbd_core.o
                0x08004908                USBD_LL_SetSpeed
 .text.USBD_LL_Suspend
                0x08004910       0x14 Middlewares/ST/STM32_USB_Device_Library/Core/Src/usbd_core.o
                0x08004910                USBD_LL_Suspend
 .text.USBD_LL_Resume
                0x08004924        0xc Middlewares/ST/STM32_USB_Device_Library/Core/Src/usbd_core.o
                0x08004924                USBD_LL_Resume
 .text.USBD_LL_SOF
                0x08004930       0x18 Middlewares/ST/STM32_USB_Device_Library/Core/Src/usbd_core.o
                0x08004930                USBD_LL_SOF
 .text.USBD_GetLen
                0x08004948       0x14 Middlewares/ST/STM32_USB_Device_Library/Core/Src/usbd_ctlreq.o
 .text.USBD_SetFeature
                0x0800495c       0x20 Middlewares/ST/STM32_USB_Device_Library/Core/Src/usbd_ctlreq.o
 .text.USBD_ParseSetupRequest
                0x0800497c       0x28 Middlewares/ST/STM32_USB_Device_Library/Core/Src/usbd_ctlreq.o
                0x0800497c                USBD_ParseSetupRequest
 .text.USBD_CtlError
                0x080049a4       0x14 Middlewares/ST/STM32_USB_Device_Library/Core/Src/usbd_ctlreq.o
                0x080049a4                USBD_CtlError
 .text.USBD_GetDescriptor
                0x080049b8      0x130 Middlewares/ST/STM32_USB_Device_Library/Core/Src/usbd_ctlreq.o
 .text.USBD_SetAddress
                0x08004ae8       0x4c Middlewares/ST/STM32_USB_Device_Library/Core/Src/usbd_ctlreq.o
 .text.USBD_SetConfig
                0x08004b34       0xa8 Middlewares/ST/STM32_USB_Device_Library/Core/Src/usbd_ctlreq.o
 .text.USBD_GetConfig
                0x08004bdc       0x3c Middlewares/ST/STM32_USB_Device_Library/Core/Src/usbd_ctlreq.o
 .text.USBD_GetStatus
                0x08004c18       0x2c Middlewares/ST/STM32_USB_Device_Library/Core/Src/usbd_ctlreq.o
 .text.USBD_ClrFeature
                0x08004c44       0x30 Middlewares/ST/STM32_USB_Device_Library/Core/Src/usbd_ctlreq.o
 .text.USBD_StdDevReq
                0x08004c74       0x48 Middlewares/ST/STM32_USB_Device_Library/Core/Src/usbd_ctlreq.o
                0x08004c74                USBD_StdDevReq
 .text.USBD_StdItfReq
                0x08004cbc       0x38 Middlewares/ST/STM32_USB_Device_Library/Core/Src/usbd_ctlreq.o
                0x08004cbc                USBD_StdItfReq
 .text.USBD_StdEPReq
                0x08004cf4      0x11c Middlewares/ST/STM32_USB_Device_Library/Core/Src/usbd_ctlreq.o
                0x08004cf4                USBD_StdEPReq
 .text.USBD_GetString
                0x08004e10       0x3c Middlewares/ST/STM32_USB_Device_Library/Core/Src/usbd_ctlreq.o
                0x08004e10                USBD_GetString
 .text.USBD_CtlSendData
                0x08004e4c       0x1c Middlewares/ST/STM32_USB_Device_Library/Core/Src/usbd_ioreq.o
                0x08004e4c                USBD_CtlSendData
 .text.USBD_CtlContinueSendData
                0x08004e68       0x10 Middlewares/ST/STM32_USB_Device_Library/Core/Src/usbd_ioreq.o
                0x08004e68                USBD_CtlContinueSendData
 .text.USBD_CtlPrepareRx
                0x08004e78       0x20 Middlewares/ST/STM32_USB_Device_Library/Core/Src/usbd_ioreq.o
                0x08004e78                USBD_CtlPrepareRx
 .text.USBD_CtlContinueRx
                0x08004e98       0x10 Middlewares/ST/STM32_USB_Device_Library/Core/Src/usbd_ioreq.o
                0x08004e98                USBD_CtlContinueRx
 .text.USBD_CtlSendStatus
                0x08004ea8       0x18 Middlewares/ST/STM32_USB_Device_Library/Core/Src/usbd_ioreq.o
                0x08004ea8                USBD_CtlSendStatus
 .text.USBD_CtlReceiveStatus
                0x08004ec0       0x18 Middlewares/ST/STM32_USB_Device_Library/Core/Src/usbd_ioreq.o
                0x08004ec0                USBD_CtlReceiveStatus
 .text.Adafruit_GFX
                0x08004ed8       0x74 Src/Adafruit_GFX.o
                0x08004ed8                Adafruit_GFX
 .text.fillCircleHelper
                0x08004f4c      0x108 Src/Adafruit_GFX.o
                0x08004f4c                fillCircleHelper
 .text.fillCircle
                0x08005054       0x34 Src/Adafruit_GFX.o
                0x08005054                fillCircle
 .text.fillRect
                0x08005088       0x30 Src/Adafruit_GFX.o
                0x08005088                fillRect
 .text.drawXBitmap
                0x080050b8       0x84 Src/Adafruit_GFX.o
                0x080050b8                drawXBitmap
 .text.drawChar
                0x0800513c      0x200 Src/Adafruit_GFX.o
                0x0800513c                drawChar
 .text.write    0x0800533c      0x164 Src/Adafruit_GFX.o
                0x0800533c                write
 .text.setCursor
                0x080054a0       0x14 Src/Adafruit_GFX.o
                0x080054a0                setCursor
 .text.setTextSize
                0x080054b4       0x10 Src/Adafruit_GFX.o
                0x080054b4                setTextSize
 .text.setTextColor2
                0x080054c4       0x14 Src/Adafruit_GFX.o
                0x080054c4                setTextColor2
 .text.MX_ADC1_Init
                0x080054d8       0x50 Src/adc.o
                0x080054d8                MX_ADC1_Init
 .text.HAL_ADC_MspInit
                0x08005528       0x28 Src/adc.o
                0x08005528                HAL_ADC_MspInit
 .text.MX_CRC_Init
                0x08005550       0x1c Src/crc.o
                0x08005550                MX_CRC_Init
 .text.HAL_CRC_MspInit
                0x0800556c       0x28 Src/crc.o
                0x0800556c                HAL_CRC_MspInit
 .text.MX_GPIO_Init
                0x08005594       0xf8 Src/gpio.o
                0x08005594                MX_GPIO_Init
 .text.MX_I2C1_Init
                0x0800568c       0x38 Src/i2c.o
                0x0800568c                MX_I2C1_Init
 .text.HAL_I2C_MspInit
                0x080056c4       0x48 Src/i2c.o
                0x080056c4                HAL_I2C_MspInit
 .text.MX_IWDG_Init
                0x0800570c       0x28 Src/iwdg.o
                0x0800570c                MX_IWDG_Init
 .text.Error_Handler
                0x08005734       0x18 Src/main.o
                0x08005734                Error_Handler
 .text.SystemClock_Config
                0x0800574c       0xa0 Src/main.o
                0x0800574c                SystemClock_Config
 .text.main     0x080057ec      0x2a0 Src/main.o
                0x080057ec                main
 .text.MX_RTC_Init
                0x08005a8c       0x8c Src/rtc.o
                0x08005a8c                MX_RTC_Init
 .text.HAL_RTC_MspInit
                0x08005b18       0x4c Src/rtc.o
                0x08005b18                HAL_RTC_MspInit
 .text.MX_SPI1_Init
                0x08005b64       0x40 Src/spi.o
                0x08005b64                MX_SPI1_Init
 .text.HAL_SPI_MspInit
                0x08005ba4       0x58 Src/spi.o
                0x08005ba4                HAL_SPI_MspInit
 .text.drawText
                0x08005bfc       0x14 Src/ssd1306.o
                0x08005bfc                drawText
 .text.drawPixel
                0x08005c10       0xe8 Src/ssd1306.o
                0x08005c10                drawPixel
 .text.ssd1306_command
                0x08005cf8       0x30 Src/ssd1306.o
                0x08005cf8                ssd1306_command
 .text.begin    0x08005d28       0xe8 Src/ssd1306.o
                0x08005d28                begin
 .text.display  0x08005e10       0x4c Src/ssd1306.o
                0x08005e10                display
 .text.clearDisplay
                0x08005e5c       0x14 Src/ssd1306.o
                0x08005e5c                clearDisplay
 .text.drawFastVLine
                0x08005e70      0x1ec Src/ssd1306.o
                0x08005e70                drawFastVLine
 .text.getWidth
                0x0800605c        0xc Src/ssd1306.o
                0x0800605c                getWidth
 .text.getHeight
                0x08006068        0xc Src/ssd1306.o
                0x08006068                getHeight
 .text.HAL_MspInit
                0x08006074       0x90 Src/stm32f1xx_hal_msp.o
                0x08006074                HAL_MspInit
 .text.NMI_Handler
                0x08006104        0x4 Src/stm32f1xx_it.o
                0x08006104                NMI_Handler
 .text.HardFault_Handler
                0x08006108        0x4 Src/stm32f1xx_it.o
                0x08006108                HardFault_Handler
 .text.MemManage_Handler
                0x0800610c        0x4 Src/stm32f1xx_it.o
                0x0800610c                MemManage_Handler
 .text.BusFault_Handler
                0x08006110        0x4 Src/stm32f1xx_it.o
                0x08006110                BusFault_Handler
 .text.UsageFault_Handler
                0x08006114        0x4 Src/stm32f1xx_it.o
                0x08006114                UsageFault_Handler
 .text.SVC_Handler
                0x08006118        0x4 Src/stm32f1xx_it.o
                0x08006118                SVC_Handler
 .text.DebugMon_Handler
                0x0800611c        0x4 Src/stm32f1xx_it.o
                0x0800611c                DebugMon_Handler
 .text.PendSV_Handler
                0x08006120        0x4 Src/stm32f1xx_it.o
                0x08006120                PendSV_Handler
 .text.SysTick_Handler
                0x08006124        0xc Src/stm32f1xx_it.o
                0x08006124                SysTick_Handler
 .text.USB_LP_CAN1_RX0_IRQHandler
                0x08006130       0x10 Src/stm32f1xx_it.o
                0x08006130                USB_LP_CAN1_RX0_IRQHandler
 .text.SystemInit
                0x08006140       0x4c Src/system_stm32f1xx.o
                0x08006140                SystemInit
 .text.MX_USB_DEVICE_Init
                0x0800618c       0x38 Src/usb_device.o
                0x0800618c                MX_USB_DEVICE_Init
 .text.CDC_DeInit_FS
                0x080061c4        0x4 Src/usbd_cdc_if.o
 .text.CDC_Control_FS
                0x080061c8        0x4 Src/usbd_cdc_if.o
 .text.CDC_Receive_FS
                0x080061cc       0x1c Src/usbd_cdc_if.o
 .text.CDC_Init_FS
                0x080061e8       0x28 Src/usbd_cdc_if.o
 .text.CDC_Transmit_FS
                0x08006210       0x2c Src/usbd_cdc_if.o
                0x08006210                CDC_Transmit_FS
 .text.HAL_PCD_MspInit
                0x0800623c       0x40 Src/usbd_conf.o
                0x0800623c                HAL_PCD_MspInit
 .text.HAL_PCD_SetupStageCallback
                0x0800627c       0x10 Src/usbd_conf.o
                0x0800627c                HAL_PCD_SetupStageCallback
 .text.HAL_PCD_DataOutStageCallback
                0x0800628c       0x14 Src/usbd_conf.o
                0x0800628c                HAL_PCD_DataOutStageCallback
 .text.HAL_PCD_DataInStageCallback
                0x080062a0       0x14 Src/usbd_conf.o
                0x080062a0                HAL_PCD_DataInStageCallback
 .text.HAL_PCD_SOFCallback
                0x080062b4        0xc Src/usbd_conf.o
                0x080062b4                HAL_PCD_SOFCallback
 .text.HAL_PCD_ResetCallback
                0x080062c0       0x18 Src/usbd_conf.o
                0x080062c0                HAL_PCD_ResetCallback
 .text.HAL_PCD_SuspendCallback
                0x080062d8       0x20 Src/usbd_conf.o
                0x080062d8                HAL_PCD_SuspendCallback
 .text.HAL_PCD_ResumeCallback
                0x080062f8        0xc Src/usbd_conf.o
                0x080062f8                HAL_PCD_ResumeCallback
 .text.USBD_LL_Init
                0x08006304       0x88 Src/usbd_conf.o
                0x08006304                USBD_LL_Init
 .text.USBD_LL_Start
                0x0800638c       0x20 Src/usbd_conf.o
                0x0800638c                USBD_LL_Start
 .text.USBD_LL_OpenEP
                0x080063ac       0x24 Src/usbd_conf.o
                0x080063ac                USBD_LL_OpenEP
 .text.USBD_LL_CloseEP
                0x080063d0       0x20 Src/usbd_conf.o
                0x080063d0                USBD_LL_CloseEP
 .text.USBD_LL_StallEP
                0x080063f0       0x20 Src/usbd_conf.o
                0x080063f0                USBD_LL_StallEP
 .text.USBD_LL_ClearStallEP
                0x08006410       0x20 Src/usbd_conf.o
                0x08006410                USBD_LL_ClearStallEP
 .text.USBD_LL_IsStallEP
                0x08006430       0x28 Src/usbd_conf.o
                0x08006430                USBD_LL_IsStallEP
 .text.USBD_LL_SetUSBAddress
                0x08006458       0x20 Src/usbd_conf.o
                0x08006458                USBD_LL_SetUSBAddress
 .text.USBD_LL_Transmit
                0x08006478       0x20 Src/usbd_conf.o
                0x08006478                USBD_LL_Transmit
 .text.USBD_LL_PrepareReceive
                0x08006498       0x20 Src/usbd_conf.o
                0x08006498                USBD_LL_PrepareReceive
 .text.USBD_LL_GetRxDataSize
                0x080064b8        0xc Src/usbd_conf.o
                0x080064b8                USBD_LL_GetRxDataSize
 .text.USBD_static_malloc
                0x080064c4        0x8 Src/usbd_conf.o
                0x080064c4                USBD_static_malloc
 .text.USBD_static_free
                0x080064cc        0x4 Src/usbd_conf.o
                0x080064cc                USBD_static_free
 .text.HAL_PCDEx_SetConnectionState
                0x080064d0        0x4 Src/usbd_conf.o
                0x080064d0                HAL_PCDEx_SetConnectionState
 .text.USBD_FS_DeviceDescriptor
                0x080064d4        0xc Src/usbd_desc.o
                0x080064d4                USBD_FS_DeviceDescriptor
 .text.USBD_FS_LangIDStrDescriptor
                0x080064e0        0xc Src/usbd_desc.o
                0x080064e0                USBD_FS_LangIDStrDescriptor
 .text.USBD_FS_ProductStrDescriptor
                0x080064ec       0x24 Src/usbd_desc.o
                0x080064ec                USBD_FS_ProductStrDescriptor
 .text.USBD_FS_ManufacturerStrDescriptor
                0x08006510       0x1c Src/usbd_desc.o
                0x08006510                USBD_FS_ManufacturerStrDescriptor
 .text.USBD_FS_SerialStrDescriptor
                0x0800652c       0x24 Src/usbd_desc.o
                0x0800652c                USBD_FS_SerialStrDescriptor
 .text.USBD_FS_ConfigStrDescriptor
                0x08006550       0x24 Src/usbd_desc.o
                0x08006550                USBD_FS_ConfigStrDescriptor
 .text.USBD_FS_InterfaceStrDescriptor
                0x08006574       0x24 Src/usbd_desc.o
                0x08006574                USBD_FS_InterfaceStrDescriptor
 .text.Reset_Handler
                0x08006598       0x48 startup/startup_stm32f103xb.o
                0x08006598                Reset_Handler
 .text.Default_Handler
                0x080065e0        0x2 startup/startup_stm32f103xb.o
                0x080065e0                RTC_Alarm_IRQHandler
                0x080065e0                EXTI2_IRQHandler
                0x080065e0                TIM1_CC_IRQHandler
                0x080065e0                PVD_IRQHandler
                0x080065e0                EXTI3_IRQHandler
                0x080065e0                EXTI0_IRQHandler
                0x080065e0                I2C2_EV_IRQHandler
                0x080065e0                ADC1_2_IRQHandler
                0x080065e0                SPI1_IRQHandler
                0x080065e0                TAMPER_IRQHandler
                0x080065e0                DMA1_Channel4_IRQHandler
                0x080065e0                USART3_IRQHandler
                0x080065e0                RTC_IRQHandler
                0x080065e0                DMA1_Channel7_IRQHandler
                0x080065e0                CAN1_RX1_IRQHandler
                0x080065e0                TIM4_IRQHandler
                0x080065e0                I2C1_EV_IRQHandler
                0x080065e0                DMA1_Channel6_IRQHandler
                0x080065e0                TIM3_IRQHandler
                0x080065e0                RCC_IRQHandler
                0x080065e0                TIM1_TRG_COM_IRQHandler
                0x080065e0                DMA1_Channel1_IRQHandler
                0x080065e0                Default_Handler
                0x080065e0                EXTI15_10_IRQHandler
                0x080065e0                EXTI9_5_IRQHandler
                0x080065e0                SPI2_IRQHandler
                0x080065e0                DMA1_Channel5_IRQHandler
                0x080065e0                EXTI4_IRQHandler
                0x080065e0                USB_HP_CAN1_TX_IRQHandler
                0x080065e0                DMA1_Channel3_IRQHandler
                0x080065e0                TIM1_UP_IRQHandler
                0x080065e0                WWDG_IRQHandler
                0x080065e0                TIM2_IRQHandler
                0x080065e0                TIM1_BRK_IRQHandler
                0x080065e0                EXTI1_IRQHandler
                0x080065e0                USART2_IRQHandler
                0x080065e0                I2C2_ER_IRQHandler
                0x080065e0                DMA1_Channel2_IRQHandler
                0x080065e0                CAN1_SCE_IRQHandler
                0x080065e0                FLASH_IRQHandler
                0x080065e0                USART1_IRQHandler
                0x080065e0                I2C1_ER_IRQHandler
                0x080065e0                USBWakeUp_IRQHandler
 *fill*         0x080065e2        0x2 
 .text.__libc_init_array
                0x080065e4       0x4c c:/ac6/systemworkbench/plugins/fr.ac6.mcu.externaltools.arm-none.win32_1.13.2.201703061525/tools/compiler/bin/../lib/gcc/arm-none-eabi/5.4.1/../../../../arm-none-eabi/lib/armv7-m\libc_nano.a(lib_a-init.o)
                0x080065e4                __libc_init_array
 .text.memset   0x08006630       0x10 c:/ac6/systemworkbench/plugins/fr.ac6.mcu.externaltools.arm-none.win32_1.13.2.201703061525/tools/compiler/bin/../lib/gcc/arm-none-eabi/5.4.1/../../../../arm-none-eabi/lib/armv7-m\libc_nano.a(lib_a-memset.o)
                0x08006630                memset
 .text.__cvt    0x08006640       0xc0 c:/ac6/systemworkbench/plugins/fr.ac6.mcu.externaltools.arm-none.win32_1.13.2.201703061525/tools/compiler/bin/../lib/gcc/arm-none-eabi/5.4.1/../../../../arm-none-eabi/lib/armv7-m\libc_nano.a(lib_a-nano-vfprintf_float.o)
                0x08006640                __cvt
 .text.__exponent
                0x08006700       0x62 c:/ac6/systemworkbench/plugins/fr.ac6.mcu.externaltools.arm-none.win32_1.13.2.201703061525/tools/compiler/bin/../lib/gcc/arm-none-eabi/5.4.1/../../../../arm-none-eabi/lib/armv7-m\libc_nano.a(lib_a-nano-vfprintf_float.o)
                0x08006700                __exponent
 *fill*         0x08006762        0x2 
 .text._printf_float
                0x08006764      0x488 c:/ac6/systemworkbench/plugins/fr.ac6.mcu.externaltools.arm-none.win32_1.13.2.201703061525/tools/compiler/bin/../lib/gcc/arm-none-eabi/5.4.1/../../../../arm-none-eabi/lib/armv7-m\libc_nano.a(lib_a-nano-vfprintf_float.o)
                0x08006764                _printf_float
 .text._printf_common
                0x08006bec       0xec c:/ac6/systemworkbench/plugins/fr.ac6.mcu.externaltools.arm-none.win32_1.13.2.201703061525/tools/compiler/bin/../lib/gcc/arm-none-eabi/5.4.1/../../../../arm-none-eabi/lib/armv7-m\libc_nano.a(lib_a-nano-vfprintf_i.o)
                0x08006bec                _printf_common
 .text._printf_i
                0x08006cd8      0x24c c:/ac6/systemworkbench/plugins/fr.ac6.mcu.externaltools.arm-none.win32_1.13.2.201703061525/tools/compiler/bin/../lib/gcc/arm-none-eabi/5.4.1/../../../../arm-none-eabi/lib/armv7-m\libc_nano.a(lib_a-nano-vfprintf_i.o)
                0x08006cd8                _printf_i
 .text.sprintf  0x08006f24       0x48 c:/ac6/systemworkbench/plugins/fr.ac6.mcu.externaltools.arm-none.win32_1.13.2.201703061525/tools/compiler/bin/../lib/gcc/arm-none-eabi/5.4.1/../../../../arm-none-eabi/lib/armv7-m\libc_nano.a(lib_a-sprintf.o)
                0x08006f24                siprintf
                0x08006f24                sprintf
 .text.quorem   0x08006f6c      0x116 c:/ac6/systemworkbench/plugins/fr.ac6.mcu.externaltools.arm-none.win32_1.13.2.201703061525/tools/compiler/bin/../lib/gcc/arm-none-eabi/5.4.1/../../../../arm-none-eabi/lib/armv7-m\libc_nano.a(lib_a-dtoa.o)
 *fill*         0x08007082        0x6 
 .text._dtoa_r  0x08007088      0xb30 c:/ac6/systemworkbench/plugins/fr.ac6.mcu.externaltools.arm-none.win32_1.13.2.201703061525/tools/compiler/bin/../lib/gcc/arm-none-eabi/5.4.1/../../../../arm-none-eabi/lib/armv7-m\libc_nano.a(lib_a-dtoa.o)
                0x08007088                _dtoa_r
 .text._localeconv_r
                0x08007bb8       0x1c c:/ac6/systemworkbench/plugins/fr.ac6.mcu.externaltools.arm-none.win32_1.13.2.201703061525/tools/compiler/bin/../lib/gcc/arm-none-eabi/5.4.1/../../../../arm-none-eabi/lib/armv7-m\libc_nano.a(lib_a-localeconv.o)
                0x08007bb8                _localeconv_r
 .text.malloc   0x08007bd4       0x10 c:/ac6/systemworkbench/plugins/fr.ac6.mcu.externaltools.arm-none.win32_1.13.2.201703061525/tools/compiler/bin/../lib/gcc/arm-none-eabi/5.4.1/../../../../arm-none-eabi/lib/armv7-m\libc_nano.a(lib_a-malloc.o)
                0x08007bd4                malloc
 .text.memchr   0x08007be4       0x1c c:/ac6/systemworkbench/plugins/fr.ac6.mcu.externaltools.arm-none.win32_1.13.2.201703061525/tools/compiler/bin/../lib/gcc/arm-none-eabi/5.4.1/../../../../arm-none-eabi/lib/armv7-m\libc_nano.a(lib_a-memchr-stub.o)
                0x08007be4                memchr
 .text.memcpy   0x08007c00       0x16 c:/ac6/systemworkbench/plugins/fr.ac6.mcu.externaltools.arm-none.win32_1.13.2.201703061525/tools/compiler/bin/../lib/gcc/arm-none-eabi/5.4.1/../../../../arm-none-eabi/lib/armv7-m\libc_nano.a(lib_a-memcpy-stub.o)
                0x08007c00                memcpy
 .text._Balloc  0x08007c16       0x6a c:/ac6/systemworkbench/plugins/fr.ac6.mcu.externaltools.arm-none.win32_1.13.2.201703061525/tools/compiler/bin/../lib/gcc/arm-none-eabi/5.4.1/../../../../arm-none-eabi/lib/armv7-m\libc_nano.a(lib_a-mprec.o)
                0x08007c16                _Balloc
 .text._Bfree   0x08007c80       0x2e c:/ac6/systemworkbench/plugins/fr.ac6.mcu.externaltools.arm-none.win32_1.13.2.201703061525/tools/compiler/bin/../lib/gcc/arm-none-eabi/5.4.1/../../../../arm-none-eabi/lib/armv7-m\libc_nano.a(lib_a-mprec.o)
                0x08007c80                _Bfree
 .text.__multadd
                0x08007cae       0x76 c:/ac6/systemworkbench/plugins/fr.ac6.mcu.externaltools.arm-none.win32_1.13.2.201703061525/tools/compiler/bin/../lib/gcc/arm-none-eabi/5.4.1/../../../../arm-none-eabi/lib/armv7-m\libc_nano.a(lib_a-mprec.o)
                0x08007cae                __multadd
 .text.__hi0bits
                0x08007d24       0x40 c:/ac6/systemworkbench/plugins/fr.ac6.mcu.externaltools.arm-none.win32_1.13.2.201703061525/tools/compiler/bin/../lib/gcc/arm-none-eabi/5.4.1/../../../../arm-none-eabi/lib/armv7-m\libc_nano.a(lib_a-mprec.o)
                0x08007d24                __hi0bits
 .text.__lo0bits
                0x08007d64       0x5a c:/ac6/systemworkbench/plugins/fr.ac6.mcu.externaltools.arm-none.win32_1.13.2.201703061525/tools/compiler/bin/../lib/gcc/arm-none-eabi/5.4.1/../../../../arm-none-eabi/lib/armv7-m\libc_nano.a(lib_a-mprec.o)
                0x08007d64                __lo0bits
 .text.__i2b    0x08007dbe       0x12 c:/ac6/systemworkbench/plugins/fr.ac6.mcu.externaltools.arm-none.win32_1.13.2.201703061525/tools/compiler/bin/../lib/gcc/arm-none-eabi/5.4.1/../../../../arm-none-eabi/lib/armv7-m\libc_nano.a(lib_a-mprec.o)
                0x08007dbe                __i2b
 .text.__multiply
                0x08007dd0      0x120 c:/ac6/systemworkbench/plugins/fr.ac6.mcu.externaltools.arm-none.win32_1.13.2.201703061525/tools/compiler/bin/../lib/gcc/arm-none-eabi/5.4.1/../../../../arm-none-eabi/lib/armv7-m\libc_nano.a(lib_a-mprec.o)
                0x08007dd0                __multiply
 .text.__pow5mult
                0x08007ef0       0x9c c:/ac6/systemworkbench/plugins/fr.ac6.mcu.externaltools.arm-none.win32_1.13.2.201703061525/tools/compiler/bin/../lib/gcc/arm-none-eabi/5.4.1/../../../../arm-none-eabi/lib/armv7-m\libc_nano.a(lib_a-mprec.o)
                0x08007ef0                __pow5mult
 .text.__lshift
                0x08007f8c       0xa2 c:/ac6/systemworkbench/plugins/fr.ac6.mcu.externaltools.arm-none.win32_1.13.2.201703061525/tools/compiler/bin/../lib/gcc/arm-none-eabi/5.4.1/../../../../arm-none-eabi/lib/armv7-m\libc_nano.a(lib_a-mprec.o)
                0x08007f8c                __lshift
 .text.__mcmp   0x0800802e       0x38 c:/ac6/systemworkbench/plugins/fr.ac6.mcu.externaltools.arm-none.win32_1.13.2.201703061525/tools/compiler/bin/../lib/gcc/arm-none-eabi/5.4.1/../../../../arm-none-eabi/lib/armv7-m\libc_nano.a(lib_a-mprec.o)
                0x0800802e                __mcmp
 .text.__mdiff  0x08008066       0xbe c:/ac6/systemworkbench/plugins/fr.ac6.mcu.externaltools.arm-none.win32_1.13.2.201703061525/tools/compiler/bin/../lib/gcc/arm-none-eabi/5.4.1/../../../../arm-none-eabi/lib/armv7-m\libc_nano.a(lib_a-mprec.o)
                0x08008066                __mdiff
 .text.__d2b    0x08008124       0x9c c:/ac6/systemworkbench/plugins/fr.ac6.mcu.externaltools.arm-none.win32_1.13.2.201703061525/tools/compiler/bin/../lib/gcc/arm-none-eabi/5.4.1/../../../../arm-none-eabi/lib/armv7-m\libc_nano.a(lib_a-mprec.o)
                0x08008124                __d2b
 .text._calloc_r
                0x080081c0       0x1c c:/ac6/systemworkbench/plugins/fr.ac6.mcu.externaltools.arm-none.win32_1.13.2.201703061525/tools/compiler/bin/../lib/gcc/arm-none-eabi/5.4.1/../../../../arm-none-eabi/lib/armv7-m\libc_nano.a(lib_a-nano-callocr.o)
                0x080081c0                _calloc_r
 .text._free_r  0x080081dc       0x98 c:/ac6/systemworkbench/plugins/fr.ac6.mcu.externaltools.arm-none.win32_1.13.2.201703061525/tools/compiler/bin/../lib/gcc/arm-none-eabi/5.4.1/../../../../arm-none-eabi/lib/armv7-m\libc_nano.a(lib_a-nano-freer.o)
                0x080081dc                _free_r
 .text._malloc_r
                0x08008274       0xbc c:/ac6/systemworkbench/plugins/fr.ac6.mcu.externaltools.arm-none.win32_1.13.2.201703061525/tools/compiler/bin/../lib/gcc/arm-none-eabi/5.4.1/../../../../arm-none-eabi/lib/armv7-m\libc_nano.a(lib_a-nano-mallocr.o)
                0x08008274                _malloc_r
 .text.__ssputs_r
                0x08008330       0xb2 c:/ac6/systemworkbench/plugins/fr.ac6.mcu.externaltools.arm-none.win32_1.13.2.201703061525/tools/compiler/bin/../lib/gcc/arm-none-eabi/5.4.1/../../../../arm-none-eabi/lib/armv7-m\libc_nano.a(lib_a-nano-svfprintf.o)
                0x08008330                __ssputs_r
 *fill*         0x080083e2        0x2 
 .text._svfprintf_r
                0x080083e4      0x1e8 c:/ac6/systemworkbench/plugins/fr.ac6.mcu.externaltools.arm-none.win32_1.13.2.201703061525/tools/compiler/bin/../lib/gcc/arm-none-eabi/5.4.1/../../../../arm-none-eabi/lib/armv7-m\libc_nano.a(lib_a-nano-svfprintf.o)
                0x080083e4                _svfiprintf_r
                0x080083e4                _svfprintf_r
 .text._sbrk_r  0x080085cc       0x20 c:/ac6/systemworkbench/plugins/fr.ac6.mcu.externaltools.arm-none.win32_1.13.2.201703061525/tools/compiler/bin/../lib/gcc/arm-none-eabi/5.4.1/../../../../arm-none-eabi/lib/armv7-m\libc_nano.a(lib_a-sbrkr.o)
                0x080085cc                _sbrk_r
 .text.__ascii_mbtowc
                0x080085ec       0x24 c:/ac6/systemworkbench/plugins/fr.ac6.mcu.externaltools.arm-none.win32_1.13.2.201703061525/tools/compiler/bin/../lib/gcc/arm-none-eabi/5.4.1/../../../../arm-none-eabi/lib/armv7-m\libc_nano.a(lib_a-mbtowc_r.o)
                0x080085ec                __ascii_mbtowc
 .text.memmove  0x08008610       0x36 c:/ac6/systemworkbench/plugins/fr.ac6.mcu.externaltools.arm-none.win32_1.13.2.201703061525/tools/compiler/bin/../lib/gcc/arm-none-eabi/5.4.1/../../../../arm-none-eabi/lib/armv7-m\libc_nano.a(lib_a-memmove.o)
                0x08008610                memmove
 .text.__malloc_lock
                0x08008646        0x2 c:/ac6/systemworkbench/plugins/fr.ac6.mcu.externaltools.arm-none.win32_1.13.2.201703061525/tools/compiler/bin/../lib/gcc/arm-none-eabi/5.4.1/../../../../arm-none-eabi/lib/armv7-m\libc_nano.a(lib_a-mlock.o)
                0x08008646                __malloc_lock
 .text.__malloc_unlock
                0x08008648        0x2 c:/ac6/systemworkbench/plugins/fr.ac6.mcu.externaltools.arm-none.win32_1.13.2.201703061525/tools/compiler/bin/../lib/gcc/arm-none-eabi/5.4.1/../../../../arm-none-eabi/lib/armv7-m\libc_nano.a(lib_a-mlock.o)
                0x08008648                __malloc_unlock
 .text._realloc_r
                0x0800864a       0x4c c:/ac6/systemworkbench/plugins/fr.ac6.mcu.externaltools.arm-none.win32_1.13.2.201703061525/tools/compiler/bin/../lib/gcc/arm-none-eabi/5.4.1/../../../../arm-none-eabi/lib/armv7-m\libc_nano.a(lib_a-nano-reallocr.o)
                0x0800864a                _realloc_r
 .text.__ascii_wctomb
                0x08008696       0x1a c:/ac6/systemworkbench/plugins/fr.ac6.mcu.externaltools.arm-none.win32_1.13.2.201703061525/tools/compiler/bin/../lib/gcc/arm-none-eabi/5.4.1/../../../../arm-none-eabi/lib/armv7-m\libc_nano.a(lib_a-wctomb_r.o)
                0x08008696                __ascii_wctomb
 .text._malloc_usable_size_r
                0x080086b0       0x14 c:/ac6/systemworkbench/plugins/fr.ac6.mcu.externaltools.arm-none.win32_1.13.2.201703061525/tools/compiler/bin/../lib/gcc/arm-none-eabi/5.4.1/../../../../arm-none-eabi/lib/armv7-m\libc_nano.a(lib_a-nano-msizer.o)
                0x080086b0                _malloc_usable_size_r
 .text._sbrk    0x080086c4       0x1c c:/ac6/systemworkbench/plugins/fr.ac6.mcu.externaltools.arm-none.win32_1.13.2.201703061525/tools/compiler/bin/../lib/gcc/arm-none-eabi/5.4.1/../../../../arm-none-eabi/lib/armv7-m\libnosys.a(sbrk.o)
                0x080086c4                _sbrk
 *(.glue_7)
 .glue_7        0x080086e0        0x0 linker stubs
 *(.glue_7t)
 .glue_7t       0x080086e0        0x0 linker stubs
 *(.eh_frame)
 .eh_frame      0x080086e0        0x0 c:/ac6/systemworkbench/plugins/fr.ac6.mcu.externaltools.arm-none.win32_1.13.2.201703061525/tools/compiler/bin/../lib/gcc/arm-none-eabi/5.4.1/armv7-m/crtbegin.o
 *(.init)
 .init          0x080086e0        0x4 c:/ac6/systemworkbench/plugins/fr.ac6.mcu.externaltools.arm-none.win32_1.13.2.201703061525/tools/compiler/bin/../lib/gcc/arm-none-eabi/5.4.1/armv7-m/crti.o
                0x080086e0                _init
 .init          0x080086e4        0x8 c:/ac6/systemworkbench/plugins/fr.ac6.mcu.externaltools.arm-none.win32_1.13.2.201703061525/tools/compiler/bin/../lib/gcc/arm-none-eabi/5.4.1/armv7-m/crtn.o
 *(.fini)
 .fini          0x080086ec        0x4 c:/ac6/systemworkbench/plugins/fr.ac6.mcu.externaltools.arm-none.win32_1.13.2.201703061525/tools/compiler/bin/../lib/gcc/arm-none-eabi/5.4.1/armv7-m/crti.o
                0x080086ec                _fini
 .fini          0x080086f0        0x8 c:/ac6/systemworkbench/plugins/fr.ac6.mcu.externaltools.arm-none.win32_1.13.2.201703061525/tools/compiler/bin/../lib/gcc/arm-none-eabi/5.4.1/armv7-m/crtn.o
                0x080086f8                . = ALIGN (0x4)
                0x080086f8                _etext = .

.vfp11_veneer   0x080086f8        0x0
 .vfp11_veneer  0x080086f8        0x0 linker stubs

.v4_bx          0x080086f8        0x0
 .v4_bx         0x080086f8        0x0 linker stubs

.iplt           0x080086f8        0x0
 .iplt          0x080086f8        0x0 c:/ac6/systemworkbench/plugins/fr.ac6.mcu.externaltools.arm-none.win32_1.13.2.201703061525/tools/compiler/bin/../lib/gcc/arm-none-eabi/5.4.1/armv7-m/crtbegin.o

.rodata         0x080086f8      0xc70
                0x080086f8                . = ALIGN (0x4)
 *(.rodata)
 .rodata        0x080086f8       0x12 Drivers/STM32F1xx_HAL_Driver/Src/stm32f1xx_hal_rcc.o
 *fill*         0x0800870a        0x2 
 .rodata        0x0800870c       0x12 Drivers/STM32F1xx_HAL_Driver/Src/stm32f1xx_hal_rcc_ex.o
 *fill*         0x0800871e        0x2 
 .rodata        0x08008720      0x500 Src/gfxfont.o
                0x08008720                defFont
 .rodata        0x08008c20      0x400 Src/main.o
                0x08008c20                logo_bitmap
 .rodata        0x08009020       0x10 Src/ssd1306.o
 .rodata        0x08009030       0x18 Src/system_stm32f1xx.o
                0x08009030                AHBPrescTable
                0x08009040                APBPrescTable
 *(.rodata*)
 .rodata.str1.4
                0x08009048       0x69 Src/main.o
 *fill*         0x080090b1        0x3 
 .rodata.str1.4
                0x080090b4       0x58 Src/usbd_desc.o
                                 0x56 (size before relaxing)
 .rodata.str1.1
                0x0800910c       0x12 c:/ac6/systemworkbench/plugins/fr.ac6.mcu.externaltools.arm-none.win32_1.13.2.201703061525/tools/compiler/bin/../lib/gcc/arm-none-eabi/5.4.1/../../../../arm-none-eabi/lib/armv7-m\libc_nano.a(lib_a-nano-vfprintf_float.o)
 .rodata.str1.1
                0x0800911e       0x22 c:/ac6/systemworkbench/plugins/fr.ac6.mcu.externaltools.arm-none.win32_1.13.2.201703061525/tools/compiler/bin/../lib/gcc/arm-none-eabi/5.4.1/../../../../arm-none-eabi/lib/armv7-m\libc_nano.a(lib_a-nano-vfprintf_i.o)
 .rodata.str1.1
                0x08009140        0xd c:/ac6/systemworkbench/plugins/fr.ac6.mcu.externaltools.arm-none.win32_1.13.2.201703061525/tools/compiler/bin/../lib/gcc/arm-none-eabi/5.4.1/../../../../arm-none-eabi/lib/armv7-m\libc_nano.a(lib_a-dtoa.o)
                                  0xf (size before relaxing)
 *fill*         0x0800914d        0x3 
 .rodata.__mprec_tens
                0x08009150       0xc8 c:/ac6/systemworkbench/plugins/fr.ac6.mcu.externaltools.arm-none.win32_1.13.2.201703061525/tools/compiler/bin/../lib/gcc/arm-none-eabi/5.4.1/../../../../arm-none-eabi/lib/armv7-m\libc_nano.a(lib_a-mprec.o)
                0x08009150                __mprec_tens
 .rodata.__mprec_bigtens
                0x08009218       0x28 c:/ac6/systemworkbench/plugins/fr.ac6.mcu.externaltools.arm-none.win32_1.13.2.201703061525/tools/compiler/bin/../lib/gcc/arm-none-eabi/5.4.1/../../../../arm-none-eabi/lib/armv7-m\libc_nano.a(lib_a-mprec.o)
                0x08009218                __mprec_bigtens
 .rodata.p05.6097
                0x08009240        0xc c:/ac6/systemworkbench/plugins/fr.ac6.mcu.externaltools.arm-none.win32_1.13.2.201703061525/tools/compiler/bin/../lib/gcc/arm-none-eabi/5.4.1/../../../../arm-none-eabi/lib/armv7-m\libc_nano.a(lib_a-mprec.o)
 .rodata.str1.1
                0x0800924c       0x11 c:/ac6/systemworkbench/plugins/fr.ac6.mcu.externaltools.arm-none.win32_1.13.2.201703061525/tools/compiler/bin/../lib/gcc/arm-none-eabi/5.4.1/../../../../arm-none-eabi/lib/armv7-m\libc_nano.a(lib_a-nano-svfprintf.o)
 .rodata.str1.1
                0x0800925d        0xa c:/ac6/systemworkbench/plugins/fr.ac6.mcu.externaltools.arm-none.win32_1.13.2.201703061525/tools/compiler/bin/../lib/gcc/arm-none-eabi/5.4.1/../../../../arm-none-eabi/lib/armv7-m\libc_nano.a(lib_a-locale.o)
                                  0xb (size before relaxing)
 .rodata._ctype_
                0x08009267      0x101 c:/ac6/systemworkbench/plugins/fr.ac6.mcu.externaltools.arm-none.win32_1.13.2.201703061525/tools/compiler/bin/../lib/gcc/arm-none-eabi/5.4.1/../../../../arm-none-eabi/lib/armv7-m\libc_nano.a(lib_a-ctype_.o)
                0x08009267                _ctype_
                0x08009368                . = ALIGN (0x4)

.rel.dyn        0x08009368        0x0
 .rel.iplt      0x08009368        0x0 c:/ac6/systemworkbench/plugins/fr.ac6.mcu.externaltools.arm-none.win32_1.13.2.201703061525/tools/compiler/bin/../lib/gcc/arm-none-eabi/5.4.1/armv7-m/crtbegin.o

.ARM.extab
 *(.ARM.extab* .gnu.linkonce.armextab.*)

.ARM            0x08009368        0x0
                0x08009368                __exidx_start = .
 *(.ARM.exidx*)
                0x08009368                __exidx_end = .

.preinit_array  0x08009368        0x0
                0x08009368                PROVIDE (__preinit_array_start, .)
 *(.preinit_array*)
                0x08009368                PROVIDE (__preinit_array_end, .)

.init_array     0x08009368        0x4
                0x08009368                PROVIDE (__init_array_start, .)
 *(SORT(.init_array.*))
 *(.init_array*)
 .init_array    0x08009368        0x4 c:/ac6/systemworkbench/plugins/fr.ac6.mcu.externaltools.arm-none.win32_1.13.2.201703061525/tools/compiler/bin/../lib/gcc/arm-none-eabi/5.4.1/armv7-m/crtbegin.o
                0x0800936c                PROVIDE (__init_array_end, .)

.fini_array     0x0800936c        0x4
                [!provide]                PROVIDE (__fini_array_start, .)
 *(SORT(.fini_array.*))
 *(.fini_array*)
 .fini_array    0x0800936c        0x4 c:/ac6/systemworkbench/plugins/fr.ac6.mcu.externaltools.arm-none.win32_1.13.2.201703061525/tools/compiler/bin/../lib/gcc/arm-none-eabi/5.4.1/armv7-m/crtbegin.o
                [!provide]                PROVIDE (__fini_array_end, .)
                0x08009370                _sidata = LOADADDR (.data)

.data           0x20000000      0x73c load address 0x08009370
                0x20000000                . = ALIGN (0x4)
                0x20000000                _sdata = .
 *(.data)
 .data          0x20000000      0x110 Middlewares/ST/STM32_USB_Device_Library/Class/CDC/Src/usbd_cdc.o
                0x20000000                USBD_CDC_CfgFSDesc
                0x20000044                USBD_CDC_CfgHSDesc
                0x20000088                USBD_CDC_OtherSpeedCfgDesc
                0x200000d8                USBD_CDC
 .data          0x20000110      0x411 Src/ssd1306.o
                0x20000110                width
                0x20000114                height
                0x20000118                WIDTH
                0x2000011c                HEIGHT
                0x20000120                framebuffer
 *fill*         0x20000521        0x3 
 .data          0x20000524        0x4 Src/system_stm32f1xx.o
                0x20000524                SystemCoreClock
 .data          0x20000528       0x10 Src/usbd_cdc_if.o
                0x20000528                USBD_Interface_fops_FS
 .data          0x20000538       0x34 Src/usbd_desc.o
                0x20000538                USBD_FS_DeviceDesc
                0x2000054c                USBD_LangIDDesc
                0x20000550                FS_Desc
 *(.data*)
 .data.impure_data
                0x2000056c       0x60 c:/ac6/systemworkbench/plugins/fr.ac6.mcu.externaltools.arm-none.win32_1.13.2.201703061525/tools/compiler/bin/../lib/gcc/arm-none-eabi/5.4.1/../../../../arm-none-eabi/lib/armv7-m\libc_nano.a(lib_a-impure.o)
 .data._impure_ptr
                0x200005cc        0x4 c:/ac6/systemworkbench/plugins/fr.ac6.mcu.externaltools.arm-none.win32_1.13.2.201703061525/tools/compiler/bin/../lib/gcc/arm-none-eabi/5.4.1/../../../../arm-none-eabi/lib/armv7-m\libc_nano.a(lib_a-impure.o)
                0x200005cc                _impure_ptr
 .data.__global_locale
                0x200005d0      0x16c c:/ac6/systemworkbench/plugins/fr.ac6.mcu.externaltools.arm-none.win32_1.13.2.201703061525/tools/compiler/bin/../lib/gcc/arm-none-eabi/5.4.1/../../../../arm-none-eabi/lib/armv7-m\libc_nano.a(lib_a-locale.o)
                0x200005d0                __global_locale
                0x2000073c                . = ALIGN (0x4)
                0x2000073c                _edata = .

.jcr            0x2000073c        0x0 load address 0x08009aac
 .jcr           0x2000073c        0x0 c:/ac6/systemworkbench/plugins/fr.ac6.mcu.externaltools.arm-none.win32_1.13.2.201703061525/tools/compiler/bin/../lib/gcc/arm-none-eabi/5.4.1/armv7-m/crtbegin.o

.igot.plt       0x2000073c        0x0 load address 0x08009aac
 .igot.plt      0x2000073c        0x0 c:/ac6/systemworkbench/plugins/fr.ac6.mcu.externaltools.arm-none.win32_1.13.2.201703061525/tools/compiler/bin/../lib/gcc/arm-none-eabi/5.4.1/armv7-m/crtbegin.o
                0x2000073c                . = ALIGN (0x4)

.bss            0x2000073c      0xbb4 load address 0x08009aac
                0x2000073c                _sbss = .
                0x2000073c                __bss_start__ = _sbss
 *(.bss)
 .bss           0x2000073c       0x1c c:/ac6/systemworkbench/plugins/fr.ac6.mcu.externaltools.arm-none.win32_1.13.2.201703061525/tools/compiler/bin/../lib/gcc/arm-none-eabi/5.4.1/armv7-m/crtbegin.o
 .bss           0x20000758        0x4 Drivers/STM32F1xx_HAL_Driver/Src/stm32f1xx_hal.o
 .bss           0x2000075c        0x1 Drivers/STM32F1xx_HAL_Driver/Src/stm32f1xx_hal_spi_ex.o
                0x2000075c                uCRCErrorWorkaroundCheck
 .bss           0x2000075d        0x1 Middlewares/ST/STM32_USB_Device_Library/Class/CDC/Src/usbd_cdc.o
 .bss           0x2000075e        0x1 Middlewares/ST/STM32_USB_Device_Library/Core/Src/usbd_ctlreq.o
 .bss           0x2000075f        0x1 Src/ssd1306.o
                0x2000075f                vccstate
 .bss           0x20000760      0x220 Src/usbd_conf.o
 *(.bss*)
 .bss.__malloc_sbrk_start
                0x20000980        0x4 c:/ac6/systemworkbench/plugins/fr.ac6.mcu.externaltools.arm-none.win32_1.13.2.201703061525/tools/compiler/bin/../lib/gcc/arm-none-eabi/5.4.1/../../../../arm-none-eabi/lib/armv7-m\libc_nano.a(lib_a-nano-mallocr.o)
                0x20000980                __malloc_sbrk_start
 .bss.__malloc_free_list
                0x20000984        0x4 c:/ac6/systemworkbench/plugins/fr.ac6.mcu.externaltools.arm-none.win32_1.13.2.201703061525/tools/compiler/bin/../lib/gcc/arm-none-eabi/5.4.1/../../../../arm-none-eabi/lib/armv7-m\libc_nano.a(lib_a-nano-mallocr.o)
                0x20000984                __malloc_free_list
 .bss.heap_end.4167
                0x20000988        0x4 c:/ac6/systemworkbench/plugins/fr.ac6.mcu.externaltools.arm-none.win32_1.13.2.201703061525/tools/compiler/bin/../lib/gcc/arm-none-eabi/5.4.1/../../../../arm-none-eabi/lib/armv7-m\libnosys.a(sbrk.o)
 *(COMMON)
 COMMON         0x2000098c       0x1c Src/Adafruit_GFX.o
                0x2000098c                cursor_y
                0x20000990                gfxFont
                0x20000994                _cp437
                0x20000998                _width
                0x2000099a                cursor_x
                0x2000099c                wrap
                0x200009a0                textsize
                0x200009a2                _height
                0x200009a4                textbgcolor
                0x200009a6                textcolor
 COMMON         0x200009a8       0x30 Src/adc.o
                0x200009a8                hadc1
 COMMON         0x200009d8        0x8 Src/crc.o
                0x200009d8                hcrc
 COMMON         0x200009e0       0x3c Src/i2c.o
                0x200009e0                hi2c1
 COMMON         0x20000a1c       0x10 Src/iwdg.o
                0x20000a1c                hiwdg
 COMMON         0x20000a2c       0x14 Src/rtc.o
                0x20000a2c                hrtc
 COMMON         0x20000a40       0x58 Src/spi.o
                0x20000a40                hspi1
 COMMON         0x20000a98        0x8 Src/ssd1306.o
                0x20000a98                i2caddr
                0x20000a9c                rotation
 COMMON         0x20000aa0      0x224 Src/usb_device.o
                0x20000aa0                hUsbDeviceFS
 COMMON         0x20000cc4        0x8 Src/usbd_cdc_if.o
                0x20000cc4                UserRxBufferFS
                0x20000cc8                UserTxBufferFS
 COMMON         0x20000ccc      0x420 Src/usbd_conf.o
                0x20000ccc                hpcd_USB_FS
 COMMON         0x200010ec      0x200 Src/usbd_desc.o
                0x200010ec                USBD_StrDesc
 COMMON         0x200012ec        0x4 c:/ac6/systemworkbench/plugins/fr.ac6.mcu.externaltools.arm-none.win32_1.13.2.201703061525/tools/compiler/bin/../lib/gcc/arm-none-eabi/5.4.1/../../../../arm-none-eabi/lib/armv7-m\libc_nano.a(lib_a-reent.o)
                0x200012ec                errno
                0x200012f0                . = ALIGN (0x4)
                0x200012f0                _ebss = .
                0x200012f0                __bss_end__ = _ebss

._user_heap_stack
                0x200012f0      0x600 load address 0x08009aac
                0x200012f0                . = ALIGN (0x8)
                0x200012f0                PROVIDE (end, .)
                [!provide]                PROVIDE (_end, .)
                0x200014f0                . = (. + _Min_Heap_Size)
 *fill*         0x200012f0      0x200 
                0x200018f0                . = (. + _Min_Stack_Size)
 *fill*         0x200014f0      0x400 
                0x200018f0                . = ALIGN (0x8)

/DISCARD/
 libc.a(*)
 libm.a(*)
 libgcc.a(*)

.ARM.attributes
                0x00000000       0x29
 *(.ARM.attributes)
 .ARM.attributes
                0x00000000       0x1d c:/ac6/systemworkbench/plugins/fr.ac6.mcu.externaltools.arm-none.win32_1.13.2.201703061525/tools/compiler/bin/../lib/gcc/arm-none-eabi/5.4.1/armv7-m/crti.o
 .ARM.attributes
                0x0000001d       0x2d c:/ac6/systemworkbench/plugins/fr.ac6.mcu.externaltools.arm-none.win32_1.13.2.201703061525/tools/compiler/bin/../lib/gcc/arm-none-eabi/5.4.1/armv7-m/crtbegin.o
 .ARM.attributes
                0x0000004a       0x33 Drivers/STM32F1xx_HAL_Driver/Src/stm32f1xx_hal.o
 .ARM.attributes
                0x0000007d       0x33 Drivers/STM32F1xx_HAL_Driver/Src/stm32f1xx_hal_adc.o
 .ARM.attributes
                0x000000b0       0x33 Drivers/STM32F1xx_HAL_Driver/Src/stm32f1xx_hal_cortex.o
 .ARM.attributes
                0x000000e3       0x33 Drivers/STM32F1xx_HAL_Driver/Src/stm32f1xx_hal_crc.o
 .ARM.attributes
                0x00000116       0x33 Drivers/STM32F1xx_HAL_Driver/Src/stm32f1xx_hal_gpio.o
 .ARM.attributes
                0x00000149       0x33 Drivers/STM32F1xx_HAL_Driver/Src/stm32f1xx_hal_i2c.o
 .ARM.attributes
                0x0000017c       0x33 Drivers/STM32F1xx_HAL_Driver/Src/stm32f1xx_hal_iwdg.o
 .ARM.attributes
                0x000001af       0x33 Drivers/STM32F1xx_HAL_Driver/Src/stm32f1xx_hal_pcd.o
 .ARM.attributes
                0x000001e2       0x33 Drivers/STM32F1xx_HAL_Driver/Src/stm32f1xx_hal_pcd_ex.o
 .ARM.attributes
                0x00000215       0x33 Drivers/STM32F1xx_HAL_Driver/Src/stm32f1xx_hal_pwr.o
 .ARM.attributes
                0x00000248       0x33 Drivers/STM32F1xx_HAL_Driver/Src/stm32f1xx_hal_rcc.o
 .ARM.attributes
                0x0000027b       0x33 Drivers/STM32F1xx_HAL_Driver/Src/stm32f1xx_hal_rcc_ex.o
 .ARM.attributes
                0x000002ae       0x33 Drivers/STM32F1xx_HAL_Driver/Src/stm32f1xx_hal_rtc.o
 .ARM.attributes
                0x000002e1       0x33 Drivers/STM32F1xx_HAL_Driver/Src/stm32f1xx_hal_rtc_ex.o
 .ARM.attributes
                0x00000314       0x33 Drivers/STM32F1xx_HAL_Driver/Src/stm32f1xx_hal_spi_ex.o
 .ARM.attributes
                0x00000347       0x33 Drivers/STM32F1xx_HAL_Driver/Src/stm32f1xx_ll_usb.o
 .ARM.attributes
                0x0000037a       0x33 Middlewares/ST/STM32_USB_Device_Library/Class/CDC/Src/usbd_cdc.o
 .ARM.attributes
                0x000003ad       0x33 Middlewares/ST/STM32_USB_Device_Library/Core/Src/usbd_core.o
 .ARM.attributes
                0x000003e0       0x33 Middlewares/ST/STM32_USB_Device_Library/Core/Src/usbd_ctlreq.o
 .ARM.attributes
                0x00000413       0x33 Middlewares/ST/STM32_USB_Device_Library/Core/Src/usbd_ioreq.o
 .ARM.attributes
                0x00000446       0x33 Src/Adafruit_GFX.o
 .ARM.attributes
                0x00000479       0x33 Src/adc.o
 .ARM.attributes
                0x000004ac       0x33 Src/crc.o
 .ARM.attributes
                0x000004df       0x33 Src/gfxfont.o
 .ARM.attributes
                0x00000512       0x33 Src/gpio.o
 .ARM.attributes
                0x00000545       0x33 Src/i2c.o
 .ARM.attributes
                0x00000578       0x33 Src/iwdg.o
 .ARM.attributes
                0x000005ab       0x33 Src/main.o
 .ARM.attributes
                0x000005de       0x33 Src/rtc.o
 .ARM.attributes
                0x00000611       0x33 Src/spi.o
 .ARM.attributes
                0x00000644       0x33 Src/ssd1306.o
 .ARM.attributes
                0x00000677       0x33 Src/stm32f1xx_hal_msp.o
 .ARM.attributes
                0x000006aa       0x33 Src/stm32f1xx_it.o
 .ARM.attributes
                0x000006dd       0x33 Src/system_stm32f1xx.o
 .ARM.attributes
                0x00000710       0x33 Src/usb_device.o
 .ARM.attributes
                0x00000743       0x33 Src/usbd_cdc_if.o
 .ARM.attributes
                0x00000776       0x33 Src/usbd_conf.o
 .ARM.attributes
                0x000007a9       0x33 Src/usbd_desc.o
 .ARM.attributes
                0x000007dc       0x21 startup/startup_stm32f103xb.o
 .ARM.attributes
                0x000007fd       0x1d c:/ac6/systemworkbench/plugins/fr.ac6.mcu.externaltools.arm-none.win32_1.13.2.201703061525/tools/compiler/bin/../lib/gcc/arm-none-eabi/5.4.1/armv7-m\libgcc.a(_arm_addsubdf3.o)
 .ARM.attributes
                0x0000081a       0x1d c:/ac6/systemworkbench/plugins/fr.ac6.mcu.externaltools.arm-none.win32_1.13.2.201703061525/tools/compiler/bin/../lib/gcc/arm-none-eabi/5.4.1/armv7-m\libgcc.a(_arm_addsubsf3.o)
 .ARM.attributes
                0x00000837       0x1d c:/ac6/systemworkbench/plugins/fr.ac6.mcu.externaltools.arm-none.win32_1.13.2.201703061525/tools/compiler/bin/../lib/gcc/arm-none-eabi/5.4.1/armv7-m\libgcc.a(_arm_muldivsf3.o)
 .ARM.attributes
                0x00000854       0x2d c:/ac6/systemworkbench/plugins/fr.ac6.mcu.externaltools.arm-none.win32_1.13.2.201703061525/tools/compiler/bin/../lib/gcc/arm-none-eabi/5.4.1/../../../../arm-none-eabi/lib/armv7-m\libc_nano.a(lib_a-impure.o)
 .ARM.attributes
                0x00000881       0x2d c:/ac6/systemworkbench/plugins/fr.ac6.mcu.externaltools.arm-none.win32_1.13.2.201703061525/tools/compiler/bin/../lib/gcc/arm-none-eabi/5.4.1/../../../../arm-none-eabi/lib/armv7-m\libc_nano.a(lib_a-init.o)
 .ARM.attributes
                0x000008ae       0x2d c:/ac6/systemworkbench/plugins/fr.ac6.mcu.externaltools.arm-none.win32_1.13.2.201703061525/tools/compiler/bin/../lib/gcc/arm-none-eabi/5.4.1/../../../../arm-none-eabi/lib/armv7-m\libc_nano.a(lib_a-memset.o)
 .ARM.attributes
                0x000008db       0x2d c:/ac6/systemworkbench/plugins/fr.ac6.mcu.externaltools.arm-none.win32_1.13.2.201703061525/tools/compiler/bin/../lib/gcc/arm-none-eabi/5.4.1/../../../../arm-none-eabi/lib/armv7-m\libc_nano.a(lib_a-nano-vfprintf_float.o)
 .ARM.attributes
                0x00000908       0x2d c:/ac6/systemworkbench/plugins/fr.ac6.mcu.externaltools.arm-none.win32_1.13.2.201703061525/tools/compiler/bin/../lib/gcc/arm-none-eabi/5.4.1/../../../../arm-none-eabi/lib/armv7-m\libc_nano.a(lib_a-nano-vfprintf_i.o)
 .ARM.attributes
                0x00000935       0x2d c:/ac6/systemworkbench/plugins/fr.ac6.mcu.externaltools.arm-none.win32_1.13.2.201703061525/tools/compiler/bin/../lib/gcc/arm-none-eabi/5.4.1/../../../../arm-none-eabi/lib/armv7-m\libc_nano.a(lib_a-sprintf.o)
 .ARM.attributes
                0x00000962       0x17 c:/ac6/systemworkbench/plugins/fr.ac6.mcu.externaltools.arm-none.win32_1.13.2.201703061525/tools/compiler/bin/../lib/gcc/arm-none-eabi/5.4.1/../../../../arm-none-eabi/lib/armv7-m\libc_nano.a(lib_a-strlen.o)
 .ARM.attributes
                0x00000979       0x2d c:/ac6/systemworkbench/plugins/fr.ac6.mcu.externaltools.arm-none.win32_1.13.2.201703061525/tools/compiler/bin/../lib/gcc/arm-none-eabi/5.4.1/../../../../arm-none-eabi/lib/armv7-m\libc_nano.a(lib_a-dtoa.o)
 .ARM.attributes
                0x000009a6       0x2d c:/ac6/systemworkbench/plugins/fr.ac6.mcu.externaltools.arm-none.win32_1.13.2.201703061525/tools/compiler/bin/../lib/gcc/arm-none-eabi/5.4.1/../../../../arm-none-eabi/lib/armv7-m\libc_nano.a(lib_a-localeconv.o)
 .ARM.attributes
                0x000009d3       0x2d c:/ac6/systemworkbench/plugins/fr.ac6.mcu.externaltools.arm-none.win32_1.13.2.201703061525/tools/compiler/bin/../lib/gcc/arm-none-eabi/5.4.1/../../../../arm-none-eabi/lib/armv7-m\libc_nano.a(lib_a-malloc.o)
 .ARM.attributes
                0x00000a00       0x2d c:/ac6/systemworkbench/plugins/fr.ac6.mcu.externaltools.arm-none.win32_1.13.2.201703061525/tools/compiler/bin/../lib/gcc/arm-none-eabi/5.4.1/../../../../arm-none-eabi/lib/armv7-m\libc_nano.a(lib_a-memchr-stub.o)
 .ARM.attributes
                0x00000a2d       0x2d c:/ac6/systemworkbench/plugins/fr.ac6.mcu.externaltools.arm-none.win32_1.13.2.201703061525/tools/compiler/bin/../lib/gcc/arm-none-eabi/5.4.1/../../../../arm-none-eabi/lib/armv7-m\libc_nano.a(lib_a-memcpy-stub.o)
 .ARM.attributes
                0x00000a5a       0x2d c:/ac6/systemworkbench/plugins/fr.ac6.mcu.externaltools.arm-none.win32_1.13.2.201703061525/tools/compiler/bin/../lib/gcc/arm-none-eabi/5.4.1/../../../../arm-none-eabi/lib/armv7-m\libc_nano.a(lib_a-mprec.o)
 .ARM.attributes
                0x00000a87       0x2d c:/ac6/systemworkbench/plugins/fr.ac6.mcu.externaltools.arm-none.win32_1.13.2.201703061525/tools/compiler/bin/../lib/gcc/arm-none-eabi/5.4.1/../../../../arm-none-eabi/lib/armv7-m\libc_nano.a(lib_a-nano-callocr.o)
 .ARM.attributes
                0x00000ab4       0x2d c:/ac6/systemworkbench/plugins/fr.ac6.mcu.externaltools.arm-none.win32_1.13.2.201703061525/tools/compiler/bin/../lib/gcc/arm-none-eabi/5.4.1/../../../../arm-none-eabi/lib/armv7-m\libc_nano.a(lib_a-nano-freer.o)
 .ARM.attributes
                0x00000ae1       0x2d c:/ac6/systemworkbench/plugins/fr.ac6.mcu.externaltools.arm-none.win32_1.13.2.201703061525/tools/compiler/bin/../lib/gcc/arm-none-eabi/5.4.1/../../../../arm-none-eabi/lib/armv7-m\libc_nano.a(lib_a-nano-mallocr.o)
 .ARM.attributes
                0x00000b0e       0x2d c:/ac6/systemworkbench/plugins/fr.ac6.mcu.externaltools.arm-none.win32_1.13.2.201703061525/tools/compiler/bin/../lib/gcc/arm-none-eabi/5.4.1/../../../../arm-none-eabi/lib/armv7-m\libc_nano.a(lib_a-nano-svfprintf.o)
 .ARM.attributes
                0x00000b3b       0x2d c:/ac6/systemworkbench/plugins/fr.ac6.mcu.externaltools.arm-none.win32_1.13.2.201703061525/tools/compiler/bin/../lib/gcc/arm-none-eabi/5.4.1/../../../../arm-none-eabi/lib/armv7-m\libc_nano.a(lib_a-sbrkr.o)
 .ARM.attributes
                0x00000b68       0x2d c:/ac6/systemworkbench/plugins/fr.ac6.mcu.externaltools.arm-none.win32_1.13.2.201703061525/tools/compiler/bin/../lib/gcc/arm-none-eabi/5.4.1/../../../../arm-none-eabi/lib/armv7-m\libc_nano.a(lib_a-locale.o)
 .ARM.attributes
                0x00000b95       0x2d c:/ac6/systemworkbench/plugins/fr.ac6.mcu.externaltools.arm-none.win32_1.13.2.201703061525/tools/compiler/bin/../lib/gcc/arm-none-eabi/5.4.1/../../../../arm-none-eabi/lib/armv7-m\libc_nano.a(lib_a-mbtowc_r.o)
 .ARM.attributes
                0x00000bc2       0x2d c:/ac6/systemworkbench/plugins/fr.ac6.mcu.externaltools.arm-none.win32_1.13.2.201703061525/tools/compiler/bin/../lib/gcc/arm-none-eabi/5.4.1/../../../../arm-none-eabi/lib/armv7-m\libc_nano.a(lib_a-memmove.o)
 .ARM.attributes
                0x00000bef       0x2d c:/ac6/systemworkbench/plugins/fr.ac6.mcu.externaltools.arm-none.win32_1.13.2.201703061525/tools/compiler/bin/../lib/gcc/arm-none-eabi/5.4.1/../../../../arm-none-eabi/lib/armv7-m\libc_nano.a(lib_a-mlock.o)
 .ARM.attributes
                0x00000c1c       0x2d c:/ac6/systemworkbench/plugins/fr.ac6.mcu.externaltools.arm-none.win32_1.13.2.201703061525/tools/compiler/bin/../lib/gcc/arm-none-eabi/5.4.1/../../../../arm-none-eabi/lib/armv7-m\libc_nano.a(lib_a-nano-reallocr.o)
 .ARM.attributes
                0x00000c49       0x2d c:/ac6/systemworkbench/plugins/fr.ac6.mcu.externaltools.arm-none.win32_1.13.2.201703061525/tools/compiler/bin/../lib/gcc/arm-none-eabi/5.4.1/../../../../arm-none-eabi/lib/armv7-m\libc_nano.a(lib_a-reent.o)
 .ARM.attributes
                0x00000c76       0x2d c:/ac6/systemworkbench/plugins/fr.ac6.mcu.externaltools.arm-none.win32_1.13.2.201703061525/tools/compiler/bin/../lib/gcc/arm-none-eabi/5.4.1/../../../../arm-none-eabi/lib/armv7-m\libc_nano.a(lib_a-wctomb_r.o)
 .ARM.attributes
                0x00000ca3       0x2d c:/ac6/systemworkbench/plugins/fr.ac6.mcu.externaltools.arm-none.win32_1.13.2.201703061525/tools/compiler/bin/../lib/gcc/arm-none-eabi/5.4.1/../../../../arm-none-eabi/lib/armv7-m\libc_nano.a(lib_a-ctype_.o)
 .ARM.attributes
                0x00000cd0       0x2d c:/ac6/systemworkbench/plugins/fr.ac6.mcu.externaltools.arm-none.win32_1.13.2.201703061525/tools/compiler/bin/../lib/gcc/arm-none-eabi/5.4.1/../../../../arm-none-eabi/lib/armv7-m\libc_nano.a(lib_a-nano-msizer.o)
 .ARM.attributes
                0x00000cfd       0x1d c:/ac6/systemworkbench/plugins/fr.ac6.mcu.externaltools.arm-none.win32_1.13.2.201703061525/tools/compiler/bin/../lib/gcc/arm-none-eabi/5.4.1/armv7-m\libgcc.a(_arm_muldivdf3.o)
 .ARM.attributes
                0x00000d1a       0x1d c:/ac6/systemworkbench/plugins/fr.ac6.mcu.externaltools.arm-none.win32_1.13.2.201703061525/tools/compiler/bin/../lib/gcc/arm-none-eabi/5.4.1/armv7-m\libgcc.a(_arm_cmpdf2.o)
 .ARM.attributes
                0x00000d37       0x1d c:/ac6/systemworkbench/plugins/fr.ac6.mcu.externaltools.arm-none.win32_1.13.2.201703061525/tools/compiler/bin/../lib/gcc/arm-none-eabi/5.4.1/armv7-m\libgcc.a(_arm_unorddf2.o)
 .ARM.attributes
                0x00000d54       0x1d c:/ac6/systemworkbench/plugins/fr.ac6.mcu.externaltools.arm-none.win32_1.13.2.201703061525/tools/compiler/bin/../lib/gcc/arm-none-eabi/5.4.1/armv7-m\libgcc.a(_arm_fixdfsi.o)
 .ARM.attributes
                0x00000d71       0x2d c:/ac6/systemworkbench/plugins/fr.ac6.mcu.externaltools.arm-none.win32_1.13.2.201703061525/tools/compiler/bin/../lib/gcc/arm-none-eabi/5.4.1/../../../../arm-none-eabi/lib/armv7-m\libnosys.a(sbrk.o)
 .ARM.attributes
                0x00000d9e       0x1d c:/ac6/systemworkbench/plugins/fr.ac6.mcu.externaltools.arm-none.win32_1.13.2.201703061525/tools/compiler/bin/../lib/gcc/arm-none-eabi/5.4.1/armv7-m/crtn.o
OUTPUT(adf7030_test_hsi.elf elf32-littlearm)

.debug_info     0x00000000    0x1910f
 .debug_info    0x00000000      0x699 Drivers/STM32F1xx_HAL_Driver/Src/stm32f1xx_hal.o
 .debug_info    0x00000699      0xfdc Drivers/STM32F1xx_HAL_Driver/Src/stm32f1xx_hal_adc.o
 .debug_info    0x00001675      0xc33 Drivers/STM32F1xx_HAL_Driver/Src/stm32f1xx_hal_cortex.o
 .debug_info    0x000022a8      0x3b2 Drivers/STM32F1xx_HAL_Driver/Src/stm32f1xx_hal_crc.o
 .debug_info    0x0000265a      0x608 Drivers/STM32F1xx_HAL_Driver/Src/stm32f1xx_hal_gpio.o
 .debug_info    0x00002c62     0x2aba Drivers/STM32F1xx_HAL_Driver/Src/stm32f1xx_hal_i2c.o
 .debug_info    0x0000571c      0x33b Drivers/STM32F1xx_HAL_Driver/Src/stm32f1xx_hal_iwdg.o
 .debug_info    0x00005a57     0x1186 Drivers/STM32F1xx_HAL_Driver/Src/stm32f1xx_hal_pcd.o
 .debug_info    0x00006bdd      0x5a9 Drivers/STM32F1xx_HAL_Driver/Src/stm32f1xx_hal_pcd_ex.o
 .debug_info    0x00007186      0x7b3 Drivers/STM32F1xx_HAL_Driver/Src/stm32f1xx_hal_pwr.o
 .debug_info    0x00007939     0x12ab Drivers/STM32F1xx_HAL_Driver/Src/stm32f1xx_hal_rcc.o
 .debug_info    0x00008be4      0x587 Drivers/STM32F1xx_HAL_Driver/Src/stm32f1xx_hal_rcc_ex.o
 .debug_info    0x0000916b     0x113d Drivers/STM32F1xx_HAL_Driver/Src/stm32f1xx_hal_rtc.o
 .debug_info    0x0000a2a8      0x730 Drivers/STM32F1xx_HAL_Driver/Src/stm32f1xx_hal_rtc_ex.o
 .debug_info    0x0000a9d8      0x5ad Drivers/STM32F1xx_HAL_Driver/Src/stm32f1xx_hal_spi_ex.o
 .debug_info    0x0000af85      0xeed Drivers/STM32F1xx_HAL_Driver/Src/stm32f1xx_ll_usb.o
 .debug_info    0x0000be72      0xd07 Middlewares/ST/STM32_USB_Device_Library/Class/CDC/Src/usbd_cdc.o
 .debug_info    0x0000cb79      0xc42 Middlewares/ST/STM32_USB_Device_Library/Core/Src/usbd_core.o
 .debug_info    0x0000d7bb      0xdfb Middlewares/ST/STM32_USB_Device_Library/Core/Src/usbd_ctlreq.o
 .debug_info    0x0000e5b6      0x765 Middlewares/ST/STM32_USB_Device_Library/Core/Src/usbd_ioreq.o
 .debug_info    0x0000ed1b     0x1e3e Src/Adafruit_GFX.o
 .debug_info    0x00010b59      0x65d Src/adc.o
 .debug_info    0x000111b6      0x367 Src/crc.o
 .debug_info    0x0001151d       0x5c Src/gfxfont.o
 .debug_info    0x00011579      0x3c9 Src/gpio.o
 .debug_info    0x00011942      0x764 Src/i2c.o
 .debug_info    0x000120a6      0x27b Src/iwdg.o
 .debug_info    0x00012321     0x13dd Src/main.o
 .debug_info    0x000136fe      0x5df Src/rtc.o
 .debug_info    0x00013cdd      0x7a2 Src/spi.o
 .debug_info    0x0001447f     0x134d Src/ssd1306.o
 .debug_info    0x000157cc      0x43a Src/stm32f1xx_hal_msp.o
 .debug_info    0x00015c06      0x5d7 Src/stm32f1xx_it.o
 .debug_info    0x000161dd      0x3eb Src/system_stm32f1xx.o
 .debug_info    0x000165c8      0x616 Src/usb_device.o
 .debug_info    0x00016bde      0x827 Src/usbd_cdc_if.o
 .debug_info    0x00017405     0x17df Src/usbd_conf.o
 .debug_info    0x00018be4      0x4c6 Src/usbd_desc.o
 .debug_info    0x000190aa       0x65 startup/startup_stm32f103xb.o

.debug_abbrev   0x00000000     0x4590
 .debug_abbrev  0x00000000      0x21f Drivers/STM32F1xx_HAL_Driver/Src/stm32f1xx_hal.o
 .debug_abbrev  0x0000021f      0x248 Drivers/STM32F1xx_HAL_Driver/Src/stm32f1xx_hal_adc.o
 .debug_abbrev  0x00000467      0x2bd Drivers/STM32F1xx_HAL_Driver/Src/stm32f1xx_hal_cortex.o
 .debug_abbrev  0x00000724      0x18a Drivers/STM32F1xx_HAL_Driver/Src/stm32f1xx_hal_crc.o
 .debug_abbrev  0x000008ae      0x1cd Drivers/STM32F1xx_HAL_Driver/Src/stm32f1xx_hal_gpio.o
 .debug_abbrev  0x00000a7b      0x21b Drivers/STM32F1xx_HAL_Driver/Src/stm32f1xx_hal_i2c.o
 .debug_abbrev  0x00000c96      0x182 Drivers/STM32F1xx_HAL_Driver/Src/stm32f1xx_hal_iwdg.o
 .debug_abbrev  0x00000e18      0x28c Drivers/STM32F1xx_HAL_Driver/Src/stm32f1xx_hal_pcd.o
 .debug_abbrev  0x000010a4      0x16e Drivers/STM32F1xx_HAL_Driver/Src/stm32f1xx_hal_pcd_ex.o
 .debug_abbrev  0x00001212      0x20e Drivers/STM32F1xx_HAL_Driver/Src/stm32f1xx_hal_pwr.o
 .debug_abbrev  0x00001420      0x287 Drivers/STM32F1xx_HAL_Driver/Src/stm32f1xx_hal_rcc.o
 .debug_abbrev  0x000016a7      0x217 Drivers/STM32F1xx_HAL_Driver/Src/stm32f1xx_hal_rcc_ex.o
 .debug_abbrev  0x000018be      0x20c Drivers/STM32F1xx_HAL_Driver/Src/stm32f1xx_hal_rtc.o
 .debug_abbrev  0x00001aca      0x1d6 Drivers/STM32F1xx_HAL_Driver/Src/stm32f1xx_hal_rtc_ex.o
 .debug_abbrev  0x00001ca0      0x160 Drivers/STM32F1xx_HAL_Driver/Src/stm32f1xx_hal_spi_ex.o
 .debug_abbrev  0x00001e00      0x1c6 Drivers/STM32F1xx_HAL_Driver/Src/stm32f1xx_ll_usb.o
 .debug_abbrev  0x00001fc6      0x24a Middlewares/ST/STM32_USB_Device_Library/Class/CDC/Src/usbd_cdc.o
 .debug_abbrev  0x00002210      0x1ef Middlewares/ST/STM32_USB_Device_Library/Core/Src/usbd_core.o
 .debug_abbrev  0x000023ff      0x26c Middlewares/ST/STM32_USB_Device_Library/Core/Src/usbd_ctlreq.o
 .debug_abbrev  0x0000266b      0x158 Middlewares/ST/STM32_USB_Device_Library/Core/Src/usbd_ioreq.o
 .debug_abbrev  0x000027c3      0x247 Src/Adafruit_GFX.o
 .debug_abbrev  0x00002a0a      0x194 Src/adc.o
 .debug_abbrev  0x00002b9e      0x14e Src/crc.o
 .debug_abbrev  0x00002cec       0x48 Src/gfxfont.o
 .debug_abbrev  0x00002d34      0x136 Src/gpio.o
 .debug_abbrev  0x00002e6a      0x1a1 Src/i2c.o
 .debug_abbrev  0x0000300b      0x118 Src/iwdg.o
 .debug_abbrev  0x00003123      0x255 Src/main.o
 .debug_abbrev  0x00003378      0x1e1 Src/rtc.o
 .debug_abbrev  0x00003559      0x1a1 Src/spi.o
 .debug_abbrev  0x000036fa      0x347 Src/ssd1306.o
 .debug_abbrev  0x00003a41      0x126 Src/stm32f1xx_hal_msp.o
 .debug_abbrev  0x00003b67      0x185 Src/stm32f1xx_it.o
 .debug_abbrev  0x00003cec      0x125 Src/system_stm32f1xx.o
 .debug_abbrev  0x00003e11      0x170 Src/usb_device.o
 .debug_abbrev  0x00003f81      0x207 Src/usbd_cdc_if.o
 .debug_abbrev  0x00004188      0x28f Src/usbd_conf.o
 .debug_abbrev  0x00004417      0x167 Src/usbd_desc.o
 .debug_abbrev  0x0000457e       0x12 startup/startup_stm32f103xb.o

.debug_loc      0x00000000     0xd408
 .debug_loc     0x00000000       0x81 Drivers/STM32F1xx_HAL_Driver/Src/stm32f1xx_hal.o
 .debug_loc     0x00000081      0x9d6 Drivers/STM32F1xx_HAL_Driver/Src/stm32f1xx_hal_adc.o
 .debug_loc     0x00000a57      0x527 Drivers/STM32F1xx_HAL_Driver/Src/stm32f1xx_hal_cortex.o
 .debug_loc     0x00000f7e      0x159 Drivers/STM32F1xx_HAL_Driver/Src/stm32f1xx_hal_crc.o
 .debug_loc     0x000010d7      0x377 Drivers/STM32F1xx_HAL_Driver/Src/stm32f1xx_hal_gpio.o