Adafruit_GFX.c:81:5:Adafruit_GFX	16	static
Adafruit_GFX.c:97:6:drawCircle	40	static
Adafruit_GFX.c:131:6:drawCircleHelper	40	static
Adafruit_GFX.c:167:6:fillCircle	32	static
Adafruit_GFX.c:174:6:fillCircleHelper	40	static
Adafruit_GFX.c:205:6:drawLine	48	static
Adafruit_GFX.c:247:6:drawRect	24	static
Adafruit_GFX.c:267:6:fillRect	32	static
Adafruit_GFX.c:275:6:fillScreen	24	static
Adafruit_GFX.c:281:6:drawRoundRect	32	static
Adafruit_GFX.c:296:6:fillRoundRect	32	static
Adafruit_GFX.c:307:6:drawTriangle	32	static
Adafruit_GFX.c:315:6:fillTriangle	72	static
Adafruit_GFX.c:394:6:drawBitmap1	32	static
Adafruit_GFX.c:412:6:drawBitmap2	32	static
Adafruit_GFX.c:429:6:drawBitmap3	32	static
Adafruit_GFX.c:445:6:drawBitmap4	32	static
Adafruit_GFX.c:464:6:drawXBitmap	32	static
Adafruit_GFX.c:482:6:write	48	static
Adafruit_GFX.c:535:6:drawChar	64	static
Adafruit_GFX.c:624:6:setCursor	16	static
Adafruit_GFX.c:629:9:getCursorX	4	static
Adafruit_GFX.c:633:9:getCursorY	4	static
Adafruit_GFX.c:637:6:setTextSize	16	static
Adafruit_GFX.c:641:6:setTextColor1	16	static
Adafruit_GFX.c:647:6:setTextColor2	16	static
Adafruit_GFX.c:652:6:setTextWrap	16	static
Adafruit_GFX.c:656:9:getRotation	4	static
Adafruit_GFX.c:661:6:setRotation	16	static
Adafruit_GFX.c:684:6:cp437	16	static
Adafruit_GFX.c:688:6:setFont	16	static
Adafruit_GFX.c:704:6:getTextBounds	64	static
