ssd1306.c:54:6:begin	8	static
ssd1306.c:123:6:display	16	static
ssd1306.c:144:6:drawText	16	static
ssd1306.c:153:6:drawPixel	24	static
ssd1306.c:184:6:invertDisplay	16	static
ssd1306.c:192:6:ssd1306_command	32	static
ssd1306.c:207:6:startscrollright	16	static
ssd1306.c:222:6:startscrollleft	16	static
ssd1306.c:237:6:startscrolldiagright	16	static
ssd1306.c:254:6:startscrolldiagleft	16	static
ssd1306.c:267:6:stopscroll	8	static
ssd1306.c:274:6:dim	24	static
ssd1306.c:290:6:clearDisplay	8	static
ssd1306.c:295:6:drawFastHLine	32	static
ssd1306.c:330:6:drawFastHLineInternal	24	static
ssd1306.c:365:6:drawFastVLine	32	static
ssd1306.c:399:13:drawFastVLineInternal	32	static
ssd1306.c:513:5:getWidth	4	static
ssd1306.c:518:5:getHeight	4	static
